<?xml version="1.0"?>
<link_info>
   <banner>TMS320C2000 Linker PC v17.6.0.STS</banner>
   <copyright>Copyright (c) 1996-2017 Texas Instruments Incorporated</copyright>
   <link_time>0x5bef48b7</link_time>
   <link_errors>0x0</link_errors>
   <output_file>Lab9.out</output_file>
   <entry_point>
      <name>_c_int00</name>
      <address>0x8bcc7</address>
   </entry_point>
   <input_file_list>
      <input_file id="fl-2">
         <path>.\</path>
         <kind>object</kind>
         <file>F2837xS_Adc.obj</file>
         <name>F2837xS_Adc.obj</name>
      </input_file>
      <input_file id="fl-3">
         <path>.\</path>
         <kind>object</kind>
         <file>F2837xS_CodeStartBranch.obj</file>
         <name>F2837xS_CodeStartBranch.obj</name>
      </input_file>
      <input_file id="fl-4">
         <path>.\</path>
         <kind>object</kind>
         <file>F2837xS_EPwm.obj</file>
         <name>F2837xS_EPwm.obj</name>
      </input_file>
      <input_file id="fl-5">
         <path>.\</path>
         <kind>object</kind>
         <file>F2837xS_GlobalVariableDefs.obj</file>
         <name>F2837xS_GlobalVariableDefs.obj</name>
      </input_file>
      <input_file id="fl-6">
         <path>.\</path>
         <kind>object</kind>
         <file>F2837xS_Gpio.obj</file>
         <name>F2837xS_Gpio.obj</name>
      </input_file>
      <input_file id="fl-7">
         <path>.\</path>
         <kind>object</kind>
         <file>F2837xS_Spi.obj</file>
         <name>F2837xS_Spi.obj</name>
      </input_file>
      <input_file id="fl-8">
         <path>.\</path>
         <kind>object</kind>
         <file>F2837xS_SysCtrl.obj</file>
         <name>F2837xS_SysCtrl.obj</name>
      </input_file>
      <input_file id="fl-9">
         <path>.\</path>
         <kind>object</kind>
         <file>F2837xS_usDelay.obj</file>
         <name>F2837xS_usDelay.obj</name>
      </input_file>
      <input_file id="fl-a">
         <path>.\</path>
         <kind>object</kind>
         <file>f28377sADC.obj</file>
         <name>f28377sADC.obj</name>
      </input_file>
      <input_file id="fl-b">
         <path>.\</path>
         <kind>object</kind>
         <file>f28377sCoecsl.obj</file>
         <name>f28377sCoecsl.obj</name>
      </input_file>
      <input_file id="fl-c">
         <path>.\</path>
         <kind>object</kind>
         <file>f28377sDAC.obj</file>
         <name>f28377sDAC.obj</name>
      </input_file>
      <input_file id="fl-d">
         <path>.\</path>
         <kind>object</kind>
         <file>f28377sEPWM3A.obj</file>
         <name>f28377sEPWM3A.obj</name>
      </input_file>
      <input_file id="fl-e">
         <path>.\</path>
         <kind>object</kind>
         <file>f28377sEqep.obj</file>
         <name>f28377sEqep.obj</name>
      </input_file>
      <input_file id="fl-f">
         <path>.\</path>
         <kind>object</kind>
         <file>f28377sSerial.obj</file>
         <name>f28377sSerial.obj</name>
      </input_file>
      <input_file id="fl-10">
         <path>.\</path>
         <kind>object</kind>
         <file>lcd.obj</file>
         <name>lcd.obj</name>
      </input_file>
      <input_file id="fl-11">
         <path>.\</path>
         <kind>object</kind>
         <file>user_Lab9.obj</file>
         <name>user_Lab9.obj</name>
      </input_file>
      <input_file id="fl-13">
         <path>C:\ayush2_nigam4\repo\trunk\Lab9\Lab9Project\Debug\configPkg\package\cfg\</path>
         <kind>object</kind>
         <file>Lab9_p28FP.o28FP</file>
         <name>Lab9_p28FP.o28FP</name>
      </input_file>
      <input_file id="fl-1e">
         <kind>object</kind>
         <file>&lt;internal&gt;</file>
         <name>&lt;internal&gt;</name>
      </input_file>
      <input_file id="fl-1f">
         <path>C:\ayush2_nigam4\repo\trunk\Lab9\src\sysbios\</path>
         <kind>archive</kind>
         <file>sysbios.a28FP</file>
         <name>BIOS.obj</name>
      </input_file>
      <input_file id="fl-20">
         <path>C:\ayush2_nigam4\repo\trunk\Lab9\src\sysbios\</path>
         <kind>archive</kind>
         <file>sysbios.a28FP</file>
         <name>c28_Hwi_asm.obj</name>
      </input_file>
      <input_file id="fl-21">
         <path>C:\ayush2_nigam4\repo\trunk\Lab9\src\sysbios\</path>
         <kind>archive</kind>
         <file>sysbios.a28FP</file>
         <name>c28_Hwi_disp_asm.obj</name>
      </input_file>
      <input_file id="fl-22">
         <path>C:\ayush2_nigam4\repo\trunk\Lab9\src\sysbios\</path>
         <kind>archive</kind>
         <file>sysbios.a28FP</file>
         <name>c28_IntrinsicsSupport_asm.obj</name>
      </input_file>
      <input_file id="fl-23">
         <path>C:\ayush2_nigam4\repo\trunk\Lab9\src\sysbios\</path>
         <kind>archive</kind>
         <file>sysbios.a28FP</file>
         <name>c28_TaskSupport_asm.obj</name>
      </input_file>
      <input_file id="fl-24">
         <path>C:\CCStudio_v8\tirtos_c2000_2_16_01_14\products\bios_6_45_02_31\packages\ti\targets\rts2800\lib\</path>
         <kind>archive</kind>
         <file>ti.targets.rts2800.a28FP</file>
         <name>Assert.o28FP</name>
      </input_file>
      <input_file id="fl-25">
         <path>C:\CCStudio_v8\tirtos_c2000_2_16_01_14\products\bios_6_45_02_31\packages\ti\targets\rts2800\lib\</path>
         <kind>archive</kind>
         <file>ti.targets.rts2800.a28FP</file>
         <name>Core-mem.o28FP</name>
      </input_file>
      <input_file id="fl-26">
         <path>C:\CCStudio_v8\tirtos_c2000_2_16_01_14\products\bios_6_45_02_31\packages\ti\targets\rts2800\lib\</path>
         <kind>archive</kind>
         <file>ti.targets.rts2800.a28FP</file>
         <name>Core-smem.o28FP</name>
      </input_file>
      <input_file id="fl-27">
         <path>C:\CCStudio_v8\tirtos_c2000_2_16_01_14\products\bios_6_45_02_31\packages\ti\targets\rts2800\lib\</path>
         <kind>archive</kind>
         <file>ti.targets.rts2800.a28FP</file>
         <name>Core-label.o28FP</name>
      </input_file>
      <input_file id="fl-28">
         <path>C:\CCStudio_v8\tirtos_c2000_2_16_01_14\products\bios_6_45_02_31\packages\ti\targets\rts2800\lib\</path>
         <kind>archive</kind>
         <file>ti.targets.rts2800.a28FP</file>
         <name>Core-params.o28FP</name>
      </input_file>
      <input_file id="fl-29">
         <path>C:\CCStudio_v8\tirtos_c2000_2_16_01_14\products\bios_6_45_02_31\packages\ti\targets\rts2800\lib\</path>
         <kind>archive</kind>
         <file>ti.targets.rts2800.a28FP</file>
         <name>Error.o28FP</name>
      </input_file>
      <input_file id="fl-2a">
         <path>C:\CCStudio_v8\tirtos_c2000_2_16_01_14\products\bios_6_45_02_31\packages\ti\targets\rts2800\lib\</path>
         <kind>archive</kind>
         <file>ti.targets.rts2800.a28FP</file>
         <name>Gate.o28FP</name>
      </input_file>
      <input_file id="fl-2b">
         <path>C:\CCStudio_v8\tirtos_c2000_2_16_01_14\products\bios_6_45_02_31\packages\ti\targets\rts2800\lib\</path>
         <kind>archive</kind>
         <file>ti.targets.rts2800.a28FP</file>
         <name>LoggerBuf.o28FP</name>
      </input_file>
      <input_file id="fl-2c">
         <path>C:\CCStudio_v8\tirtos_c2000_2_16_01_14\products\bios_6_45_02_31\packages\ti\targets\rts2800\lib\</path>
         <kind>archive</kind>
         <file>ti.targets.rts2800.a28FP</file>
         <name>Memory.o28FP</name>
      </input_file>
      <input_file id="fl-2d">
         <path>C:\CCStudio_v8\tirtos_c2000_2_16_01_14\products\bios_6_45_02_31\packages\ti\targets\rts2800\lib\</path>
         <kind>archive</kind>
         <file>ti.targets.rts2800.a28FP</file>
         <name>Startup.o28FP</name>
      </input_file>
      <input_file id="fl-2e">
         <path>C:\CCStudio_v8\tirtos_c2000_2_16_01_14\products\bios_6_45_02_31\packages\ti\targets\rts2800\lib\</path>
         <kind>archive</kind>
         <file>ti.targets.rts2800.a28FP</file>
         <name>System.o28FP</name>
      </input_file>
      <input_file id="fl-2f">
         <path>C:\CCStudio_v8\tirtos_c2000_2_16_01_14\products\bios_6_45_02_31\packages\ti\targets\rts2800\lib\</path>
         <kind>archive</kind>
         <file>ti.targets.rts2800.a28FP</file>
         <name>SysMin.o28FP</name>
      </input_file>
      <input_file id="fl-30">
         <path>C:\CCStudio_v8\tirtos_c2000_2_16_01_14\products\bios_6_45_02_31\packages\ti\targets\rts2800\lib\</path>
         <kind>archive</kind>
         <file>ti.targets.rts2800.a28FP</file>
         <name>Text.o28FP</name>
      </input_file>
      <input_file id="fl-31">
         <path>C:\CCStudio_v8\tirtos_c2000_2_16_01_14\products\bios_6_45_02_31\packages\ti\targets\rts2800\lib\</path>
         <kind>archive</kind>
         <file>ti.targets.rts2800.a28FP</file>
         <name>xdc_noinit.o28FP</name>
      </input_file>
      <input_file id="fl-32">
         <path>C:\CCStudio_v8\tirtos_c2000_2_16_01_14\products\bios_6_45_02_31\packages\ti\targets\rts2800\lib\</path>
         <kind>archive</kind>
         <file>ti.targets.rts2800.a28FP</file>
         <name>Log.o28FP</name>
      </input_file>
      <input_file id="fl-33">
         <path>C:\CCStudio_v8\tirtos_c2000_2_16_01_14\products\bios_6_45_02_31\packages\ti\targets\rts2800\lib\</path>
         <kind>archive</kind>
         <file>ti.targets.rts2800.a28FP</file>
         <name>Registry.o28FP</name>
      </input_file>
      <input_file id="fl-34">
         <path>C:\CCStudio_v8\tirtos_c2000_2_16_01_14\products\bios_6_45_02_31\packages\ti\targets\rts2800\lib\</path>
         <kind>archive</kind>
         <file>boot.a28FP</file>
         <name>boot_cg.o28FP</name>
      </input_file>
      <input_file id="fl-35">
         <path>C:\CCStudio_v8\tirtos_c2000_2_16_01_14\products\bios_6_45_02_31\packages\ti\catalog\c2800\initF2837x\lib\</path>
         <kind>archive</kind>
         <file>Boot.a28FP</file>
         <name>Boot.o28FP</name>
      </input_file>
      <input_file id="fl-41">
         <path>C:\CCStudio_v8\ccsv8\tools\compiler\ti-cgt-c2000_17.6.0.STS\lib\</path>
         <kind>archive</kind>
         <file>rts2800_fpu32.lib</file>
         <name>fd_add28.obj</name>
      </input_file>
      <input_file id="fl-42">
         <path>C:\CCStudio_v8\ccsv8\tools\compiler\ti-cgt-c2000_17.6.0.STS\lib\</path>
         <kind>archive</kind>
         <file>rts2800_fpu32.lib</file>
         <name>fd_cmp28.obj</name>
      </input_file>
      <input_file id="fl-43">
         <path>C:\CCStudio_v8\ccsv8\tools\compiler\ti-cgt-c2000_17.6.0.STS\lib\</path>
         <kind>archive</kind>
         <file>rts2800_fpu32.lib</file>
         <name>fd_div28.obj</name>
      </input_file>
      <input_file id="fl-44">
         <path>C:\CCStudio_v8\ccsv8\tools\compiler\ti-cgt-c2000_17.6.0.STS\lib\</path>
         <kind>archive</kind>
         <file>rts2800_fpu32.lib</file>
         <name>fd_mpy28.obj</name>
      </input_file>
      <input_file id="fl-45">
         <path>C:\CCStudio_v8\ccsv8\tools\compiler\ti-cgt-c2000_17.6.0.STS\lib\</path>
         <kind>archive</kind>
         <file>rts2800_fpu32.lib</file>
         <name>fd_neg28.obj</name>
      </input_file>
      <input_file id="fl-46">
         <path>C:\CCStudio_v8\ccsv8\tools\compiler\ti-cgt-c2000_17.6.0.STS\lib\</path>
         <kind>archive</kind>
         <file>rts2800_fpu32.lib</file>
         <name>fd_sub28.obj</name>
      </input_file>
      <input_file id="fl-47">
         <path>C:\CCStudio_v8\ccsv8\tools\compiler\ti-cgt-c2000_17.6.0.STS\lib\</path>
         <kind>archive</kind>
         <file>rts2800_fpu32.lib</file>
         <name>fd_tol28.obj</name>
      </input_file>
      <input_file id="fl-48">
         <path>C:\CCStudio_v8\ccsv8\tools\compiler\ti-cgt-c2000_17.6.0.STS\lib\</path>
         <kind>archive</kind>
         <file>rts2800_fpu32.lib</file>
         <name>fs_div28.obj</name>
      </input_file>
      <input_file id="fl-49">
         <path>C:\CCStudio_v8\ccsv8\tools\compiler\ti-cgt-c2000_17.6.0.STS\lib\</path>
         <kind>archive</kind>
         <file>rts2800_fpu32.lib</file>
         <name>ll_div28.obj</name>
      </input_file>
      <input_file id="fl-4a">
         <path>C:\CCStudio_v8\ccsv8\tools\compiler\ti-cgt-c2000_17.6.0.STS\lib\</path>
         <kind>archive</kind>
         <file>rts2800_fpu32.lib</file>
         <name>i_div28.obj</name>
      </input_file>
      <input_file id="fl-4b">
         <path>C:\CCStudio_v8\ccsv8\tools\compiler\ti-cgt-c2000_17.6.0.STS\lib\</path>
         <kind>archive</kind>
         <file>rts2800_fpu32.lib</file>
         <name>u_div28.obj</name>
      </input_file>
      <input_file id="fl-4c">
         <path>C:\CCStudio_v8\ccsv8\tools\compiler\ti-cgt-c2000_17.6.0.STS\lib\</path>
         <kind>archive</kind>
         <file>rts2800_fpu32.lib</file>
         <name>l_div28.obj</name>
      </input_file>
      <input_file id="fl-4d">
         <path>C:\CCStudio_v8\ccsv8\tools\compiler\ti-cgt-c2000_17.6.0.STS\lib\</path>
         <kind>archive</kind>
         <file>rts2800_fpu32.lib</file>
         <name>fs_tofdfpu32.obj</name>
      </input_file>
      <input_file id="fl-4e">
         <path>C:\CCStudio_v8\ccsv8\tools\compiler\ti-cgt-c2000_17.6.0.STS\lib\</path>
         <kind>archive</kind>
         <file>rts2800_fpu32.lib</file>
         <name>fd_tofsfpu32.obj</name>
      </input_file>
      <input_file id="fl-4f">
         <path>C:\CCStudio_v8\ccsv8\tools\compiler\ti-cgt-c2000_17.6.0.STS\lib\</path>
         <kind>archive</kind>
         <file>rts2800_fpu32.lib</file>
         <name>cpy_tbl.obj</name>
      </input_file>
      <input_file id="fl-50">
         <path>C:\CCStudio_v8\ccsv8\tools\compiler\ti-cgt-c2000_17.6.0.STS\lib\</path>
         <kind>archive</kind>
         <file>rts2800_fpu32.lib</file>
         <name>memcpy.obj</name>
      </input_file>
      <input_file id="fl-51">
         <path>C:\CCStudio_v8\ccsv8\tools\compiler\ti-cgt-c2000_17.6.0.STS\lib\</path>
         <kind>archive</kind>
         <file>rts2800_fpu32.lib</file>
         <name>exit.obj</name>
      </input_file>
      <input_file id="fl-52">
         <path>C:\CCStudio_v8\ccsv8\tools\compiler\ti-cgt-c2000_17.6.0.STS\lib\</path>
         <kind>archive</kind>
         <file>rts2800_fpu32.lib</file>
         <name>_lock.obj</name>
      </input_file>
      <input_file id="fl-53">
         <path>C:\CCStudio_v8\ccsv8\tools\compiler\ti-cgt-c2000_17.6.0.STS\lib\</path>
         <kind>archive</kind>
         <file>rts2800_fpu32.lib</file>
         <name>args_main.obj</name>
      </input_file>
      <input_file id="fl-54">
         <path>C:\CCStudio_v8\ccsv8\tools\compiler\ti-cgt-c2000_17.6.0.STS\lib\</path>
         <kind>archive</kind>
         <file>rts2800_fpu32.lib</file>
         <name>memset.obj</name>
      </input_file>
      <input_file id="fl-55">
         <path>C:\CCStudio_v8\ccsv8\tools\compiler\ti-cgt-c2000_17.6.0.STS\lib\</path>
         <kind>archive</kind>
         <file>rts2800_fpu32.lib</file>
         <name>strcmp.obj</name>
      </input_file>
      <input_file id="fl-56">
         <path>C:\CCStudio_v8\ccsv8\tools\compiler\ti-cgt-c2000_17.6.0.STS\lib\</path>
         <kind>archive</kind>
         <file>rts2800_fpu32.lib</file>
         <name>strlen.obj</name>
      </input_file>
      <input_file id="fl-57">
         <path>C:\CCStudio_v8\ccsv8\tools\compiler\ti-cgt-c2000_17.6.0.STS\lib\</path>
         <kind>archive</kind>
         <file>rts2800_fpu32.lib</file>
         <name>hostwrite.obj</name>
      </input_file>
      <input_file id="fl-58">
         <path>C:\CCStudio_v8\ccsv8\tools\compiler\ti-cgt-c2000_17.6.0.STS\lib\</path>
         <kind>archive</kind>
         <file>rts2800_fpu32.lib</file>
         <name>trgmsg.obj</name>
      </input_file>
      <input_file id="fl-59">
         <path>C:\CCStudio_v8\ccsv8\tools\compiler\ti-cgt-c2000_17.6.0.STS\lib\</path>
         <kind>archive</kind>
         <file>rts2800_fpu32.lib</file>
         <name>vsprintf.obj</name>
      </input_file>
      <input_file id="fl-5a">
         <path>C:\CCStudio_v8\ccsv8\tools\compiler\ti-cgt-c2000_17.6.0.STS\lib\</path>
         <kind>archive</kind>
         <file>rts2800_fpu32.lib</file>
         <name>_printfi.obj</name>
      </input_file>
      <input_file id="fl-5b">
         <path>C:\CCStudio_v8\ccsv8\tools\compiler\ti-cgt-c2000_17.6.0.STS\lib\</path>
         <kind>archive</kind>
         <file>rts2800_fpu32.lib</file>
         <name>atoi.obj</name>
      </input_file>
      <input_file id="fl-5c">
         <path>C:\CCStudio_v8\ccsv8\tools\compiler\ti-cgt-c2000_17.6.0.STS\lib\</path>
         <kind>archive</kind>
         <file>rts2800_fpu32.lib</file>
         <name>ctype.obj</name>
      </input_file>
      <input_file id="fl-5d">
         <path>C:\CCStudio_v8\ccsv8\tools\compiler\ti-cgt-c2000_17.6.0.STS\lib\</path>
         <kind>archive</kind>
         <file>rts2800_fpu32.lib</file>
         <name>ltoa.obj</name>
      </input_file>
      <input_file id="fl-5e">
         <path>C:\CCStudio_v8\ccsv8\tools\compiler\ti-cgt-c2000_17.6.0.STS\lib\</path>
         <kind>archive</kind>
         <file>rts2800_fpu32.lib</file>
         <name>memccpy.obj</name>
      </input_file>
      <input_file id="fl-5f">
         <path>C:\CCStudio_v8\ccsv8\tools\compiler\ti-cgt-c2000_17.6.0.STS\lib\</path>
         <kind>archive</kind>
         <file>rts2800_fpu32.lib</file>
         <name>strchr.obj</name>
      </input_file>
      <input_file id="fl-60">
         <path>C:\CCStudio_v8\ccsv8\tools\compiler\ti-cgt-c2000_17.6.0.STS\lib\</path>
         <kind>archive</kind>
         <file>rts2800_fpu32.lib</file>
         <name>strcpy.obj</name>
      </input_file>
      <input_file id="fl-61">
         <path>C:\CCStudio_v8\ccsv8\tools\compiler\ti-cgt-c2000_17.6.0.STS\lib\</path>
         <kind>archive</kind>
         <file>rts2800_fpu32.lib</file>
         <name>hostopen.obj</name>
      </input_file>
      <input_file id="fl-62">
         <path>C:\CCStudio_v8\ccsv8\tools\compiler\ti-cgt-c2000_17.6.0.STS\lib\</path>
         <kind>archive</kind>
         <file>rts2800_fpu32.lib</file>
         <name>s_frexp.obj</name>
      </input_file>
      <input_file id="fl-63">
         <path>C:\CCStudio_v8\ccsv8\tools\compiler\ti-cgt-c2000_17.6.0.STS\lib\</path>
         <kind>archive</kind>
         <file>rts2800_fpu32.lib</file>
         <name>s_scalbn.obj</name>
      </input_file>
      <input_file id="fl-64">
         <path>C:\CCStudio_v8\ccsv8\tools\compiler\ti-cgt-c2000_17.6.0.STS\lib\</path>
         <kind>archive</kind>
         <file>rts2800_fpu32.lib</file>
         <name>fd_toi28.obj</name>
      </input_file>
      <input_file id="fl-65">
         <path>C:\CCStudio_v8\ccsv8\tools\compiler\ti-cgt-c2000_17.6.0.STS\lib\</path>
         <kind>archive</kind>
         <file>rts2800_fpu32.lib</file>
         <name>ll_aox28.obj</name>
      </input_file>
      <input_file id="fl-66">
         <path>C:\CCStudio_v8\ccsv8\tools\compiler\ti-cgt-c2000_17.6.0.STS\lib\</path>
         <kind>archive</kind>
         <file>rts2800_fpu32.lib</file>
         <name>ll_cmp28.obj</name>
      </input_file>
      <input_file id="fl-67">
         <path>C:\CCStudio_v8\ccsv8\tools\compiler\ti-cgt-c2000_17.6.0.STS\lib\</path>
         <kind>archive</kind>
         <file>rts2800_fpu32.lib</file>
         <name>i_tofd28.obj</name>
      </input_file>
      <input_file id="fl-68">
         <path>C:\CCStudio_v8\ccsv8\tools\compiler\ti-cgt-c2000_17.6.0.STS\lib\</path>
         <kind>archive</kind>
         <file>rts2800_fpu32.lib</file>
         <name>l_tofd28.obj</name>
      </input_file>
      <input_file id="fl-69">
         <path>C:\CCStudio_v8\ccsv8\tools\compiler\ti-cgt-c2000_17.6.0.STS\lib\</path>
         <kind>archive</kind>
         <file>rts2800_fpu32.lib</file>
         <name>errno.obj</name>
      </input_file>
      <input_file id="fl-6a">
         <path>C:\CCStudio_v8\ccsv8\tools\compiler\ti-cgt-c2000_17.6.0.STS\lib\</path>
         <kind>archive</kind>
         <file>rts2800_fpu32.lib</file>
         <name>s_copysign.obj</name>
      </input_file>
   </input_file_list>
   <object_component_list>
      <object_component id="oc-3ae">
         <name>.text:ti_catalog_c2800_initF2837x_flashfuncs:_ti_catalog_c2800_initF2837x_Boot_initFlash</name>
         <load_address>0x801be</load_address>
         <run_address>0xb000</run_address>
         <size>0x27</size>
         <input_file_ref idref="fl-35"/>
      </object_component>
      <object_component id="oc-13c">
         <name>xdc.meta</name>
         <load_address>0x0</load_address>
         <run_address>0x0</run_address>
         <size>0xe6</size>
         <input_file_ref idref="fl-13"/>
      </object_component>
      <object_component id="oc-139">
         <name>.cinit</name>
         <load_address>0x801e5</load_address>
         <run_address>0x801e5</run_address>
         <size>0x4a9</size>
         <input_file_ref idref="fl-13"/>
      </object_component>
      <object_component id="oc-12f">
         <name>.cinit</name>
         <load_address>0x8068e</load_address>
         <run_address>0x8068e</run_address>
         <size>0x172</size>
         <input_file_ref idref="fl-11"/>
      </object_component>
      <object_component id="oc-20a">
         <name>.cinit</name>
         <load_address>0x80800</load_address>
         <run_address>0x80800</run_address>
         <size>0xe</size>
         <input_file_ref idref="fl-51"/>
      </object_component>
      <object_component id="oc-327">
         <name>.cinit:__lock</name>
         <load_address>0x8080e</load_address>
         <run_address>0x8080e</run_address>
         <size>0x5</size>
         <input_file_ref idref="fl-52"/>
      </object_component>
      <object_component id="oc-328">
         <name>.cinit:__unlock</name>
         <load_address>0x80813</load_address>
         <run_address>0x80813</run_address>
         <size>0x5</size>
         <input_file_ref idref="fl-52"/>
      </object_component>
      <object_component id="oc-287">
         <name>.cinit</name>
         <load_address>0x80818</load_address>
         <run_address>0x80818</run_address>
         <size>0x4</size>
         <input_file_ref idref="fl-69"/>
      </object_component>
      <object_component id="oc-46c">
         <name>.binit</name>
         <load_address>0x8083c</load_address>
         <run_address>0x8083c</run_address>
         <size>0xa</size>
      </object_component>
      <object_component id="oc-367">
         <name>.text</name>
         <load_address>0x88000</load_address>
         <run_address>0x88000</run_address>
         <size>0xc16</size>
         <input_file_ref idref="fl-5a"/>
      </object_component>
      <object_component id="oc-299">
         <name>.text</name>
         <load_address>0x88c16</load_address>
         <run_address>0x88c16</run_address>
         <size>0x73e</size>
         <input_file_ref idref="fl-11"/>
      </object_component>
      <object_component id="oc-2c1">
         <name>.text</name>
         <load_address>0x89354</load_address>
         <run_address>0x89354</run_address>
         <size>0x2af</size>
         <input_file_ref idref="fl-f"/>
      </object_component>
      <object_component id="oc-2bd">
         <name>.text</name>
         <load_address>0x89603</load_address>
         <run_address>0x89603</run_address>
         <size>0x299</size>
         <input_file_ref idref="fl-8"/>
      </object_component>
      <object_component id="oc-448">
         <name>.text:_xdc_runtime_System_doPrint__I</name>
         <load_address>0x8989c</load_address>
         <run_address>0x8989c</run_address>
         <size>0x252</size>
         <input_file_ref idref="fl-2e"/>
      </object_component>
      <object_component id="oc-2be">
         <name>.text</name>
         <load_address>0x89aee</load_address>
         <run_address>0x89aee</run_address>
         <size>0x244</size>
         <input_file_ref idref="fl-6"/>
      </object_component>
      <object_component id="oc-343">
         <name>.text:_ti_sysbios_knl_Semaphore_pend__E</name>
         <load_address>0x89d32</load_address>
         <run_address>0x89d32</run_address>
         <size>0x1da</size>
         <input_file_ref idref="fl-1f"/>
      </object_component>
      <object_component id="oc-2b5">
         <name>.text:_ti_sysbios_heaps_HeapMem_free__E</name>
         <load_address>0x89f0c</load_address>
         <run_address>0x89f0c</run_address>
         <size>0x1ba</size>
         <input_file_ref idref="fl-1f"/>
      </object_component>
      <object_component id="oc-2b4">
         <name>.text:_ti_sysbios_heaps_HeapMem_alloc__E</name>
         <load_address>0x8a0c6</load_address>
         <run_address>0x8a0c6</run_address>
         <size>0x1b3</size>
         <input_file_ref idref="fl-1f"/>
      </object_component>
      <object_component id="oc-2c2">
         <name>.text</name>
         <load_address>0x8a279</load_address>
         <run_address>0x8a279</run_address>
         <size>0x165</size>
         <input_file_ref idref="fl-10"/>
      </object_component>
      <object_component id="oc-2bb">
         <name>.text</name>
         <load_address>0x8a3de</load_address>
         <run_address>0x8a3de</run_address>
         <size>0x11f</size>
         <input_file_ref idref="fl-d"/>
      </object_component>
      <object_component id="oc-2bf">
         <name>.text</name>
         <load_address>0x8a4fd</load_address>
         <run_address>0x8a4fd</run_address>
         <size>0x117</size>
         <input_file_ref idref="fl-e"/>
      </object_component>
      <object_component id="oc-45e">
         <name>.text:_xdc_runtime_System_printfExtend__I</name>
         <load_address>0x8a614</load_address>
         <run_address>0x8a614</run_address>
         <size>0x10a</size>
         <input_file_ref idref="fl-13"/>
      </object_component>
      <object_component id="oc-1e1">
         <name>.text</name>
         <load_address>0x8a71e</load_address>
         <run_address>0x8a71e</run_address>
         <size>0x107</size>
         <input_file_ref idref="fl-49"/>
      </object_component>
      <object_component id="oc-2c0">
         <name>.text</name>
         <load_address>0x8a825</load_address>
         <run_address>0x8a825</run_address>
         <size>0xfd</size>
         <input_file_ref idref="fl-4"/>
      </object_component>
      <object_component id="oc-30e">
         <name>.text:_ti_sysbios_heaps_HeapMem_Instance_init__E</name>
         <load_address>0x8a922</load_address>
         <run_address>0x8a922</run_address>
         <size>0xed</size>
         <input_file_ref idref="fl-1f"/>
      </object_component>
      <object_component id="oc-376">
         <name>.text:_ti_sysbios_family_c28_Hwi_clearInterrupt__E</name>
         <load_address>0x8aa0f</load_address>
         <run_address>0x8aa0f</run_address>
         <size>0xe0</size>
         <input_file_ref idref="fl-1f"/>
      </object_component>
      <object_component id="oc-314">
         <name>.text</name>
         <load_address>0x8aaef</load_address>
         <run_address>0x8aaef</run_address>
         <size>0xdd</size>
         <input_file_ref idref="fl-2"/>
      </object_component>
      <object_component id="oc-2cd">
         <name>.text:_xdc_runtime_LoggerBuf_write8__E</name>
         <load_address>0x8abcc</load_address>
         <run_address>0x8abcc</run_address>
         <size>0xd2</size>
         <input_file_ref idref="fl-2b"/>
      </object_component>
      <object_component id="oc-2fc">
         <name>.text:_xdc_runtime_Core_createObject__I</name>
         <load_address>0x8ac9e</load_address>
         <run_address>0x8ac9e</run_address>
         <size>0xc3</size>
         <input_file_ref idref="fl-25"/>
      </object_component>
      <object_component id="oc-460">
         <name>.text:_ti_sysbios_family_c28_Hwi_dispatchCore__I</name>
         <load_address>0x8ad61</load_address>
         <run_address>0x8ad61</run_address>
         <size>0xc0</size>
         <input_file_ref idref="fl-1f"/>
      </object_component>
      <object_component id="oc-3bc">
         <name>.text</name>
         <load_address>0x8ae21</load_address>
         <run_address>0x8ae21</run_address>
         <size>0xc0</size>
         <input_file_ref idref="fl-63"/>
      </object_component>
      <object_component id="oc-344">
         <name>.text:_ti_sysbios_knl_Semaphore_post__E</name>
         <load_address>0x8aee1</load_address>
         <run_address>0x8aee1</run_address>
         <size>0xb8</size>
         <input_file_ref idref="fl-1f"/>
      </object_component>
      <object_component id="oc-29d">
         <name>.text:_ti_sysbios_knl_Clock_workFunc__E</name>
         <load_address>0x8af99</load_address>
         <run_address>0x8af99</run_address>
         <size>0xb6</size>
         <input_file_ref idref="fl-1f"/>
      </object_component>
      <object_component id="oc-3d6">
         <name>.text:_ti_sysbios_knl_Swi_run__I</name>
         <load_address>0x8b04f</load_address>
         <run_address>0x8b04f</run_address>
         <size>0xaf</size>
         <input_file_ref idref="fl-1f"/>
      </object_component>
      <object_component id="oc-3dc">
         <name>.text:_xdc_runtime_Core_constructObject__I</name>
         <load_address>0x8b0fe</load_address>
         <run_address>0x8b0fe</run_address>
         <size>0x9c</size>
         <input_file_ref idref="fl-26"/>
      </object_component>
      <object_component id="oc-349">
         <name>.text:_xdc_runtime_Error_policyDefault__E</name>
         <load_address>0x8b19a</load_address>
         <run_address>0x8b19a</run_address>
         <size>0x9c</size>
         <input_file_ref idref="fl-29"/>
      </object_component>
      <object_component id="oc-1b9">
         <name>.text</name>
         <load_address>0x8b236</load_address>
         <run_address>0x8b236</run_address>
         <size>0x9c</size>
         <input_file_ref idref="fl-41"/>
      </object_component>
      <object_component id="oc-42e">
         <name>.text:_ti_sysbios_family_c28_Hwi_dispatch</name>
         <load_address>0x8b2d2</load_address>
         <run_address>0x8b2d2</run_address>
         <size>0x9b</size>
         <input_file_ref idref="fl-21"/>
      </object_component>
      <object_component id="oc-2c3">
         <name>.text</name>
         <load_address>0x8b36d</load_address>
         <run_address>0x8b36d</run_address>
         <size>0x9b</size>
         <input_file_ref idref="fl-a"/>
      </object_component>
      <object_component id="oc-428">
         <name>.text</name>
         <load_address>0x8b408</load_address>
         <run_address>0x8b408</run_address>
         <size>0x94</size>
         <input_file_ref idref="fl-58"/>
      </object_component>
      <object_component id="oc-377">
         <name>.text:_ti_sysbios_family_c28_Hwi_enableInterrupt__E</name>
         <load_address>0x8b49c</load_address>
         <run_address>0x8b49c</run_address>
         <size>0x8e</size>
         <input_file_ref idref="fl-1f"/>
      </object_component>
      <object_component id="oc-2cc">
         <name>.text:_xdc_runtime_LoggerBuf_write4__E</name>
         <load_address>0x8b52a</load_address>
         <run_address>0x8b52a</run_address>
         <size>0x8b</size>
         <input_file_ref idref="fl-2b"/>
      </object_component>
      <object_component id="oc-1c3">
         <name>.text</name>
         <load_address>0x8b5b5</load_address>
         <run_address>0x8b5b5</run_address>
         <size>0x8b</size>
         <input_file_ref idref="fl-43"/>
      </object_component>
      <object_component id="oc-1dc">
         <name>.text</name>
         <load_address>0x8b640</load_address>
         <run_address>0x8b640</run_address>
         <size>0x88</size>
         <input_file_ref idref="fl-48"/>
      </object_component>
      <object_component id="oc-1c8">
         <name>.text</name>
         <load_address>0x8b6c8</load_address>
         <run_address>0x8b6c8</run_address>
         <size>0x83</size>
         <input_file_ref idref="fl-44"/>
      </object_component>
      <object_component id="oc-2c4">
         <name>.text</name>
         <load_address>0x8b74b</load_address>
         <run_address>0x8b74b</run_address>
         <size>0x82</size>
         <input_file_ref idref="fl-c"/>
      </object_component>
      <object_component id="oc-44a">
         <name>.text:_ti_sysbios_family_c28_Hwi_disableInterrupt__E</name>
         <load_address>0x8b7cd</load_address>
         <run_address>0x8b7cd</run_address>
         <size>0x81</size>
         <input_file_ref idref="fl-1f"/>
      </object_component>
      <object_component id="oc-3cc">
         <name>.text:_ti_sysbios_family_c28_Hwi_disablePIEIER__E</name>
         <load_address>0x8b84e</load_address>
         <run_address>0x8b84e</run_address>
         <size>0x7e</size>
         <input_file_ref idref="fl-1f"/>
      </object_component>
      <object_component id="oc-3cb">
         <name>.text:_ti_sysbios_family_c28_Hwi_enablePIEIER__E</name>
         <load_address>0x8b8cc</load_address>
         <run_address>0x8b8cc</run_address>
         <size>0x7d</size>
         <input_file_ref idref="fl-1f"/>
      </object_component>
      <object_component id="oc-3b0">
         <name>.text:_xdc_runtime_Startup_startMods__I</name>
         <load_address>0x8b949</load_address>
         <run_address>0x8b949</run_address>
         <size>0x7d</size>
         <input_file_ref idref="fl-2d"/>
      </object_component>
      <object_component id="oc-37c">
         <name>.text:_ti_sysbios_knl_Task_checkStacks__E</name>
         <load_address>0x8b9c6</load_address>
         <run_address>0x8b9c6</run_address>
         <size>0x73</size>
         <input_file_ref idref="fl-1f"/>
      </object_component>
      <object_component id="oc-331">
         <name>.text:_ti_sysbios_knl_Task_startCore__E</name>
         <load_address>0x8ba39</load_address>
         <run_address>0x8ba39</run_address>
         <size>0x71</size>
         <input_file_ref idref="fl-1f"/>
      </object_component>
      <object_component id="oc-2ec">
         <name>.text:_ti_sysbios_gates_GateMutex_enter__E</name>
         <load_address>0x8baaa</load_address>
         <run_address>0x8baaa</run_address>
         <size>0x70</size>
         <input_file_ref idref="fl-1f"/>
      </object_component>
      <object_component id="oc-411">
         <name>.text:_xdc_runtime_Text_putSite__E</name>
         <load_address>0x8bb1a</load_address>
         <run_address>0x8bb1a</run_address>
         <size>0x6f</size>
         <input_file_ref idref="fl-30"/>
      </object_component>
      <object_component id="oc-3cf">
         <name>.text:_ti_sysbios_knl_Task_schedule__I</name>
         <load_address>0x8bb89</load_address>
         <run_address>0x8bb89</run_address>
         <size>0x6e</size>
         <input_file_ref idref="fl-1f"/>
      </object_component>
      <object_component id="oc-3dd">
         <name>.text:_ti_sysbios_knl_Semaphore_Instance_init__E</name>
         <load_address>0x8bbf7</load_address>
         <run_address>0x8bbf7</run_address>
         <size>0x6a</size>
         <input_file_ref idref="fl-1f"/>
      </object_component>
      <object_component id="oc-430">
         <name>.text:_ti_sysbios_family_c28_Timer_stopAndClear__I</name>
         <load_address>0x8bc61</load_address>
         <run_address>0x8bc61</run_address>
         <size>0x66</size>
         <input_file_ref idref="fl-1f"/>
      </object_component>
      <object_component id="oc-84">
         <name>.text</name>
         <load_address>0x8bcc7</load_address>
         <run_address>0x8bcc7</run_address>
         <size>0x63</size>
         <input_file_ref idref="fl-34"/>
      </object_component>
      <object_component id="oc-2ea">
         <name>.text:_ti_sysbios_knl_Swi_post__E</name>
         <load_address>0x8bd2a</load_address>
         <run_address>0x8bd2a</run_address>
         <size>0x60</size>
         <input_file_ref idref="fl-1f"/>
      </object_component>
      <object_component id="oc-397">
         <name>.text:_ti_sysbios_knl_Task_blockI__E</name>
         <load_address>0x8bd8a</load_address>
         <run_address>0x8bd8a</run_address>
         <size>0x60</size>
         <input_file_ref idref="fl-1f"/>
      </object_component>
      <object_component id="oc-3bb">
         <name>.text</name>
         <load_address>0x8bdea</load_address>
         <run_address>0x8bdea</run_address>
         <size>0x5a</size>
         <input_file_ref idref="fl-62"/>
      </object_component>
      <object_component id="oc-43a">
         <name>.text:_ti_sysbios_knl_Task_exit__E</name>
         <load_address>0x8be44</load_address>
         <run_address>0x8be44</run_address>
         <size>0x57</size>
         <input_file_ref idref="fl-1f"/>
      </object_component>
      <object_component id="oc-36a">
         <name>.text:_xdc_runtime_Memory_alloc__E</name>
         <load_address>0x8be9b</load_address>
         <run_address>0x8be9b</run_address>
         <size>0x57</size>
         <input_file_ref idref="fl-2c"/>
      </object_component>
      <object_component id="oc-39a">
         <name>.text:_ti_sysbios_knl_Task_unblockI__E</name>
         <load_address>0x8bef2</load_address>
         <run_address>0x8bef2</run_address>
         <size>0x51</size>
         <input_file_ref idref="fl-1f"/>
      </object_component>
      <object_component id="oc-464">
         <name>.text:_xdc_runtime_Text_putLab__E</name>
         <load_address>0x8bf43</load_address>
         <run_address>0x8bf43</run_address>
         <size>0x4f</size>
         <input_file_ref idref="fl-30"/>
      </object_component>
      <object_component id="oc-425">
         <name>.text:_ti_sysbios_knl_Task_postInit__I</name>
         <load_address>0x8bf92</load_address>
         <run_address>0x8bf92</run_address>
         <size>0x4b</size>
         <input_file_ref idref="fl-1f"/>
      </object_component>
      <object_component id="oc-406">
         <name>.text:_ti_sysbios_family_c28_Hwi_Module_startup__E</name>
         <load_address>0x8bfdd</load_address>
         <run_address>0x8bfdd</run_address>
         <size>0x47</size>
         <input_file_ref idref="fl-1f"/>
      </object_component>
      <object_component id="oc-2fe">
         <name>.text:_xdc_runtime_Core_deleteObject__I</name>
         <load_address>0x8c024</load_address>
         <run_address>0x8c024</run_address>
         <size>0x46</size>
         <input_file_ref idref="fl-25"/>
      </object_component>
      <object_component id="oc-2f3">
         <name>.text:.bootCodeSection:_ti_catalog_c2800_initF2837x_Boot_configurePllDivs</name>
         <load_address>0x8c06a</load_address>
         <run_address>0x8c06a</run_address>
         <size>0x45</size>
         <input_file_ref idref="fl-35"/>
      </object_component>
      <object_component id="oc-419">
         <name>.text:_ti_sysbios_family_c28_Timer_postInit__I</name>
         <load_address>0x8c0af</load_address>
         <run_address>0x8c0af</run_address>
         <size>0x43</size>
         <input_file_ref idref="fl-1f"/>
      </object_component>
      <object_component id="oc-144">
         <name>.text:_ti_sysbios_family_c28_Hwi_unPluggedInterrupt__I</name>
         <load_address>0x8c0f2</load_address>
         <run_address>0x8c0f2</run_address>
         <size>0x42</size>
         <input_file_ref idref="fl-1f"/>
      </object_component>
      <object_component id="oc-455">
         <name>.text:_xdc_runtime_System_formatNum__I</name>
         <load_address>0x8c134</load_address>
         <run_address>0x8c134</run_address>
         <size>0x3f</size>
         <input_file_ref idref="fl-2e"/>
      </object_component>
      <object_component id="oc-46b">
         <name>.text:_ti_sysbios_knl_Swi_restoreHwi__E</name>
         <load_address>0x8c173</load_address>
         <run_address>0x8c173</run_address>
         <size>0x3e</size>
         <input_file_ref idref="fl-1f"/>
      </object_component>
      <object_component id="oc-429">
         <name>.text:_xdc_runtime_Text_putMod__E</name>
         <load_address>0x8c1b1</load_address>
         <run_address>0x8c1b1</run_address>
         <size>0x3e</size>
         <input_file_ref idref="fl-30"/>
      </object_component>
      <object_component id="oc-359">
         <name>.text:_xdc_runtime_Core_assignParams__I</name>
         <load_address>0x8c1ef</load_address>
         <run_address>0x8c1ef</run_address>
         <size>0x3d</size>
         <input_file_ref idref="fl-28"/>
      </object_component>
      <object_component id="oc-2cf">
         <name>.text:_xdc_runtime_LoggerBuf_getFilterLevel__E</name>
         <load_address>0x8c22c</load_address>
         <run_address>0x8c22c</run_address>
         <size>0x3d</size>
         <input_file_ref idref="fl-2b"/>
      </object_component>
      <object_component id="oc-2ce">
         <name>.text:_xdc_runtime_LoggerBuf_setFilterLevel__E</name>
         <load_address>0x8c269</load_address>
         <run_address>0x8c269</run_address>
         <size>0x3c</size>
         <input_file_ref idref="fl-2b"/>
      </object_component>
      <object_component id="oc-44e">
         <name>.text:_ti_sysbios_family_c28_TaskSupport_start__E</name>
         <load_address>0x8c2a5</load_address>
         <run_address>0x8c2a5</run_address>
         <size>0x3a</size>
         <input_file_ref idref="fl-1f"/>
      </object_component>
      <object_component id="oc-2d0">
         <name>.text:_xdc_runtime_LoggerBuf_Object__create__S</name>
         <load_address>0x8c2df</load_address>
         <run_address>0x8c2df</run_address>
         <size>0x38</size>
         <input_file_ref idref="fl-13"/>
      </object_component>
      <object_component id="oc-40d">
         <name>.text</name>
         <load_address>0x8c317</load_address>
         <run_address>0x8c317</run_address>
         <size>0x38</size>
         <input_file_ref idref="fl-57"/>
      </object_component>
      <object_component id="oc-2e7">
         <name>.text:_ti_sysbios_knl_Clock_logTick__E</name>
         <load_address>0x8c34f</load_address>
         <run_address>0x8c34f</run_address>
         <size>0x36</size>
         <input_file_ref idref="fl-1f"/>
      </object_component>
      <object_component id="oc-321">
         <name>.text:_xdc_runtime_LoggerBuf_Instance_init__E</name>
         <load_address>0x8c385</load_address>
         <run_address>0x8c385</run_address>
         <size>0x36</size>
         <input_file_ref idref="fl-2b"/>
      </object_component>
      <object_component id="oc-32c">
         <name>.text:_ti_sysbios_BIOS_rtsUnlock__I</name>
         <load_address>0x8c3bb</load_address>
         <run_address>0x8c3bb</run_address>
         <size>0x34</size>
         <input_file_ref idref="fl-13"/>
      </object_component>
      <object_component id="oc-40b">
         <name>.text:_ti_sysbios_knl_Task_Module_startup__E</name>
         <load_address>0x8c3ef</load_address>
         <run_address>0x8c3ef</run_address>
         <size>0x32</size>
         <input_file_ref idref="fl-1f"/>
      </object_component>
      <object_component id="oc-305">
         <name>.text:_xdc_runtime_Assert_raise__I</name>
         <load_address>0x8c421</load_address>
         <run_address>0x8c421</run_address>
         <size>0x32</size>
         <input_file_ref idref="fl-24"/>
      </object_component>
      <object_component id="oc-45d">
         <name>.text:_xdc_runtime_Text_visitRope2__I</name>
         <load_address>0x8c453</load_address>
         <run_address>0x8c453</run_address>
         <size>0x32</size>
         <input_file_ref idref="fl-30"/>
      </object_component>
      <object_component id="oc-291">
         <name>.text:_xdc_runtime_Startup_exec__E</name>
         <load_address>0x8c485</load_address>
         <run_address>0x8c485</run_address>
         <size>0x31</size>
         <input_file_ref idref="fl-2d"/>
      </object_component>
      <object_component id="oc-3b9">
         <name>.text</name>
         <load_address>0x8c4b6</load_address>
         <run_address>0x8c4b6</run_address>
         <size>0x31</size>
         <input_file_ref idref="fl-5b"/>
      </object_component>
      <object_component id="oc-3a0">
         <name>.text:_xdc_runtime_Error_setX__E</name>
         <load_address>0x8c4e7</load_address>
         <run_address>0x8c4e7</run_address>
         <size>0x30</size>
         <input_file_ref idref="fl-29"/>
      </object_component>
      <object_component id="oc-30f">
         <name>.text</name>
         <load_address>0x8c517</load_address>
         <run_address>0x8c517</run_address>
         <size>0x30</size>
         <input_file_ref idref="fl-59"/>
      </object_component>
      <object_component id="oc-387">
         <name>.text:_ti_sysbios_knl_Swi_runLoop__I</name>
         <load_address>0x8c547</load_address>
         <run_address>0x8c547</run_address>
         <size>0x2e</size>
         <input_file_ref idref="fl-1f"/>
      </object_component>
      <object_component id="oc-33c">
         <name>.text:_ti_sysbios_knl_Swi_schedule__I</name>
         <load_address>0x8c575</load_address>
         <run_address>0x8c575</run_address>
         <size>0x2e</size>
         <input_file_ref idref="fl-1f"/>
      </object_component>
      <object_component id="oc-401">
         <name>.text:_xdc_runtime_Error_print__E</name>
         <load_address>0x8c5a3</load_address>
         <run_address>0x8c5a3</run_address>
         <size>0x2e</size>
         <input_file_ref idref="fl-29"/>
      </object_component>
      <object_component id="oc-3ba">
         <name>.text</name>
         <load_address>0x8c5d1</load_address>
         <run_address>0x8c5d1</run_address>
         <size>0x2e</size>
         <input_file_ref idref="fl-5d"/>
      </object_component>
      <object_component id="oc-3e4">
         <name>.text:_ti_sysbios_family_c28_Hwi_getStackInfo__E</name>
         <load_address>0x8c5ff</load_address>
         <run_address>0x8c5ff</run_address>
         <size>0x2d</size>
         <input_file_ref idref="fl-1f"/>
      </object_component>
      <object_component id="oc-2b7">
         <name>.text:_ti_sysbios_heaps_HeapMem_getStats__E</name>
         <load_address>0x8c62c</load_address>
         <run_address>0x8c62c</run_address>
         <size>0x2d</size>
         <input_file_ref idref="fl-1f"/>
      </object_component>
      <object_component id="oc-32e">
         <name>.text:_ti_sysbios_family_c28_Timer_start__E</name>
         <load_address>0x8c659</load_address>
         <run_address>0x8c659</run_address>
         <size>0x2c</size>
         <input_file_ref idref="fl-1f"/>
      </object_component>
      <object_component id="oc-409">
         <name>.text:_ti_sysbios_knl_Mailbox_Module_startup__E</name>
         <load_address>0x8c685</load_address>
         <run_address>0x8c685</run_address>
         <size>0x2b</size>
         <input_file_ref idref="fl-1f"/>
      </object_component>
      <object_component id="oc-1be">
         <name>.text</name>
         <load_address>0x8c6b0</load_address>
         <run_address>0x8c6b0</run_address>
         <size>0x2a</size>
         <input_file_ref idref="fl-42"/>
      </object_component>
      <object_component id="oc-1f0">
         <name>.text</name>
         <load_address>0x8c6da</load_address>
         <run_address>0x8c6da</run_address>
         <size>0x2a</size>
         <input_file_ref idref="fl-4c"/>
      </object_component>
      <object_component id="oc-3b3">
         <name>.text:_xdc_runtime_SysMin_flush__E</name>
         <load_address>0x8c704</load_address>
         <run_address>0x8c704</run_address>
         <size>0x29</size>
         <input_file_ref idref="fl-2f"/>
      </object_component>
      <object_component id="oc-42a">
         <name>.text:_xdc_runtime_Text_xprintf__I</name>
         <load_address>0x8c72d</load_address>
         <run_address>0x8c72d</run_address>
         <size>0x29</size>
         <input_file_ref idref="fl-30"/>
      </object_component>
      <object_component id="oc-352">
         <name>.text</name>
         <load_address>0x8c756</load_address>
         <run_address>0x8c756</run_address>
         <size>0x29</size>
         <input_file_ref idref="fl-51"/>
      </object_component>
      <object_component id="oc-34b">
         <name>.text:_ti_sysbios_heaps_HeapMem_init__I</name>
         <load_address>0x8c77f</load_address>
         <run_address>0x8c77f</run_address>
         <size>0x27</size>
         <input_file_ref idref="fl-1f"/>
      </object_component>
      <object_component id="oc-45c">
         <name>.text:_ti_sysbios_family_c28_TaskSupport_buildTaskStack</name>
         <load_address>0x8c7a6</load_address>
         <run_address>0x8c7a6</run_address>
         <size>0x25</size>
         <input_file_ref idref="fl-23"/>
      </object_component>
      <object_component id="oc-2aa">
         <name>.text:_xdc_runtime_System_processAtExit__E</name>
         <load_address>0x8c7cb</load_address>
         <run_address>0x8c7cb</run_address>
         <size>0x24</size>
         <input_file_ref idref="fl-2e"/>
      </object_component>
      <object_component id="oc-290">
         <name>.text</name>
         <load_address>0x8c7ef</load_address>
         <run_address>0x8c7ef</run_address>
         <size>0x24</size>
         <input_file_ref idref="fl-4f"/>
      </object_component>
      <object_component id="oc-3eb">
         <name>.text</name>
         <load_address>0x8c813</load_address>
         <run_address>0x8c813</run_address>
         <size>0x24</size>
         <input_file_ref idref="fl-6a"/>
      </object_component>
      <object_component id="oc-1fa">
         <name>.text</name>
         <load_address>0x8c837</load_address>
         <run_address>0x8c837</run_address>
         <size>0x23</size>
         <input_file_ref idref="fl-4e"/>
      </object_component>
      <object_component id="oc-1e6">
         <name>.text</name>
         <load_address>0x8c85a</load_address>
         <run_address>0x8c85a</run_address>
         <size>0x22</size>
         <input_file_ref idref="fl-4a"/>
      </object_component>
      <object_component id="oc-37a">
         <name>.text:_ti_sysbios_knl_Task_allBlockedFunction__I</name>
         <load_address>0x8c87c</load_address>
         <run_address>0x8c87c</run_address>
         <size>0x21</size>
         <input_file_ref idref="fl-1f"/>
      </object_component>
      <object_component id="oc-317">
         <name>.text:_xdc_runtime_LoggerBuf_filterOutEvent__I</name>
         <load_address>0x8c89d</load_address>
         <run_address>0x8c89d</run_address>
         <size>0x21</size>
         <input_file_ref idref="fl-2b"/>
      </object_component>
      <object_component id="oc-2d4">
         <name>.text:_xdc_runtime_System_atexit__E</name>
         <load_address>0x8c8be</load_address>
         <run_address>0x8c8be</run_address>
         <size>0x21</size>
         <input_file_ref idref="fl-2e"/>
      </object_component>
      <object_component id="oc-26d">
         <name>.text</name>
         <load_address>0x8c8df</load_address>
         <run_address>0x8c8df</run_address>
         <size>0x21</size>
         <input_file_ref idref="fl-64"/>
      </object_component>
      <object_component id="oc-432">
         <name>.text:_ti_sysbios_family_c28_Timer_setPrescale__E</name>
         <load_address>0x8c900</load_address>
         <run_address>0x8c900</run_address>
         <size>0x20</size>
         <input_file_ref idref="fl-1f"/>
      </object_component>
      <object_component id="oc-2b0">
         <name>.text:_ti_sysbios_gates_GateHwi_Object__create__S</name>
         <load_address>0x8c920</load_address>
         <run_address>0x8c920</run_address>
         <size>0x1f</size>
         <input_file_ref idref="fl-13"/>
      </object_component>
      <object_component id="oc-2ee">
         <name>.text:_ti_sysbios_gates_GateMutex_Object__create__S</name>
         <load_address>0x8c93f</load_address>
         <run_address>0x8c93f</run_address>
         <size>0x1f</size>
         <input_file_ref idref="fl-13"/>
      </object_component>
      <object_component id="oc-2b8">
         <name>.text:_ti_sysbios_heaps_HeapMem_Object__create__S</name>
         <load_address>0x8c95e</load_address>
         <run_address>0x8c95e</run_address>
         <size>0x1f</size>
         <input_file_ref idref="fl-13"/>
      </object_component>
      <object_component id="oc-1d7">
         <name>.text</name>
         <load_address>0x8c97d</load_address>
         <run_address>0x8c97d</run_address>
         <size>0x1f</size>
         <input_file_ref idref="fl-47"/>
      </object_component>
      <object_component id="oc-402">
         <name>.text:_xdc_runtime_SysMin_putch__E</name>
         <load_address>0x8c99c</load_address>
         <run_address>0x8c99c</run_address>
         <size>0x1e</size>
         <input_file_ref idref="fl-2f"/>
      </object_component>
      <object_component id="oc-277">
         <name>.text</name>
         <load_address>0x8c9ba</load_address>
         <run_address>0x8c9ba</run_address>
         <size>0x1e</size>
         <input_file_ref idref="fl-66"/>
      </object_component>
      <object_component id="oc-2a6">
         <name>.text</name>
         <load_address>0x8c9d8</load_address>
         <run_address>0x8c9d8</run_address>
         <size>0x1e</size>
         <input_file_ref idref="fl-50"/>
      </object_component>
      <object_component id="oc-3d5">
         <name>.text:_ti_sysbios_family_c28_TaskSupport_swap__E</name>
         <load_address>0x8c9f6</load_address>
         <run_address>0x8c9f6</run_address>
         <size>0x1d</size>
         <input_file_ref idref="fl-23"/>
      </object_component>
      <object_component id="oc-27c">
         <name>.text</name>
         <load_address>0x8ca13</load_address>
         <run_address>0x8ca13</run_address>
         <size>0x1d</size>
         <input_file_ref idref="fl-67"/>
      </object_component>
      <object_component id="oc-3df">
         <name>.text:_ti_sysbios_hal_Hwi_checkStack</name>
         <load_address>0x8ca30</load_address>
         <run_address>0x8ca30</run_address>
         <size>0x1c</size>
         <input_file_ref idref="fl-1f"/>
      </object_component>
      <object_component id="oc-1f5">
         <name>.text</name>
         <load_address>0x8ca4c</load_address>
         <run_address>0x8ca4c</run_address>
         <size>0x1c</size>
         <input_file_ref idref="fl-4d"/>
      </object_component>
      <object_component id="oc-281">
         <name>.text</name>
         <load_address>0x8ca68</load_address>
         <run_address>0x8ca68</run_address>
         <size>0x1c</size>
         <input_file_ref idref="fl-68"/>
      </object_component>
      <object_component id="oc-457">
         <name>.text:_ti_sysbios_family_c28_Hwi_switchAndDispatch__I</name>
         <load_address>0x8ca84</load_address>
         <run_address>0x8ca84</run_address>
         <size>0x1b</size>
         <input_file_ref idref="fl-20"/>
      </object_component>
      <object_component id="oc-34d">
         <name>.text:_ti_sysbios_hal_Hwi_initStack</name>
         <load_address>0x8ca9f</load_address>
         <run_address>0x8ca9f</run_address>
         <size>0x1b</size>
         <input_file_ref idref="fl-1f"/>
      </object_component>
      <object_component id="oc-39d">
         <name>.text:_ti_sysbios_knl_Semaphore_construct</name>
         <load_address>0x8caba</load_address>
         <run_address>0x8caba</run_address>
         <size>0x1b</size>
         <input_file_ref idref="fl-13"/>
      </object_component>
      <object_component id="oc-44d">
         <name>.text:_ti_sysbios_knl_Task_processVitalTaskFlag__I</name>
         <load_address>0x8cad5</load_address>
         <run_address>0x8cad5</run_address>
         <size>0x1b</size>
         <input_file_ref idref="fl-1f"/>
      </object_component>
      <object_component id="oc-3fd">
         <name>.text:_xdc_runtime_SysMin_output__I</name>
         <load_address>0x8caf0</load_address>
         <run_address>0x8caf0</run_address>
         <size>0x1b</size>
         <input_file_ref idref="fl-13"/>
      </object_component>
      <object_component id="oc-392">
         <name>.text:_ti_sysbios_knl_Clock_addI__E</name>
         <load_address>0x8cb0b</load_address>
         <run_address>0x8cb0b</run_address>
         <size>0x1a</size>
         <input_file_ref idref="fl-1f"/>
      </object_component>
      <object_component id="oc-2ff">
         <name>.text:_xdc_runtime_Core_assignLabel__I</name>
         <load_address>0x8cb25</load_address>
         <run_address>0x8cb25</run_address>
         <size>0x1a</size>
         <input_file_ref idref="fl-27"/>
      </object_component>
      <object_component id="oc-42b">
         <name>.text:_xdc_runtime_System_avprintf__E</name>
         <load_address>0x8cb3f</load_address>
         <run_address>0x8cb3f</run_address>
         <size>0x1a</size>
         <input_file_ref idref="fl-2e"/>
      </object_component>
      <object_component id="oc-456">
         <name>.text:_xdc_runtime_System_putchar__I</name>
         <load_address>0x8cb59</load_address>
         <run_address>0x8cb59</run_address>
         <size>0x1a</size>
         <input_file_ref idref="fl-2e"/>
      </object_component>
      <object_component id="oc-418">
         <name>.text:_ti_sysbios_family_c28_Hwi_Object__get__S</name>
         <load_address>0x8cb73</load_address>
         <run_address>0x8cb73</run_address>
         <size>0x19</size>
         <input_file_ref idref="fl-13"/>
      </object_component>
      <object_component id="oc-41f">
         <name>.text:_ti_sysbios_knl_Mailbox_postInit__I</name>
         <load_address>0x8cb8c</load_address>
         <run_address>0x8cb8c</run_address>
         <size>0x19</size>
         <input_file_ref idref="fl-1f"/>
      </object_component>
      <object_component id="oc-43d">
         <name>.text:_ti_sysbios_knl_Queue_Object__get__S</name>
         <load_address>0x8cba5</load_address>
         <run_address>0x8cba5</run_address>
         <size>0x19</size>
         <input_file_ref idref="fl-13"/>
      </object_component>
      <object_component id="oc-3f4">
         <name>.text:_ti_sysbios_knl_Queue_construct</name>
         <load_address>0x8cbbe</load_address>
         <run_address>0x8cbbe</run_address>
         <size>0x19</size>
         <input_file_ref idref="fl-13"/>
      </object_component>
      <object_component id="oc-391">
         <name>.text:_ti_sysbios_knl_Semaphore_pendTimeout__I</name>
         <load_address>0x8cbd7</load_address>
         <run_address>0x8cbd7</run_address>
         <size>0x19</size>
         <input_file_ref idref="fl-1f"/>
      </object_component>
      <object_component id="oc-330">
         <name>.text:_ti_sysbios_knl_Swi_restore__E</name>
         <load_address>0x8cbf0</load_address>
         <run_address>0x8cbf0</run_address>
         <size>0x19</size>
         <input_file_ref idref="fl-1f"/>
      </object_component>
      <object_component id="oc-42c">
         <name>.text:_xdc_runtime_System_vprintf__E</name>
         <load_address>0x8cc09</load_address>
         <run_address>0x8cc09</run_address>
         <size>0x19</size>
         <input_file_ref idref="fl-2e"/>
      </object_component>
      <object_component id="oc-445">
         <name>.text:_xdc_runtime_Text_printVisFxn__I</name>
         <load_address>0x8cc22</load_address>
         <run_address>0x8cc22</run_address>
         <size>0x19</size>
         <input_file_ref idref="fl-30"/>
      </object_component>
      <object_component id="oc-292">
         <name>.text</name>
         <load_address>0x8cc3b</load_address>
         <run_address>0x8cc3b</run_address>
         <size>0x19</size>
         <input_file_ref idref="fl-53"/>
      </object_component>
      <object_component id="oc-388">
         <name>.text:_ti_sysbios_family_xxx_Hwi_switchAndRunFunc</name>
         <load_address>0x8cc54</load_address>
         <run_address>0x8cc54</run_address>
         <size>0x18</size>
         <input_file_ref idref="fl-20"/>
      </object_component>
      <object_component id="oc-403">
         <name>.text:_xdc_runtime_LoggerBuf_Module_startup__E</name>
         <load_address>0x8cc6c</load_address>
         <run_address>0x8cc6c</run_address>
         <size>0x18</size>
         <input_file_ref idref="fl-2b"/>
      </object_component>
      <object_component id="oc-36b">
         <name>.text:_xdc_runtime_LoggerBuf_reset__E</name>
         <load_address>0x8cc84</load_address>
         <run_address>0x8cc84</run_address>
         <size>0x18</size>
         <input_file_ref idref="fl-2b"/>
      </object_component>
      <object_component id="oc-272">
         <name>.text</name>
         <load_address>0x8cc9c</load_address>
         <run_address>0x8cc9c</run_address>
         <size>0x18</size>
         <input_file_ref idref="fl-65"/>
      </object_component>
      <object_component id="oc-2d3">
         <name>.text:_ti_sysbios_BIOS_atExitFunc__I</name>
         <load_address>0x8ccb4</load_address>
         <run_address>0x8ccb4</run_address>
         <size>0x17</size>
         <input_file_ref idref="fl-13"/>
      </object_component>
      <object_component id="oc-2d6">
         <name>.text:_ti_sysbios_family_c28_Timer_startup__E</name>
         <load_address>0x8cccb</load_address>
         <run_address>0x8cccb</run_address>
         <size>0x17</size>
         <input_file_ref idref="fl-1f"/>
      </object_component>
      <object_component id="oc-3ad">
         <name>.text:_ti_sysbios_heaps_HeapMem_Object__get__S</name>
         <load_address>0x8cce2</load_address>
         <run_address>0x8cce2</run_address>
         <size>0x17</size>
         <input_file_ref idref="fl-13"/>
      </object_component>
      <object_component id="oc-29e">
         <name>.text:_ti_sysbios_knl_Clock_doTick__I</name>
         <load_address>0x8ccf9</load_address>
         <run_address>0x8ccf9</run_address>
         <size>0x17</size>
         <input_file_ref idref="fl-13"/>
      </object_component>
      <object_component id="oc-41d">
         <name>.text:_ti_sysbios_knl_Mailbox_Object__get__S</name>
         <load_address>0x8cd10</load_address>
         <run_address>0x8cd10</run_address>
         <size>0x17</size>
         <input_file_ref idref="fl-13"/>
      </object_component>
      <object_component id="oc-421">
         <name>.text:_ti_sysbios_knl_Swi_Object__get__S</name>
         <load_address>0x8cd27</load_address>
         <run_address>0x8cd27</run_address>
         <size>0x17</size>
         <input_file_ref idref="fl-13"/>
      </object_component>
      <object_component id="oc-424">
         <name>.text:_ti_sysbios_knl_Task_Object__get__S</name>
         <load_address>0x8cd3e</load_address>
         <run_address>0x8cd3e</run_address>
         <size>0x17</size>
         <input_file_ref idref="fl-13"/>
      </object_component>
      <object_component id="oc-415">
         <name>.text:_xdc_runtime_LoggerBuf_Object__get__S</name>
         <load_address>0x8cd55</load_address>
         <run_address>0x8cd55</run_address>
         <size>0x17</size>
         <input_file_ref idref="fl-13"/>
      </object_component>
      <object_component id="oc-3b4">
         <name>.text:_xdc_runtime_Memory_valloc__E</name>
         <load_address>0x8cd6c</load_address>
         <run_address>0x8cd6c</run_address>
         <size>0x17</size>
         <input_file_ref idref="fl-2c"/>
      </object_component>
      <object_component id="oc-407">
         <name>.text:_ti_sysbios_family_c28_Timer_Module_startup__E</name>
         <load_address>0x8cd83</load_address>
         <run_address>0x8cd83</run_address>
         <size>0x16</size>
         <input_file_ref idref="fl-1f"/>
      </object_component>
      <object_component id="oc-379">
         <name>.text:_ti_sysbios_knl_Task_restore__E</name>
         <load_address>0x8cd99</load_address>
         <run_address>0x8cd99</run_address>
         <size>0x16</size>
         <input_file_ref idref="fl-1f"/>
      </object_component>
      <object_component id="oc-3f9">
         <name>.text:_xdc_runtime_SysMin_abort__E</name>
         <load_address>0x8cdaf</load_address>
         <run_address>0x8cdaf</run_address>
         <size>0x16</size>
         <input_file_ref idref="fl-2f"/>
      </object_component>
      <object_component id="oc-40a">
         <name>.text:_ti_sysbios_knl_Swi_Module_startup__E</name>
         <load_address>0x8cdc5</load_address>
         <run_address>0x8cdc5</run_address>
         <size>0x15</size>
         <input_file_ref idref="fl-1f"/>
      </object_component>
      <object_component id="oc-2f1">
         <name>.text:_ti_sysbios_knl_Idle_run__E</name>
         <load_address>0x8cdda</load_address>
         <run_address>0x8cdda</run_address>
         <size>0x14</size>
         <input_file_ref idref="fl-1f"/>
      </object_component>
      <object_component id="oc-3e0">
         <name>.text:_ti_sysbios_BIOS_errorRaiseHook__I</name>
         <load_address>0x8cdee</load_address>
         <run_address>0x8cdee</run_address>
         <size>0x13</size>
         <input_file_ref idref="fl-13"/>
      </object_component>
      <object_component id="oc-2ef">
         <name>.text:_ti_sysbios_gates_GateMutex_Object__delete__S</name>
         <load_address>0x8ce01</load_address>
         <run_address>0x8ce01</run_address>
         <size>0x13</size>
         <input_file_ref idref="fl-13"/>
      </object_component>
      <object_component id="oc-2a4">
         <name>.text:_xdc_runtime_Error_raiseX__E</name>
         <load_address>0x8ce14</load_address>
         <run_address>0x8ce14</run_address>
         <size>0x13</size>
         <input_file_ref idref="fl-29"/>
      </object_component>
      <object_component id="oc-35d">
         <name>.text:_xdc_runtime_Text_cordText__E</name>
         <load_address>0x8ce27</load_address>
         <run_address>0x8ce27</run_address>
         <size>0x13</size>
         <input_file_ref idref="fl-30"/>
      </object_component>
      <object_component id="oc-459">
         <name>.text:_ti_sysbios_family_c28_Hwi_disableIER__E</name>
         <load_address>0x8ce3a</load_address>
         <run_address>0x8ce3a</run_address>
         <size>0x12</size>
         <input_file_ref idref="fl-13"/>
      </object_component>
      <object_component id="oc-2b1">
         <name>.text:_ti_sysbios_gates_GateHwi_Object__delete__S</name>
         <load_address>0x8ce4c</load_address>
         <run_address>0x8ce4c</run_address>
         <size>0x12</size>
         <input_file_ref idref="fl-13"/>
      </object_component>
      <object_component id="oc-2b9">
         <name>.text:_ti_sysbios_heaps_HeapMem_Object__delete__S</name>
         <load_address>0x8ce5e</load_address>
         <run_address>0x8ce5e</run_address>
         <size>0x12</size>
         <input_file_ref idref="fl-13"/>
      </object_component>
      <object_component id="oc-408">
         <name>.text:_ti_sysbios_knl_Clock_Module_startup__E</name>
         <load_address>0x8ce70</load_address>
         <run_address>0x8ce70</run_address>
         <size>0x12</size>
         <input_file_ref idref="fl-1f"/>
      </object_component>
      <object_component id="oc-2d1">
         <name>.text:_xdc_runtime_LoggerBuf_Object__delete__S</name>
         <load_address>0x8ce82</load_address>
         <run_address>0x8ce82</run_address>
         <size>0x12</size>
         <input_file_ref idref="fl-13"/>
      </object_component>
      <object_component id="oc-2b2">
         <name>.text:_ti_sysbios_gates_GateHwi_Handle__label__S</name>
         <load_address>0x8ce94</load_address>
         <run_address>0x8ce94</run_address>
         <size>0x11</size>
         <input_file_ref idref="fl-13"/>
      </object_component>
      <object_component id="oc-2f0">
         <name>.text:_ti_sysbios_gates_GateMutex_Handle__label__S</name>
         <load_address>0x8cea5</load_address>
         <run_address>0x8cea5</run_address>
         <size>0x11</size>
         <input_file_ref idref="fl-13"/>
      </object_component>
      <object_component id="oc-2ba">
         <name>.text:_ti_sysbios_heaps_HeapMem_Handle__label__S</name>
         <load_address>0x8ceb6</load_address>
         <run_address>0x8ceb6</run_address>
         <size>0x11</size>
         <input_file_ref idref="fl-13"/>
      </object_component>
      <object_component id="oc-2d2">
         <name>.text:_xdc_runtime_LoggerBuf_Handle__label__S</name>
         <load_address>0x8cec7</load_address>
         <run_address>0x8cec7</run_address>
         <size>0x11</size>
         <input_file_ref idref="fl-13"/>
      </object_component>
      <object_component id="oc-32b">
         <name>.text:_ti_sysbios_BIOS_rtsLock__I</name>
         <load_address>0x8ced8</load_address>
         <run_address>0x8ced8</run_address>
         <size>0x10</size>
         <input_file_ref idref="fl-13"/>
      </object_component>
      <object_component id="oc-3c9">
         <name>.text:_ti_sysbios_family_c28_Hwi_enableIER__E</name>
         <load_address>0x8cee8</load_address>
         <run_address>0x8cee8</run_address>
         <size>0x10</size>
         <input_file_ref idref="fl-13"/>
      </object_component>
      <object_component id="oc-431">
         <name>.text:_ti_sysbios_family_c28_Timer_stop__E</name>
         <load_address>0x8cef8</load_address>
         <run_address>0x8cef8</run_address>
         <size>0x10</size>
         <input_file_ref idref="fl-1f"/>
      </object_component>
      <object_component id="oc-458">
         <name>.text:_ti_sysbios_knl_Task_restoreHwi__E</name>
         <load_address>0x8cf08</load_address>
         <run_address>0x8cf08</run_address>
         <size>0x10</size>
         <input_file_ref idref="fl-1f"/>
      </object_component>
      <object_component id="oc-405">
         <name>.text:_xdc_runtime_SysMin_Module_startup__E</name>
         <load_address>0x8cf18</load_address>
         <run_address>0x8cf18</run_address>
         <size>0x10</size>
         <input_file_ref idref="fl-2f"/>
      </object_component>
      <object_component id="oc-29b">
         <name>.text:_ti_sysbios_BIOS_startFunc__I</name>
         <load_address>0x8cf28</load_address>
         <run_address>0x8cf28</run_address>
         <size>0xf</size>
         <input_file_ref idref="fl-13"/>
      </object_component>
      <object_component id="oc-346">
         <name>.text:_ti_sysbios_gates_GateMutex_Instance_init__E</name>
         <load_address>0x8cf37</load_address>
         <run_address>0x8cf37</run_address>
         <size>0xf</size>
         <input_file_ref idref="fl-1f"/>
      </object_component>
      <object_component id="oc-3de">
         <name>.text:_ti_sysbios_knl_Semaphore_Object__destruct__S</name>
         <load_address>0x8cf46</load_address>
         <run_address>0x8cf46</run_address>
         <size>0xf</size>
         <input_file_ref idref="fl-13"/>
      </object_component>
      <object_component id="oc-2cb">
         <name>.text:_xdc_runtime_LoggerBuf_write2__E</name>
         <load_address>0x8cf55</load_address>
         <run_address>0x8cf55</run_address>
         <size>0xf</size>
         <input_file_ref idref="fl-2b"/>
      </object_component>
      <object_component id="oc-443">
         <name>.text:_xdc_runtime_Registry_findById__E</name>
         <load_address>0x8cf64</load_address>
         <run_address>0x8cf64</run_address>
         <size>0xf</size>
         <input_file_ref idref="fl-33"/>
      </object_component>
      <object_component id="oc-452">
         <name>.text:_xdc_runtime_Text_visitRope__I</name>
         <load_address>0x8cf73</load_address>
         <run_address>0x8cf73</run_address>
         <size>0xf</size>
         <input_file_ref idref="fl-13"/>
      </object_component>
      <object_component id="oc-368">
         <name>.text:_ti_sysbios_family_c28_f2837x_TimestampProvider_get64__E</name>
         <load_address>0x8cf82</load_address>
         <run_address>0x8cf82</run_address>
         <size>0xe</size>
         <input_file_ref idref="fl-1f"/>
      </object_component>
      <object_component id="oc-40f">
         <name>.text:_ti_sysbios_knl_Queue_Object__destruct__S</name>
         <load_address>0x8cf90</load_address>
         <run_address>0x8cf90</run_address>
         <size>0xe</size>
         <input_file_ref idref="fl-13"/>
      </object_component>
      <object_component id="oc-3ec">
         <name>.text:_xdc_runtime_IHeap_alloc</name>
         <load_address>0x8cf9e</load_address>
         <run_address>0x8cf9e</run_address>
         <size>0xe</size>
         <input_file_ref idref="fl-13"/>
      </object_component>
      <object_component id="oc-1d2">
         <name>.text</name>
         <load_address>0x8cfac</load_address>
         <run_address>0x8cfac</run_address>
         <size>0xe</size>
         <input_file_ref idref="fl-46"/>
      </object_component>
      <object_component id="oc-2d5">
         <name>.text:_ti_sysbios_BIOS_registerRTSLock__I</name>
         <load_address>0x8cfba</load_address>
         <run_address>0x8cfba</run_address>
         <size>0xd</size>
         <input_file_ref idref="fl-13"/>
      </object_component>
      <object_component id="oc-2da">
         <name>.text:_ti_sysbios_BIOS_removeRTSLock__I</name>
         <load_address>0x8cfc7</load_address>
         <run_address>0x8cfc7</run_address>
         <size>0xd</size>
         <input_file_ref idref="fl-13"/>
      </object_component>
      <object_component id="oc-449">
         <name>.text:_ti_sysbios_family_c28_Hwi_dispatchC__I</name>
         <load_address>0x8cfd4</load_address>
         <run_address>0x8cfd4</run_address>
         <size>0xd</size>
         <input_file_ref idref="fl-1f"/>
      </object_component>
      <object_component id="oc-3cd">
         <name>.text:_ti_sysbios_family_c28_Hwi_restoreIER__E</name>
         <load_address>0x8cfe1</load_address>
         <run_address>0x8cfe1</run_address>
         <size>0xd</size>
         <input_file_ref idref="fl-13"/>
      </object_component>
      <object_component id="oc-43c">
         <name>.text:_ti_sysbios_knl_Task_SupportProxy_start__E</name>
         <load_address>0x8cfee</load_address>
         <run_address>0x8cfee</run_address>
         <size>0xd</size>
         <input_file_ref idref="fl-13"/>
      </object_component>
      <object_component id="oc-43b">
         <name>.text:_ti_sysbios_knl_Task_enter__I</name>
         <load_address>0x8cffb</load_address>
         <run_address>0x8cffb</run_address>
         <size>0xd</size>
         <input_file_ref idref="fl-1f"/>
      </object_component>
      <object_component id="oc-2c9">
         <name>.text:_xdc_runtime_LoggerBuf_write0__E</name>
         <load_address>0x8d008</load_address>
         <run_address>0x8d008</run_address>
         <size>0xd</size>
         <input_file_ref idref="fl-2b"/>
      </object_component>
      <object_component id="oc-2ca">
         <name>.text:_xdc_runtime_LoggerBuf_write1__E</name>
         <load_address>0x8d015</load_address>
         <run_address>0x8d015</run_address>
         <size>0xd</size>
         <input_file_ref idref="fl-2b"/>
      </object_component>
      <object_component id="oc-3c1">
         <name>.text:_xdc_runtime_Memory_HeapProxy_alloc__E</name>
         <load_address>0x8d022</load_address>
         <run_address>0x8d022</run_address>
         <size>0xd</size>
         <input_file_ref idref="fl-13"/>
      </object_component>
      <object_component id="oc-3aa">
         <name>.text:_xdc_runtime_System_abort__E</name>
         <load_address>0x8d02f</load_address>
         <run_address>0x8d02f</run_address>
         <size>0xd</size>
         <input_file_ref idref="fl-2e"/>
      </object_component>
      <object_component id="oc-3bf">
         <name>.text</name>
         <load_address>0x8d03c</load_address>
         <run_address>0x8d03c</run_address>
         <size>0xd</size>
         <input_file_ref idref="fl-5e"/>
      </object_component>
      <object_component id="oc-29c">
         <name>.text:_ti_sysbios_BIOS_exitFunc__I</name>
         <load_address>0x8d049</load_address>
         <run_address>0x8d049</run_address>
         <size>0xc</size>
         <input_file_ref idref="fl-13"/>
      </object_component>
      <object_component id="oc-2ed">
         <name>.text:_ti_sysbios_gates_GateMutex_leave__E</name>
         <load_address>0x8d055</load_address>
         <run_address>0x8d055</run_address>
         <size>0xc</size>
         <input_file_ref idref="fl-1f"/>
      </object_component>
      <object_component id="oc-3d7">
         <name>.text:_ti_sysbios_knl_Queue_put__E</name>
         <load_address>0x8d061</load_address>
         <run_address>0x8d061</run_address>
         <size>0xc</size>
         <input_file_ref idref="fl-1f"/>
      </object_component>
      <object_component id="oc-396">
         <name>.text:_ti_sysbios_knl_Task_enabled__E</name>
         <load_address>0x8d06d</load_address>
         <run_address>0x8d06d</run_address>
         <size>0xc</size>
         <input_file_ref idref="fl-1f"/>
      </object_component>
      <object_component id="oc-322">
         <name>.text:_xdc_runtime_Error_check__E</name>
         <load_address>0x8d079</load_address>
         <run_address>0x8d079</run_address>
         <size>0xc</size>
         <input_file_ref idref="fl-29"/>
      </object_component>
      <object_component id="oc-412">
         <name>.text:_xdc_runtime_System_aprintf__E</name>
         <load_address>0x8d085</load_address>
         <run_address>0x8d085</run_address>
         <size>0xc</size>
         <input_file_ref idref="fl-13"/>
      </object_component>
      <object_component id="oc-413">
         <name>.text:_xdc_runtime_System_printf__E</name>
         <load_address>0x8d091</load_address>
         <run_address>0x8d091</run_address>
         <size>0xc</size>
         <input_file_ref idref="fl-13"/>
      </object_component>
      <object_component id="oc-35b">
         <name>.text</name>
         <load_address>0x8d09d</load_address>
         <run_address>0x8d09d</run_address>
         <size>0xc</size>
         <input_file_ref idref="fl-54"/>
      </object_component>
      <object_component id="oc-3bd">
         <name>.text</name>
         <load_address>0x8d0a9</load_address>
         <run_address>0x8d0a9</run_address>
         <size>0xc</size>
         <input_file_ref idref="fl-5f"/>
      </object_component>
      <object_component id="oc-451">
         <name>.text:_ti_sysbios_family_c28_Hwi_Module__startupDone__F</name>
         <load_address>0x8d0b5</load_address>
         <run_address>0x8d0b5</run_address>
         <size>0xb</size>
         <input_file_ref idref="fl-13"/>
      </object_component>
      <object_component id="oc-44b">
         <name>.text:_ti_sysbios_family_c28_Timer_Module__startupDone__F</name>
         <load_address>0x8d0c0</load_address>
         <run_address>0x8d0c0</run_address>
         <size>0xb</size>
         <input_file_ref idref="fl-13"/>
      </object_component>
      <object_component id="oc-43e">
         <name>.text:_ti_sysbios_knl_Task_unblock__E</name>
         <load_address>0x8d0cb</load_address>
         <run_address>0x8d0cb</run_address>
         <size>0xb</size>
         <input_file_ref idref="fl-1f"/>
      </object_component>
      <object_component id="oc-323">
         <name>.text:_xdc_runtime_LoggerBuf_Instance_finalize__E</name>
         <load_address>0x8d0d6</load_address>
         <run_address>0x8d0d6</run_address>
         <size>0xb</size>
         <input_file_ref idref="fl-2b"/>
      </object_component>
      <object_component id="oc-2f6">
         <name>.text:_xdc_runtime_Startup_exec__I</name>
         <load_address>0x8d0e1</load_address>
         <run_address>0x8d0e1</run_address>
         <size>0xb</size>
         <input_file_ref idref="fl-13"/>
      </object_component>
      <object_component id="oc-351">
         <name>.text:_xdc_runtime_SysMin_exit__E</name>
         <load_address>0x8d0ec</load_address>
[...]
         <value>0x8d0d6</value>
         <object_component_ref idref="oc-323"/>
      </symbol>
      <symbol id="sm-d63">
         <name>_xdc_runtime_LoggerBuf_write4__E</name>
         <value>0x8b52a</value>
         <object_component_ref idref="oc-2cc"/>
      </symbol>
      <symbol id="sm-d64">
         <name>_xdc_runtime_LoggerBuf_getFilterLevel__E</name>
         <value>0x8c22c</value>
         <object_component_ref idref="oc-2cf"/>
      </symbol>
      <symbol id="sm-d65">
         <name>_xdc_runtime_LoggerBuf_disable__E</name>
         <value>0x8d281</value>
         <object_component_ref idref="oc-2c8"/>
      </symbol>
      <symbol id="sm-d66">
         <name>_xdc_runtime_LoggerBuf_setFilterLevel__E</name>
         <value>0x8c269</value>
         <object_component_ref idref="oc-2ce"/>
      </symbol>
      <symbol id="sm-d67">
         <name>_xdc_runtime_LoggerBuf_write8__E</name>
         <value>0x8abcc</value>
         <object_component_ref idref="oc-2cd"/>
      </symbol>
      <symbol id="sm-d68">
         <name>_xdc_runtime_LoggerBuf_write2__E</name>
         <value>0x8cf55</value>
         <object_component_ref idref="oc-2cb"/>
      </symbol>
      <symbol id="sm-d69">
         <name>_LoggerBuf_instanceStartup</name>
         <value>0x8cc84</value>
         <object_component_ref idref="oc-36b"/>
      </symbol>
      <symbol id="sm-d6a">
         <name>_xdc_runtime_LoggerBuf_filterOutEvent__I</name>
         <value>0x8c89d</value>
         <object_component_ref idref="oc-317"/>
      </symbol>
      <symbol id="sm-d6b">
         <name>_xdc_runtime_LoggerBuf_write1__E</name>
         <value>0x8d015</value>
         <object_component_ref idref="oc-2ca"/>
      </symbol>
      <symbol id="sm-d6c">
         <name>_xdc_runtime_LoggerBuf_enable__E</name>
         <value>0x8d24f</value>
         <object_component_ref idref="oc-2c7"/>
      </symbol>
      <symbol id="sm-d88">
         <name>_xdc_runtime_Memory_calloc__E</name>
         <value>0x8d1a4</value>
         <object_component_ref idref="oc-35a"/>
      </symbol>
      <symbol id="sm-d89">
         <name>_xdc_runtime_Memory_free__E</name>
         <value>0x8d121</value>
         <object_component_ref idref="oc-35c"/>
      </symbol>
      <symbol id="sm-d8a">
         <name>_xdc_runtime_Memory_valloc__E</name>
         <value>0x8cd6c</value>
         <object_component_ref idref="oc-3b4"/>
      </symbol>
      <symbol id="sm-d8b">
         <name>_xdc_runtime_Memory_alloc__E</name>
         <value>0x8be9b</value>
         <object_component_ref idref="oc-36a"/>
      </symbol>
      <symbol id="sm-d8c">
         <name>_xdc_runtime_Memory_getMaxDefaultTypeAlign__E</name>
         <value>0x8d297</value>
         <object_component_ref idref="oc-3c0"/>
      </symbol>
      <symbol id="sm-dad">
         <name>_xdc_runtime_Startup_startMods__I</name>
         <value>0x8b949</value>
         <object_component_ref idref="oc-3b0"/>
      </symbol>
      <symbol id="sm-dae">
         <name>_xdc_runtime_Startup_exec__E</name>
         <value>0x8c485</value>
         <object_component_ref idref="oc-291"/>
      </symbol>
      <symbol id="sm-e33">
         <name>_xdc_runtime_System_formatNum__I</name>
         <value>0x8c134</value>
         <object_component_ref idref="oc-455"/>
      </symbol>
      <symbol id="sm-e34">
         <name>_xdc_runtime_System_exit__E</name>
         <value>0x8d0f7</value>
         <object_component_ref idref="oc-293"/>
      </symbol>
      <symbol id="sm-e35">
         <name>_xdc_runtime_System_exitStd__E</name>
         <value>0x8d2d1</value>
         <object_component_ref idref="oc-2f9"/>
      </symbol>
      <symbol id="sm-e36">
         <name>_xdc_runtime_System_printf_va__F</name>
         <value>0x8cc09</value>
         <object_component_ref idref="oc-42c"/>
      </symbol>
      <symbol id="sm-e37">
         <name>_xdc_runtime_System_atexit__E</name>
         <value>0x8c8be</value>
         <object_component_ref idref="oc-2d4"/>
      </symbol>
      <symbol id="sm-e38">
         <name>_xdc_runtime_System_abortStd__E</name>
         <value>0x8d2ce</value>
         <object_component_ref idref="oc-3fa"/>
      </symbol>
      <symbol id="sm-e39">
         <name>_xdc_runtime_System_putchar__I</name>
         <value>0x8cb59</value>
         <object_component_ref idref="oc-456"/>
      </symbol>
      <symbol id="sm-e3a">
         <name>_xdc_runtime_System_snprintf_va__F</name>
         <value>0x8d12b</value>
         <object_component_ref idref="oc-446"/>
      </symbol>
      <symbol id="sm-e3b">
         <name>_xdc_runtime_System_Module_startup__E</name>
         <value>0x8d2c8</value>
         <object_component_ref idref="oc-404"/>
      </symbol>
      <symbol id="sm-e3c">
         <name>_xdc_runtime_System_avprintf__E</name>
         <value>0x8cb3f</value>
         <object_component_ref idref="oc-42b"/>
      </symbol>
      <symbol id="sm-e3d">
         <name>_xdc_runtime_System_vprintf__E</name>
         <value>0x8cc09</value>
         <object_component_ref idref="oc-42c"/>
      </symbol>
      <symbol id="sm-e3e">
         <name>_xdc_runtime_System_aprintf_va__F</name>
         <value>0x8cb3f</value>
         <object_component_ref idref="oc-42b"/>
      </symbol>
      <symbol id="sm-e3f">
         <name>_xdc_runtime_System_doPrint__I</name>
         <value>0x8989c</value>
         <object_component_ref idref="oc-448"/>
      </symbol>
      <symbol id="sm-e40">
         <name>_xdc_runtime_System_processAtExit__E</name>
         <value>0x8c7cb</value>
         <object_component_ref idref="oc-2aa"/>
      </symbol>
      <symbol id="sm-e41">
         <name>_xdc_runtime_System_vsnprintf__E</name>
         <value>0x8d12b</value>
         <object_component_ref idref="oc-446"/>
      </symbol>
      <symbol id="sm-e42">
         <name>_xdc_runtime_System_abort__E</name>
         <value>0x8d02f</value>
         <object_component_ref idref="oc-3aa"/>
      </symbol>
      <symbol id="sm-e62">
         <name>_xdc_runtime_SysMin_abort__E</name>
         <value>0x8cdaf</value>
         <object_component_ref idref="oc-3f9"/>
      </symbol>
      <symbol id="sm-e63">
         <name>_xdc_runtime_SysMin_ready__E</name>
         <value>0x8d1ac</value>
         <object_component_ref idref="oc-453"/>
      </symbol>
      <symbol id="sm-e64">
         <name>_xdc_runtime_SysMin_flush__E</name>
         <value>0x8c704</value>
         <object_component_ref idref="oc-3b3"/>
      </symbol>
      <symbol id="sm-e65">
         <name>_xdc_runtime_SysMin_Module_startup__E</name>
         <value>0x8cf18</value>
         <object_component_ref idref="oc-405"/>
      </symbol>
      <symbol id="sm-e66">
         <name>_xdc_runtime_SysMin_putch__E</name>
         <value>0x8c99c</value>
         <object_component_ref idref="oc-402"/>
      </symbol>
      <symbol id="sm-e67">
         <name>_xdc_runtime_SysMin_exit__E</name>
         <value>0x8d0ec</value>
         <object_component_ref idref="oc-351"/>
      </symbol>
      <symbol id="sm-eae">
         <name>_xdc_runtime_Text_putLab__E</name>
         <value>0x8bf43</value>
         <object_component_ref idref="oc-464"/>
      </symbol>
      <symbol id="sm-eaf">
         <name>_xdc_runtime_Text_printVisFxn__I</name>
         <value>0x8cc22</value>
         <object_component_ref idref="oc-445"/>
      </symbol>
      <symbol id="sm-eb0">
         <name>_xdc_runtime_Text_putMod__E</name>
         <value>0x8c1b1</value>
         <object_component_ref idref="oc-429"/>
      </symbol>
      <symbol id="sm-eb1">
         <name>_xdc_runtime_Text_cordText__E</name>
         <value>0x8ce27</value>
         <object_component_ref idref="oc-35d"/>
      </symbol>
      <symbol id="sm-eb2">
         <name>_xdc_runtime_Text_xprintf__I</name>
         <value>0x8c72d</value>
         <object_component_ref idref="oc-42a"/>
      </symbol>
      <symbol id="sm-eb3">
         <name>_xdc_runtime_Text_visitRope2__I</name>
         <value>0x8c453</value>
         <object_component_ref idref="oc-45d"/>
      </symbol>
      <symbol id="sm-eb4">
         <name>_xdc_runtime_Text_ropeText__E</name>
         <value>0x8d135</value>
         <object_component_ref idref="oc-362"/>
      </symbol>
      <symbol id="sm-eb5">
         <name>_xdc_runtime_Text_putSite__E</name>
         <value>0x8bb1a</value>
         <object_component_ref idref="oc-411"/>
      </symbol>
      <symbol id="sm-ec2">
         <name>___xdc__init</name>
         <value>0x8d29e</value>
         <object_component_ref idref="oc-294"/>
      </symbol>
      <symbol id="sm-ee4">
         <name>_xdc_runtime_Registry_findById__E</name>
         <value>0x8cf64</value>
         <object_component_ref idref="oc-443"/>
      </symbol>
      <symbol id="sm-efe">
         <name>_c_int00</name>
         <value>0x8bcc7</value>
         <object_component_ref idref="oc-84"/>
      </symbol>
      <symbol id="sm-eff">
         <name>__stack</name>
         <value>0x8000</value>
         <object_component_ref idref="oc-1af"/>
      </symbol>
      <symbol id="sm-f17">
         <name>_ti_catalog_c2800_initF2837x_Boot_initFlash</name>
         <value>0xb000</value>
         <object_component_ref idref="oc-3ae"/>
      </symbol>
      <symbol id="sm-f18">
         <name>_ti_catalog_c2800_initF2837x_Boot_defaultLimpAbortFunction</name>
         <value>0x8d2de</value>
         <object_component_ref idref="oc-3ab"/>
      </symbol>
      <symbol id="sm-f19">
         <name>_ti_catalog_c2800_initF2837x_Boot_configurePllDivs</name>
         <value>0x8c06a</value>
         <object_component_ref idref="oc-2f3"/>
      </symbol>
      <symbol id="sm-f1a">
         <name>_ti_catalog_c2800_initF2837x_Boot_initSharedRAMs</name>
         <value>0x8d16c</value>
         <object_component_ref idref="oc-2f4"/>
      </symbol>
      <symbol id="sm-f35">
         <name>FD$$ADD</name>
         <value>0x8b236</value>
         <object_component_ref idref="oc-1b9"/>
      </symbol>
      <symbol id="sm-f45">
         <name>FD$$CMP</name>
         <value>0x8c6b0</value>
         <object_component_ref idref="oc-1be"/>
      </symbol>
      <symbol id="sm-f5c">
         <name>FD$$DIV</name>
         <value>0x8b5b5</value>
         <object_component_ref idref="oc-1c3"/>
      </symbol>
      <symbol id="sm-f6e">
         <name>FD$$MPY</name>
         <value>0x8b6c8</value>
         <object_component_ref idref="oc-1c8"/>
      </symbol>
      <symbol id="sm-f7b">
         <name>FD$$NEG</name>
         <value>0x8d163</value>
         <object_component_ref idref="oc-1cd"/>
      </symbol>
      <symbol id="sm-f87">
         <name>FD$$SUB</name>
         <value>0x8cfac</value>
         <object_component_ref idref="oc-1d2"/>
      </symbol>
      <symbol id="sm-f96">
         <name>FD$$TOL</name>
         <value>0x8c97d</value>
         <object_component_ref idref="oc-1d7"/>
      </symbol>
      <symbol id="sm-fa7">
         <name>FS$$DIV</name>
         <value>0x8b640</value>
         <object_component_ref idref="oc-1dc"/>
      </symbol>
      <symbol id="sm-fd3">
         <name>ULL$$MOD</name>
         <value>0x8a7c3</value>
         <object_component_ref idref="oc-1e1"/>
      </symbol>
      <symbol id="sm-fd4">
         <name>ULL$$DIV</name>
         <value>0x8a794</value>
         <object_component_ref idref="oc-1e1"/>
      </symbol>
      <symbol id="sm-fd5">
         <name>LL$$MOD</name>
         <value>0x8a75a</value>
         <object_component_ref idref="oc-1e1"/>
      </symbol>
      <symbol id="sm-fd6">
         <name>LL$$DIV</name>
         <value>0x8a71e</value>
         <object_component_ref idref="oc-1e1"/>
      </symbol>
      <symbol id="sm-fe4">
         <name>I$$MOD</name>
         <value>0x8c86b</value>
         <object_component_ref idref="oc-1e6"/>
      </symbol>
      <symbol id="sm-fe5">
         <name>I$$DIV</name>
         <value>0x8c85a</value>
         <object_component_ref idref="oc-1e6"/>
      </symbol>
      <symbol id="sm-ff1">
         <name>U$$MOD</name>
         <value>0x8d107</value>
         <object_component_ref idref="oc-1eb"/>
      </symbol>
      <symbol id="sm-ff2">
         <name>U$$DIV</name>
         <value>0x8d102</value>
         <object_component_ref idref="oc-1eb"/>
      </symbol>
      <symbol id="sm-ffe">
         <name>UL$$MOD</name>
         <value>0x8c6fe</value>
         <object_component_ref idref="oc-1f0"/>
      </symbol>
      <symbol id="sm-fff">
         <name>L$$MOD</name>
         <value>0x8c6e9</value>
         <object_component_ref idref="oc-1f0"/>
      </symbol>
      <symbol id="sm-1000">
         <name>L$$DIV</name>
         <value>0x8c6da</value>
         <object_component_ref idref="oc-1f0"/>
      </symbol>
      <symbol id="sm-1001">
         <name>UL$$DIV</name>
         <value>0x8c6f7</value>
         <object_component_ref idref="oc-1f0"/>
      </symbol>
      <symbol id="sm-1011">
         <name>FS$$TOFD</name>
         <value>0x8ca4c</value>
         <object_component_ref idref="oc-1f5"/>
      </symbol>
      <symbol id="sm-1021">
         <name>FD$$TOFS</name>
         <value>0x8c837</value>
         <object_component_ref idref="oc-1fa"/>
      </symbol>
      <symbol id="sm-1030">
         <name>_copy_in</name>
         <value>0x8c7ef</value>
         <object_component_ref idref="oc-290"/>
      </symbol>
      <symbol id="sm-1041">
         <name>_memcpy</name>
         <value>0x8c9d8</value>
         <object_component_ref idref="oc-2a6"/>
      </symbol>
      <symbol id="sm-1055">
         <name>C$$EXIT</name>
         <value>0x8c756</value>
         <object_component_ref idref="oc-352"/>
      </symbol>
      <symbol id="sm-1056">
         <name>_exit</name>
         <value>0x8c758</value>
         <object_component_ref idref="oc-352"/>
      </symbol>
      <symbol id="sm-1057">
         <name>___TI_cleanup_ptr</name>
         <value>0xef3a</value>
         <object_component_ref idref="oc-20b"/>
      </symbol>
      <symbol id="sm-1058">
         <name>___TI_enable_exit_profile_output</name>
         <value>0xef38</value>
         <object_component_ref idref="oc-20b"/>
      </symbol>
      <symbol id="sm-1059">
         <name>_abort</name>
         <value>0x8c756</value>
         <object_component_ref idref="oc-352"/>
      </symbol>
      <symbol id="sm-105a">
         <name>___TI_dtors_ptr</name>
         <value>0xef3c</value>
         <object_component_ref idref="oc-20b"/>
      </symbol>
      <symbol id="sm-106e">
         <name>__unlock</name>
         <value>0x10058</value>
         <object_component_ref idref="oc-36d"/>
      </symbol>
      <symbol id="sm-106f">
         <name>__lock</name>
         <value>0xef3e</value>
         <object_component_ref idref="oc-36e"/>
      </symbol>
      <symbol id="sm-1070">
         <name>__register_lock</name>
         <value>0x8d15e</value>
         <object_component_ref idref="oc-326"/>
      </symbol>
      <symbol id="sm-1071">
         <name>__nop</name>
         <value>0x8d162</value>
         <object_component_ref idref="oc-326"/>
      </symbol>
      <symbol id="sm-1072">
         <name>__register_unlock</name>
         <value>0x8d15a</value>
         <object_component_ref idref="oc-326"/>
      </symbol>
      <symbol id="sm-1081">
         <name>__args_main</name>
         <value>0x8cc3b</value>
         <object_component_ref idref="oc-292"/>
      </symbol>
      <symbol id="sm-108f">
         <name>_memset</name>
         <value>0x8d09d</value>
         <object_component_ref idref="oc-35b"/>
      </symbol>
      <symbol id="sm-10a5">
         <name>_strlen</name>
         <value>0x8d1b4</value>
         <object_component_ref idref="oc-310"/>
      </symbol>
      <symbol id="sm-10b2">
         <name>_HOSTwrite</name>
         <value>0x8c317</value>
         <object_component_ref idref="oc-40d"/>
      </symbol>
      <symbol id="sm-10cb">
         <name>___TI_readmsg</name>
         <value>0x8b460</value>
         <object_component_ref idref="oc-428"/>
      </symbol>
      <symbol id="sm-10cc">
         <name>C$$IO$$</name>
         <value>0x8b45b</value>
         <object_component_ref idref="oc-428"/>
      </symbol>
      <symbol id="sm-10cd">
         <name>__CIOBUF_</name>
         <value>0x8c00</value>
         <object_component_ref idref="oc-22f"/>
      </symbol>
      <symbol id="sm-10ce">
         <name>___TI_writemsg</name>
         <value>0x8b408</value>
         <object_component_ref idref="oc-428"/>
      </symbol>
      <symbol id="sm-10dc">
         <name>_vsprintf</name>
         <value>0x8c517</value>
         <object_component_ref idref="oc-30f"/>
      </symbol>
      <symbol id="sm-1208">
         <name>___TI_printfi</name>
         <value>0x88ae2</value>
         <object_component_ref idref="oc-367"/>
      </symbol>
      <symbol id="sm-121c">
         <name>_atoi</name>
         <value>0x8c4b6</value>
         <object_component_ref idref="oc-3b9"/>
      </symbol>
      <symbol id="sm-1224">
         <name>__ctypes_</name>
         <value>0x83926</value>
         <object_component_ref idref="oc-3ea"/>
      </symbol>
      <symbol id="sm-1232">
         <name>_ltoa</name>
         <value>0x8c5d1</value>
         <object_component_ref idref="oc-3ba"/>
      </symbol>
      <symbol id="sm-1241">
         <name>_memccpy</name>
         <value>0x8d03c</value>
         <object_component_ref idref="oc-3bf"/>
      </symbol>
      <symbol id="sm-1250">
         <name>_strchr</name>
         <value>0x8d0a9</value>
         <object_component_ref idref="oc-3bd"/>
      </symbol>
      <symbol id="sm-125d">
         <name>_strcpy</name>
         <value>0x8d286</value>
         <object_component_ref idref="oc-3be"/>
      </symbol>
      <symbol id="sm-1269">
         <name>_parmbuf</name>
         <value>0xef30</value>
         <object_component_ref idref="oc-25c"/>
      </symbol>
      <symbol id="sm-127c">
         <name>_frexpl</name>
         <value>0x8bdea</value>
         <object_component_ref idref="oc-3bb"/>
      </symbol>
      <symbol id="sm-1299">
         <name>_scalbnl</name>
         <value>0x8ae21</value>
         <object_component_ref idref="oc-3bc"/>
      </symbol>
      <symbol id="sm-129a">
         <name>_ldexpl</name>
         <value>0x8ae21</value>
         <object_component_ref idref="oc-3bc"/>
      </symbol>
      <symbol id="sm-12a9">
         <name>FD$$TOI</name>
         <value>0x8c8df</value>
         <object_component_ref idref="oc-26d"/>
      </symbol>
      <symbol id="sm-12b5">
         <name>LL$$AND</name>
         <value>0x8cc9c</value>
         <object_component_ref idref="oc-272"/>
      </symbol>
      <symbol id="sm-12b6">
         <name>LL$$OR</name>
         <value>0x8cca4</value>
         <object_component_ref idref="oc-272"/>
      </symbol>
      <symbol id="sm-12b7">
         <name>LL$$XOR</name>
         <value>0x8ccac</value>
         <object_component_ref idref="oc-272"/>
      </symbol>
      <symbol id="sm-12c5">
         <name>ULL$$CMP</name>
         <value>0x8c9cc</value>
         <object_component_ref idref="oc-277"/>
      </symbol>
      <symbol id="sm-12c6">
         <name>LL$$CMP</name>
         <value>0x8c9ba</value>
         <object_component_ref idref="oc-277"/>
      </symbol>
      <symbol id="sm-12d6">
         <name>I$$TOFD</name>
         <value>0x8ca13</value>
         <object_component_ref idref="oc-27c"/>
      </symbol>
      <symbol id="sm-12e6">
         <name>L$$TOFD</name>
         <value>0x8ca68</value>
         <object_component_ref idref="oc-281"/>
      </symbol>
      <symbol id="sm-12f0">
         <name>_errno</name>
         <value>0x10043</value>
         <object_component_ref idref="oc-288"/>
      </symbol>
      <symbol id="sm-12fd">
         <name>_copysignl</name>
         <value>0x8c813</value>
         <object_component_ref idref="oc-3eb"/>
      </symbol>
   </symbol_table>
   <title>Link successful</title>
</link_info>
