******************************************************************************
             TMS320C2000 Linker PC v17.6.0                     
******************************************************************************
>> Linked Mon Sep 17 17:15:36 2018

OUTPUT FILE NAME:   <lab3.out>
ENTRY POINT SYMBOL: "_c_int00"  address: 0008baa4


MEMORY CONFIGURATION

         name            origin    length      used     unused   attr    fill
----------------------  --------  ---------  --------  --------  ----  --------
PAGE 0:
  D01SARAM              0000b000   00001000  00000027  00000fd9  RWIX
  BEGIN                 00080000   00000002  00000002  00000000  RWIX
  FLASHA                00080002   00001ffe  000007db  00001823  RWIX
  FLASHB                00082000   00002000  00001f6d  00000093  RWIX
  FLASHC                00084000   00002000  00000000  00002000  RWIX
  FLASHD                00086000   00002000  00000000  00002000  RWIX
  FLASHE                00088000   00008000  000050a0  00002f60  RWIX
  FLASHF                00090000   00008000  00000000  00008000  RWIX
  FLASHG                00098000   00008000  00000000  00008000  RWIX
  FLASHH                000a0000   00008000  00000000  00008000  RWIX
  FLASHI                000a8000   00008000  00000000  00008000  RWIX
  FLASHJ                000b0000   00008000  00000000  00008000  RWIX
  FLASHK                000b8000   00002000  00000000  00002000  RWIX
  FLASHL                000ba000   00002000  00000000  00002000  RWIX
  FLASHM                000bc000   00002000  00000000  00002000  RWIX
  FLASHN                000be000   00002000  00000000  00002000  RWIX
  RESET                 003fffc0   00000002  00000000  00000002  RWIX

PAGE 1:
  BOOT_RSVD             00000002   00000120  00000000  00000120  RWIX
  M1SARAM               00000400   00000400  000001bc  00000244  RWIX
  ADCA_RESULT           00000b00   00000020  00000018  00000008  RWIX
  ADCB_RESULT           00000b20   00000020  00000018  00000008  RWIX
  ADCC_RESULT           00000b40   00000020  00000018  00000008  RWIX
  ADCD_RESULT           00000b60   00000020  00000018  00000008  RWIX
  CPU_TIMER0            00000c00   00000008  00000008  00000000  RWIX
  CPU_TIMER1            00000c08   00000008  00000008  00000000  RWIX
  CPU_TIMER2            00000c10   00000008  00000008  00000000  RWIX
  PIE_CTRL              00000ce0   00000020  0000001a  00000006  RWIX
  PIE_VECT              00000d00   00000200  00000000  00000200  RWIX
  DMA                   00001000   00000200  000000e0  00000120  RWIX
  CLA1                  00001400   00000040  0000003c  00000004  RWIX
  EPWM1                 00004000   00000100  00000100  00000000  RWIX
  EPWM2                 00004100   00000100  00000100  00000000  RWIX
  EPWM3                 00004200   00000100  00000100  00000000  RWIX
  EPWM4                 00004300   00000100  00000100  00000000  RWIX
  EPWM5                 00004400   00000100  00000100  00000000  RWIX
  EPWM6                 00004500   00000100  00000100  00000000  RWIX
  EPWM7                 00004600   00000100  00000100  00000000  RWIX
  EPWM8                 00004700   00000100  00000100  00000000  RWIX
  EPWM9                 00004800   00000100  00000100  00000000  RWIX
  EPWM10                00004900   00000100  00000100  00000000  RWIX
  EPWM11                00004a00   00000100  00000100  00000000  RWIX
  EPWM12                00004b00   00000100  00000100  00000000  RWIX
  ECAP1                 00005000   00000020  00000020  00000000  RWIX
  ECAP2                 00005020   00000020  00000020  00000000  RWIX
  ECAP3                 00005040   00000020  00000020  00000000  RWIX
  ECAP4                 00005060   00000020  00000020  00000000  RWIX
  ECAP5                 00005080   00000020  00000020  00000000  RWIX
  ECAP6                 000050a0   00000020  00000020  00000000  RWIX
  EQEP1                 00005100   00000040  00000022  0000001e  RWIX
  EQEP2                 00005140   00000040  00000022  0000001e  RWIX
  EQEP3                 00005180   00000040  00000022  0000001e  RWIX
  DACA                  00005c00   00000010  00000008  00000008  RWIX
  DACB                  00005c10   00000010  00000008  00000008  RWIX
  DACC                  00005c20   00000010  00000008  00000008  RWIX
  CMPSS1                00005c80   00000020  00000020  00000000  RWIX
  CMPSS2                00005ca0   00000020  00000020  00000000  RWIX
  CMPSS3                00005cc0   00000020  00000020  00000000  RWIX
  CMPSS4                00005ce0   00000020  00000020  00000000  RWIX
  CMPSS5                00005d00   00000020  00000020  00000000  RWIX
  CMPSS6                00005d20   00000020  00000020  00000000  RWIX
  CMPSS7                00005d40   00000020  00000020  00000000  RWIX
  CMPSS8                00005d60   00000020  00000020  00000000  RWIX
  SDFM1                 00005e00   00000080  00000080  00000000  RWIX
  SDFM2                 00005e80   00000080  00000080  00000000  RWIX
  MCBSPA                00006000   00000040  00000024  0000001c  RWIX
  MCBSPB                00006040   00000040  00000024  0000001c  RWIX
  SPIA                  00006100   00000010  00000010  00000000  RWIX
  SPIB                  00006110   00000010  00000010  00000000  RWIX
  SPIC                  00006120   00000010  00000010  00000000  RWIX
  SPID                  00006130   00000010  00000000  00000010  RWIX
  UPP                   00006200   00000100  00000048  000000b8  RWIX
  WD                    00007000   00000040  0000002b  00000015  RWIX
  NMIINTRUPT            00007060   00000010  00000007  00000009  RWIX
  XINT                  00007070   00000010  0000000b  00000005  RWIX
  SCIA                  00007200   00000010  00000010  00000000  RWIX
  SCIB                  00007210   00000010  00000010  00000000  RWIX
  SCIC                  00007220   00000010  00000010  00000000  RWIX
  SCID                  00007230   00000010  00000010  00000000  RWIX
  I2CA                  00007300   00000040  00000022  0000001e  RWIX
  I2CB                  00007340   00000040  00000022  0000001e  RWIX
  ADCA                  00007400   00000080  00000080  00000000  RWIX
  ADCB                  00007480   00000080  00000080  00000000  RWIX
  ADCC                  00007500   00000080  00000080  00000000  RWIX
  ADCD                  00007580   00000080  00000080  00000000  RWIX
  INPUT_XBAR            00007900   00000020  00000020  00000000  RWIX
  XBAR                  00007920   00000020  00000020  00000000  RWIX
  TRIG                  00007940   00000010  00000006  0000000a  RWIX
  DMACLASRCSEL          00007980   00000040  0000001a  00000026  RWIX
  EPWM_XBAR             00007a00   00000040  00000040  00000000  RWIX
  CLB_XBAR              00007a40   00000040  00000000  00000040  RWIX
  OUTPUT_XBAR           00007a80   00000040  00000040  00000000  RWIX
  GPIOCTRL              00007c00   00000180  00000180  00000000  RWIX
  GPIODAT               00007f00   00000030  00000030  00000000  RWIX
  LS05SARAM             00008000   00003000  00000d20  000022e0  RWIX
  RAMGS07               0000c000   00008000  00005482  00002b7e  RWIX
  RAMGS815              00014000   00008000  00000000  00008000  RWIX
  CPU2TOCPU1RAM         0003f800   00000400  00000000  00000400  RWIX
  CPU1TOCPU2RAM         0003fc00   00000400  00000000  00000400  RWIX
  EMIF1                 00047000   00000800  00000070  00000790  RWIX
  EMIF2                 00047800   00000800  00000070  00000790  RWIX
  DEV_CFG               0005d000   00000180  0000012e  00000052  RWIX
  ANALOG_SUBSYS         0005d180   00000080  00000048  00000038  RWIX
  CLK_CFG               0005d200   00000100  00000032  000000ce  RWIX
  CPU_SYS               0005d300   00000100  00000082  0000007e  RWIX
  ROMPREFETCH           0005e608   00000002  00000002  00000000  RWIX
  DCSM_Z1               0005f000   00000030  00000024  0000000c  RWIX
  DCSM_Z2               0005f040   00000030  00000024  0000000c  RWIX
  DCSM_COMMON           0005f070   00000010  00000008  00000008  RWIX
  MEMCFG                0005f400   00000080  00000080  00000000  RWIX
  EMIF1CONFIG           0005f480   00000020  00000020  00000000  RWIX
  EMIF2CONFIG           0005f4a0   00000020  00000020  00000000  RWIX
  ACCESSPROTECTION      0005f4c0   00000040  00000040  00000000  RWIX
  MEMORYERROR           0005f500   00000040  00000040  00000000  RWIX
  ROMWAITSTATE          0005f540   00000002  00000002  00000000  RWIX
  FLASH0_CTRL           0005f800   00000300  00000182  0000017e  RWIX
  FLASH0_ECC            0005fb00   00000040  00000028  00000018  RWIX
  FLASH1_CTRL           0005fc00   00000300  00000182  0000017e  RWIX
  FLASH1_ECC            0005ff00   00000040  00000028  00000018  RWIX
  DCSM_Z1_OTP           00078000   00000020  00000020  00000000  RWIX
  DCSM_Z2_OTP           00078200   00000020  00000020  00000000  RWIX


SECTION ALLOCATION MAP

 output                                  attributes/
section   page    origin      length       input sections
--------  ----  ----------  ----------   ----------------
.text:ti_catalog_c2800_initF2837x_flashfuncs 
*          0    000801be    00000027     RUN ADDR = 0000b000
                  000801be    00000027     Boot.a28FP : Boot.o28FP (.text:ti_catalog_c2800_initF2837x_flashfuncs:_ti_catalog_c2800_initF2837x_Boot_initFlash)

xdc.meta   0    00000000    000000e6     COPY SECTION
                  00000000    000000e6     lab3_p28FP.o28FP (xdc.meta)

codestart 
*          0    00080000    00000002     
                  00080000    00000002     F2837xS_CodeStartBranch.obj (codestart)

ramfuncs   0    00080002    000001bc     RUN ADDR = 00000400
                  00080002    0000016e     f28377sSerial.obj (ramfuncs)
                  00080170    0000004a     F2837xS_SysCtrl.obj (ramfuncs)
                  000801ba    00000004     F2837xS_usDelay.obj (ramfuncs)

.cinit     0    000801e5    000005b2     
                  000801e5    000004f0     lab3_p28FP.o28FP (.cinit)
                  000806d5    000000a4     user_lab3.obj (.cinit)
                  00080779    0000000e     rts2800_fpu32.lib : exit.obj (.cinit)
                  00080787    00000005                       : _lock.obj (.cinit:__lock)
                  0008078c    00000005                       : _lock.obj (.cinit:__unlock)
                  00080791    00000004                       : errno.obj (.cinit)
                  00080795    00000002     --HOLE-- [fill = 0]

.switch    0    00080798    0000003c     
                  00080798    00000020     user_lab3.obj (.switch:_mytaskfunc)
                  000807b8    0000001c     sysbios.a28FP : BIOS.obj (.switch:_ti_sysbios_family_c28_Hwi_clearInterrupt__E)

.binit     0    000807d4    0000000a     
                  000807d4    0000000a     (.binit)

.pinit     0    00080002    00000000     UNINITIALIZED

.econst    0    00082000    00001f6d     
                  00082000    00001795     lab3_p28FP.o28FP (.econst:xdc_runtime_Text_charTab__A)
                  00083795    00000001     lab3_p28FP.o28FP (.econst:ti_sysbios_family_c28_Hwi_Module__id__C)
                  00083796    000001c0     lab3_p28FP.o28FP (.econst:_ti_sysbios_family_c28_Hwi_vectors)
                  00083956    00000101     rts2800_fpu32.lib : ctype.obj (.econst:.string:__ctypes_)
                  00083a57    00000001     lab3_p28FP.o28FP (.econst:ti_sysbios_family_c28_Hwi_Module__loggerDefined__C)
                  00083a58    00000077     lab3_p28FP.o28FP (.econst:.string)
                  00083acf    00000001     lab3_p28FP.o28FP (.econst:ti_sysbios_family_c28_Hwi_NUM_INTERRUPTS_ALL__C)
                  00083ad0    00000058     ti.targets.rts2800.a28FP : Error.o28FP (.econst:.string)
                  00083b28    00000058     lab3_p28FP.o28FP (.econst:xdc_runtime_Text_nodeTab__A)
                  00083b80    00000047     ti.targets.rts2800.a28FP : Log.o28FP (.econst:.string)
                  00083bc7    00000001     lab3_p28FP.o28FP (.econst:ti_sysbios_family_c28_Hwi_Object__count__C)
                  00083bc8    00000043     ti.targets.rts2800.a28FP : Text.o28FP (.econst:.string)
                  00083c0b    00000001     lab3_p28FP.o28FP (.econst:ti_sysbios_family_c28_TaskSupport_Module__id__C)
                  00083c0c    00000039     user_lab3.obj (.econst:.string)
                  00083c45    00000001     lab3_p28FP.o28FP (.econst:ti_sysbios_family_c28_Timer_startupNeeded__C)
                  00083c46    0000002a     ti.targets.rts2800.a28FP : Startup.o28FP (.econst:.string)
                  00083c70    00000026     rts2800_fpu32.lib : _printfi.obj (.econst:.string)
                  00083c96    0000001e     lab3_p28FP.o28FP (.econst:xdc_runtime_LoggerBuf_Module__FXNS__C)
                  00083cb4    0000001c     rts2800_fpu32.lib : _printfi.obj (.econst)
                  00083cd0    0000001c                       : s_scalbn.obj (.econst)
                  00083cec    00000019     ti.targets.rts2800.a28FP : System.o28FP (.econst:.string)
                  00083d05    00000001     lab3_p28FP.o28FP (.econst:ti_sysbios_gates_GateMutex_Module__id__C)
                  00083d06    00000016     lab3_p28FP.o28FP (.econst)
                  00083d1c    00000014     lab3_p28FP.o28FP (.econst:ti_sysbios_heaps_HeapMem_Module__FXNS__C)
                  00083d30    00000014     lab3_p28FP.o28FP (.econst:xdc_runtime_Startup_sfxnTab__A)
                  00083d44    00000012     lab3_p28FP.o28FP (.econst:ti_sysbios_gates_GateHwi_Module__FXNS__C)
                  00083d56    00000012     lab3_p28FP.o28FP (.econst:ti_sysbios_gates_GateMutex_Module__FXNS__C)
                  00083d68    00000012     lab3_p28FP.o28FP (.econst:ti_sysbios_heaps_HeapMem_Object__PARAMS__C)
                  00083d7a    00000012     lab3_p28FP.o28FP (.econst:xdc_runtime_LoggerBuf_Object__PARAMS__C)
                  00083d8c    00000010     lab3_p28FP.o28FP (.econst:ti_sysbios_gates_GateHwi_Object__DESC__C)
                  00083d9c    00000010     lab3_p28FP.o28FP (.econst:ti_sysbios_gates_GateMutex_Object__DESC__C)
                  00083dac    00000010     lab3_p28FP.o28FP (.econst:ti_sysbios_heaps_HeapMem_Object__DESC__C)
                  00083dbc    00000010     lab3_p28FP.o28FP (.econst:ti_sysbios_knl_Queue_Object__DESC__C)
                  00083dcc    00000010     lab3_p28FP.o28FP (.econst:ti_sysbios_knl_Semaphore_Object__DESC__C)
                  00083ddc    00000010     lab3_p28FP.o28FP (.econst:ti_sysbios_knl_Semaphore_Object__PARAMS__C)
                  00083dec    00000010     lab3_p28FP.o28FP (.econst:xdc_runtime_LoggerBuf_Object__DESC__C)
                  00083dfc    0000000c     lab3_p28FP.o28FP (.econst:ti_sysbios_gates_GateHwi_Object__PARAMS__C)
                  00083e08    0000000c     lab3_p28FP.o28FP (.econst:ti_sysbios_gates_GateMutex_Object__PARAMS__C)
                  00083e14    0000000c     lab3_p28FP.o28FP (.econst:ti_sysbios_knl_Queue_Object__PARAMS__C)
                  00083e20    0000000a     lab3_p28FP.o28FP (.econst:xdc_runtime_Startup_sfxnRts__A)
                  00083e2a    00000008     rts2800_fpu32.lib : s_frexp.obj (.econst)
                  00083e32    00000006     lab3_p28FP.o28FP (.econst:xdc_runtime_Startup_firstFxns__A)
                  00083e38    00000005     ti.targets.rts2800.a28FP : Assert.o28FP (.econst:.string)
                  00083e3d    00000001     lab3_p28FP.o28FP (.econst:ti_sysbios_hal_Hwi_Module__id__C)
                  00083e3e    00000004     lab3_p28FP.o28FP (.econst:ti_sysbios_knl_Idle_funcList__C)
                  00083e42    00000004     lab3_p28FP.o28FP (.econst:xdc_runtime_Startup_firstFxns__C)
                  00083e46    00000004     lab3_p28FP.o28FP (.econst:xdc_runtime_Startup_lastFxns__C)
                  00083e4a    00000003     lcd.obj (.econst:.string:_$P$T1$2)
                  00083e4d    00000002     lcd.obj (.econst:.string:_$P$T0$1)
                  00083e4f    00000002     lcd.obj (.econst:.string:_$P$T2$3)
                  00083e51    00000001     lab3_p28FP.o28FP (.econst:ti_sysbios_heaps_HeapMem_Module__id__C)
                  00083e52    00000002     lab3_p28FP.o28FP (.econst:ti_sysbios_BIOS_installedErrorHook__C)
                  00083e54    00000002     lab3_p28FP.o28FP (.econst:ti_sysbios_family_c28_Hwi_A_badIntNum__C)
                  00083e56    00000002     lab3_p28FP.o28FP (.econst:ti_sysbios_family_c28_Hwi_A_invalidArg__C)
                  00083e58    00000002     lab3_p28FP.o28FP (.econst:ti_sysbios_family_c28_Hwi_E_unpluggedInterrupt__C)
                  00083e5a    00000002     lab3_p28FP.o28FP (.econst:ti_sysbios_family_c28_Hwi_LD_end__C)
                  00083e5c    00000002     lab3_p28FP.o28FP (.econst:ti_sysbios_family_c28_Hwi_LM_begin__C)
                  00083e5e    00000002     lab3_p28FP.o28FP (.econst:ti_sysbios_family_c28_Hwi_Module__diagsEnabled__C)
                  00083e60    00000002     lab3_p28FP.o28FP (.econst:ti_sysbios_family_c28_Hwi_Module__diagsIncluded__C)
                  00083e62    00000002     lab3_p28FP.o28FP (.econst:ti_sysbios_family_c28_Hwi_Module__diagsMask__C)
                  00083e64    00000002     lab3_p28FP.o28FP (.econst:ti_sysbios_family_c28_Hwi_Module__loggerFxn1__C)
                  00083e66    00000002     lab3_p28FP.o28FP (.econst:ti_sysbios_family_c28_Hwi_Module__loggerFxn8__C)
                  00083e68    00000002     lab3_p28FP.o28FP (.econst:ti_sysbios_family_c28_Hwi_Module__loggerObj__C)
                  00083e6a    00000002     lab3_p28FP.o28FP (.econst:ti_sysbios_family_c28_Hwi_Object__table__C)
                  00083e6c    00000002     lab3_p28FP.o28FP (.econst:ti_sysbios_family_c28_TaskSupport_E_invalidStack__C)
                  00083e6e    00000002     lab3_p28FP.o28FP (.econst:ti_sysbios_gates_GateMutex_A_badContext__C)
                  00083e70    00000002     lab3_p28FP.o28FP (.econst:ti_sysbios_gates_GateMutex_Instance_State_sem__O)
                  00083e72    00000002     lab3_p28FP.o28FP (.econst:ti_sysbios_gates_GateMutex_Module__diagsEnabled__C)
                  00083e74    00000002     lab3_p28FP.o28FP (.econst:ti_sysbios_gates_GateMutex_Module__diagsIncluded__C)
                  00083e76    00000002     lab3_p28FP.o28FP (.econst:ti_sysbios_gates_GateMutex_Module__diagsMask__C)
                  00083e78    00000002     lab3_p28FP.o28FP (.econst:ti_sysbios_hal_Hwi_E_stackOverflow__C)
                  00083e7a    00000002     lab3_p28FP.o28FP (.econst:ti_sysbios_heaps_HeapMem_A_align__C)
                  00083e7c    00000002     lab3_p28FP.o28FP (.econst:ti_sysbios_heaps_HeapMem_A_heapSize__C)
                  00083e7e    00000002     lab3_p28FP.o28FP (.econst:ti_sysbios_heaps_HeapMem_A_invalidFree__C)
                  00083e80    00000002     lab3_p28FP.o28FP (.econst:ti_sysbios_heaps_HeapMem_A_zeroBlock__C)
                  00083e82    00000002     lab3_p28FP.o28FP (.econst:ti_sysbios_heaps_HeapMem_E_memory__C)
                  00083e84    00000002     lab3_p28FP.o28FP (.econst:ti_sysbios_heaps_HeapMem_Module__diagsEnabled__C)
                  00083e86    00000002     lab3_p28FP.o28FP (.econst:ti_sysbios_heaps_HeapMem_Module__diagsIncluded__C)
                  00083e88    00000002     lab3_p28FP.o28FP (.econst:ti_sysbios_heaps_HeapMem_Module__diagsMask__C)
                  00083e8a    00000002     lab3_p28FP.o28FP (.econst:ti_sysbios_heaps_HeapMem_Module__gateObj__C)
                  00083e8c    00000002     lab3_p28FP.o28FP (.econst:ti_sysbios_heaps_HeapMem_Object__table__C)
                  00083e8e    00000002     lab3_p28FP.o28FP (.econst:ti_sysbios_heaps_HeapMem_reqAlign__C)
                  00083e90    00000002     lab3_p28FP.o28FP (.econst:ti_sysbios_knl_Clock_LM_begin__C)
                  00083e92    00000002     lab3_p28FP.o28FP (.econst:ti_sysbios_knl_Clock_LM_tick__C)
                  00083e94    00000002     lab3_p28FP.o28FP (.econst:ti_sysbios_knl_Clock_LW_delayed__C)
                  00083e96    00000002     lab3_p28FP.o28FP (.econst:ti_sysbios_knl_Clock_Module_State_clockQ__O)
                  00083e98    00000002     lab3_p28FP.o28FP (.econst:ti_sysbios_knl_Clock_Module__diagsEnabled__C)
                  00083e9a    00000002     lab3_p28FP.o28FP (.econst:ti_sysbios_knl_Clock_Module__diagsIncluded__C)
                  00083e9c    00000002     lab3_p28FP.o28FP (.econst:ti_sysbios_knl_Clock_Module__diagsMask__C)
                  00083e9e    00000002     lab3_p28FP.o28FP (.econst:ti_sysbios_knl_Clock_Module__loggerFxn1__C)
                  00083ea0    00000002     lab3_p28FP.o28FP (.econst:ti_sysbios_knl_Clock_Module__loggerFxn2__C)
                  00083ea2    00000002     lab3_p28FP.o28FP (.econst:ti_sysbios_knl_Clock_Module__loggerObj__C)
                  00083ea4    00000002     lab3_p28FP.o28FP (.econst:ti_sysbios_knl_Idle_funcList__A)
                  00083ea6    00000002     lab3_p28FP.o28FP (.econst:ti_sysbios_knl_Mailbox_Instance_State_freeQue__O)
                  00083ea8    00000002     lab3_p28FP.o28FP (.econst:ti_sysbios_knl_Mailbox_Object__table__C)
                  00083eaa    00000002     lab3_p28FP.o28FP (.econst:ti_sysbios_knl_Queue_Object__table__C)
                  00083eac    00000002     lab3_p28FP.o28FP (.econst:ti_sysbios_knl_Semaphore_A_badContext__C)
                  00083eae    00000002     lab3_p28FP.o28FP (.econst:ti_sysbios_knl_Semaphore_A_noEvents__C)
                  00083eb0    00000002     lab3_p28FP.o28FP (.econst:ti_sysbios_knl_Semaphore_A_overflow__C)
                  00083eb2    00000002     lab3_p28FP.o28FP (.econst:ti_sysbios_knl_Semaphore_A_pendTaskDisabled__C)
                  00083eb4    00000002     lab3_p28FP.o28FP (.econst:ti_sysbios_knl_Semaphore_Instance_State_pendQ__O)
                  00083eb6    00000002     lab3_p28FP.o28FP (.econst:ti_sysbios_knl_Semaphore_LM_pend__C)
                  00083eb8    00000002     lab3_p28FP.o28FP (.econst:ti_sysbios_knl_Semaphore_LM_post__C)
                  00083eba    00000002     lab3_p28FP.o28FP (.econst:ti_sysbios_knl_Semaphore_Module__diagsEnabled__C)
                  00083ebc    00000002     lab3_p28FP.o28FP (.econst:ti_sysbios_knl_Semaphore_Module__diagsIncluded__C)
                  00083ebe    00000002     lab3_p28FP.o28FP (.econst:ti_sysbios_knl_Semaphore_Module__diagsMask__C)
                  00083ec0    00000002     lab3_p28FP.o28FP (.econst:ti_sysbios_knl_Semaphore_Module__loggerFxn2__C)
                  00083ec2    00000002     lab3_p28FP.o28FP (.econst:ti_sysbios_knl_Semaphore_Module__loggerFxn4__C)
                  00083ec4    00000002     lab3_p28FP.o28FP (.econst:ti_sysbios_knl_Semaphore_Module__loggerObj__C)
                  00083ec6    00000002     lab3_p28FP.o28FP (.econst:ti_sysbios_knl_Swi_LD_end__C)
                  00083ec8    00000002     lab3_p28FP.o28FP (.econst:ti_sysbios_knl_Swi_LM_begin__C)
                  00083eca    00000002     lab3_p28FP.o28FP (.econst:ti_sysbios_knl_Swi_LM_post__C)
                  00083ecc    00000002     lab3_p28FP.o28FP (.econst:ti_sysbios_knl_Swi_Module__diagsEnabled__C)
                  00083ece    00000002     lab3_p28FP.o28FP (.econst:ti_sysbios_knl_Swi_Module__diagsIncluded__C)
                  00083ed0    00000002     lab3_p28FP.o28FP (.econst:ti_sysbios_knl_Swi_Module__diagsMask__C)
                  00083ed2    00000002     lab3_p28FP.o28FP (.econst:ti_sysbios_knl_Swi_Module__loggerFxn1__C)
                  00083ed4    00000002     lab3_p28FP.o28FP (.econst:ti_sysbios_knl_Swi_Module__loggerFxn4__C)
                  00083ed6    00000002     lab3_p28FP.o28FP (.econst:ti_sysbios_knl_Swi_Module__loggerObj__C)
                  00083ed8    00000002     lab3_p28FP.o28FP (.econst:ti_sysbios_knl_Swi_Object__table__C)
                  00083eda    00000002     lab3_p28FP.o28FP (.econst:ti_sysbios_knl_Task_E_spOutOfBounds__C)
                  00083edc    00000002     lab3_p28FP.o28FP (.econst:ti_sysbios_knl_Task_E_stackOverflow__C)
                  00083ede    00000002     lab3_p28FP.o28FP (.econst:ti_sysbios_knl_Task_LD_block__C)
                  00083ee0    00000002     lab3_p28FP.o28FP (.econst:ti_sysbios_knl_Task_LD_exit__C)
                  00083ee2    00000002     lab3_p28FP.o28FP (.econst:ti_sysbios_knl_Task_LD_ready__C)
                  00083ee4    00000002     lab3_p28FP.o28FP (.econst:ti_sysbios_knl_Task_LM_switch__C)
                  00083ee6    00000002     lab3_p28FP.o28FP (.econst:ti_sysbios_knl_Task_Module_State_inactiveQ__O)
                  00083ee8    00000002     lab3_p28FP.o28FP (.econst:ti_sysbios_knl_Task_Module__diagsEnabled__C)
                  00083eea    00000002     lab3_p28FP.o28FP (.econst:ti_sysbios_knl_Task_Module__diagsIncluded__C)
                  00083eec    00000002     lab3_p28FP.o28FP (.econst:ti_sysbios_knl_Task_Module__diagsMask__C)
                  00083eee    00000002     lab3_p28FP.o28FP (.econst:ti_sysbios_knl_Task_Module__loggerFxn2__C)
                  00083ef0    00000002     lab3_p28FP.o28FP (.econst:ti_sysbios_knl_Task_Module__loggerFxn4__C)
                  00083ef2    00000002     lab3_p28FP.o28FP (.econst:ti_sysbios_knl_Task_Module__loggerObj__C)
                  00083ef4    00000002     lab3_p28FP.o28FP (.econst:ti_sysbios_knl_Task_Object__table__C)
                  00083ef6    00000002     lab3_p28FP.o28FP (.econst:ti_sysbios_knl_Task_allBlockedFunc__C)
                  00083ef8    00000002     lab3_p28FP.o28FP (.econst:xdc_runtime_Assert_E_assertFailed__C)
                  00083efa    00000002     lab3_p28FP.o28FP (.econst:xdc_runtime_Core_A_initializedParams__C)
                  00083efc    00000002     lab3_p28FP.o28FP (.econst:xdc_runtime_Core_Module__diagsEnabled__C)
                  00083efe    00000002     lab3_p28FP.o28FP (.econst:xdc_runtime_Core_Module__diagsIncluded__C)
                  00083f00    00000002     lab3_p28FP.o28FP (.econst:xdc_runtime_Core_Module__diagsMask__C)
                  00083f02    00000002     lab3_p28FP.o28FP (.econst:xdc_runtime_Error_E_memory__C)
                  00083f04    00000002     lab3_p28FP.o28FP (.econst:xdc_runtime_Error_Module__diagsEnabled__C)
                  00083f06    00000002     lab3_p28FP.o28FP (.econst:xdc_runtime_Error_Module__diagsIncluded__C)
                  00083f08    00000002     lab3_p28FP.o28FP (.econst:xdc_runtime_Error_Module__diagsMask__C)
                  00083f0a    00000002     lab3_p28FP.o28FP (.econst:xdc_runtime_Error_Module__loggerFxn8__C)
                  00083f0c    00000002     lab3_p28FP.o28FP (.econst:xdc_runtime_Error_Module__loggerObj__C)
                  00083f0e    00000002     lab3_p28FP.o28FP (.econst:xdc_runtime_Error_policyFxn__C)
                  00083f10    00000002     lab3_p28FP.o28FP (.econst:xdc_runtime_Error_raiseHook__C)
                  00083f12    00000002     lab3_p28FP.o28FP (.econst:xdc_runtime_IFilterLogger_Interface__BASE__C)
                  00083f14    00000002     lab3_p28FP.o28FP (.econst:xdc_runtime_IGateProvider_Interface__BASE__C)
                  00083f16    00000002     lab3_p28FP.o28FP (.econst:xdc_runtime_IHeap_Interface__BASE__C)
                  00083f18    00000002     lab3_p28FP.o28FP (.econst:xdc_runtime_ILogger_Interface__BASE__C)
                  00083f1a    00000002     lab3_p28FP.o28FP (.econst:xdc_runtime_IModule_Interface__BASE__C)
                  00083f1c    00000002     lab3_p28FP.o28FP (.econst:xdc_runtime_Log_L_error__C)
                  00083f1e    00000002     lab3_p28FP.o28FP (.econst:xdc_runtime_LoggerBuf_E_badLevel__C)
                  00083f20    00000002     lab3_p28FP.o28FP (.econst:xdc_runtime_LoggerBuf_Module__gateObj__C)
                  00083f22    00000002     lab3_p28FP.o28FP (.econst:xdc_runtime_LoggerBuf_Object__table__C)
                  00083f24    00000002     lab3_p28FP.o28FP (.econst:xdc_runtime_LoggerBuf_statusLogger__C)
                  00083f26    00000002     lab3_p28FP.o28FP (.econst:xdc_runtime_Main_Module__diagsEnabled__C)
                  00083f28    00000002     lab3_p28FP.o28FP (.econst:xdc_runtime_Main_Module__diagsIncluded__C)
                  00083f2a    00000002     lab3_p28FP.o28FP (.econst:xdc_runtime_Main_Module__diagsMask__C)
                  00083f2c    00000002     lab3_p28FP.o28FP (.econst:xdc_runtime_Memory_defaultHeapInstance__C)
                  00083f2e    00000002     lab3_p28FP.o28FP (.econst:xdc_runtime_Startup_execImpl__C)
                  00083f30    00000002     lab3_p28FP.o28FP (.econst:xdc_runtime_Startup_sfxnRts__C)
                  00083f32    00000002     lab3_p28FP.o28FP (.econst:xdc_runtime_Startup_sfxnTab__C)
                  00083f34    00000002     lab3_p28FP.o28FP (.econst:xdc_runtime_Startup_startModsFxn__C)
                  00083f36    00000002     lab3_p28FP.o28FP (.econst:xdc_runtime_SysMin_bufSize__C)
                  00083f38    00000002     lab3_p28FP.o28FP (.econst:xdc_runtime_SysMin_outputFunc__C)
                  00083f3a    00000002     lab3_p28FP.o28FP (.econst:xdc_runtime_System_Module__gateObj__C)
                  00083f3c    00000002     lab3_p28FP.o28FP (.econst:xdc_runtime_System_abortFxn__C)
                  00083f3e    00000002     lab3_p28FP.o28FP (.econst:xdc_runtime_System_exitFxn__C)
                  00083f40    00000002     lab3_p28FP.o28FP (.econst:xdc_runtime_System_extendFxn__C)
                  00083f42    00000002     lab3_p28FP.o28FP (.econst:xdc_runtime_Text_charTab__C)
                  00083f44    00000002     lab3_p28FP.o28FP (.econst:xdc_runtime_Text_nameEmpty__C)
                  00083f46    00000002     lab3_p28FP.o28FP (.econst:xdc_runtime_Text_nameStatic__C)
                  00083f48    00000002     lab3_p28FP.o28FP (.econst:xdc_runtime_Text_nameUnknown__C)
                  00083f4a    00000002     lab3_p28FP.o28FP (.econst:xdc_runtime_Text_nodeTab__C)
                  00083f4c    00000002     lab3_p28FP.o28FP (.econst:xdc_runtime_Text_visitRopeFxn__C)
                  00083f4e    00000001     lab3_p28FP.o28FP (.econst:ti_sysbios_heaps_HeapMem_Object__count__C)
                  00083f4f    00000001     lab3_p28FP.o28FP (.econst:ti_sysbios_knl_Clock_Module__id__C)
                  00083f50    00000001     lab3_p28FP.o28FP (.econst:ti_sysbios_knl_Clock_Module__loggerDefined__C)
                  00083f51    00000001     lab3_p28FP.o28FP (.econst:ti_sysbios_knl_Mailbox_Object__count__C)
                  00083f52    00000001     lab3_p28FP.o28FP (.econst:ti_sysbios_knl_Mailbox_maxTypeAlign__C)
                  00083f53    00000001     lab3_p28FP.o28FP (.econst:ti_sysbios_knl_Queue_Object__count__C)
                  00083f54    00000001     lab3_p28FP.o28FP (.econst:ti_sysbios_knl_Semaphore_Module__id__C)
                  00083f55    00000001     lab3_p28FP.o28FP (.econst:ti_sysbios_knl_Semaphore_Module__loggerDefined__C)
                  00083f56    00000001     lab3_p28FP.o28FP (.econst:ti_sysbios_knl_Swi_Module__id__C)
                  00083f57    00000001     lab3_p28FP.o28FP (.econst:ti_sysbios_knl_Swi_Module__loggerDefined__C)
                  00083f58    00000001     lab3_p28FP.o28FP (.econst:ti_sysbios_knl_Swi_Object__count__C)
                  00083f59    00000001     lab3_p28FP.o28FP (.econst:ti_sysbios_knl_Task_Module__id__C)
                  00083f5a    00000001     lab3_p28FP.o28FP (.econst:ti_sysbios_knl_Task_Module__loggerDefined__C)
                  00083f5b    00000001     lab3_p28FP.o28FP (.econst:ti_sysbios_knl_Task_Object__count__C)
                  00083f5c    00000001     lab3_p28FP.o28FP (.econst:ti_sysbios_knl_Task_numConstructedTasks__C)
                  00083f5d    00000001     lab3_p28FP.o28FP (.econst:xdc_runtime_Core_Module__id__C)
                  00083f5e    00000001     lab3_p28FP.o28FP (.econst:xdc_runtime_Error_Module__loggerDefined__C)
                  00083f5f    00000001     lab3_p28FP.o28FP (.econst:xdc_runtime_Error_maxDepth__C)
                  00083f60    00000001     lab3_p28FP.o28FP (.econst:xdc_runtime_Error_policy__C)
                  00083f61    00000001     lab3_p28FP.o28FP (.econst:xdc_runtime_LoggerBuf_Module__id__C)
                  00083f62    00000001     lab3_p28FP.o28FP (.econst:xdc_runtime_LoggerBuf_Object__count__C)
                  00083f63    00000001     lab3_p28FP.o28FP (.econst:xdc_runtime_LoggerBuf_filterByLevel__C)
                  00083f64    00000001     lab3_p28FP.o28FP (.econst:xdc_runtime_Main_Module__id__C)
                  00083f65    00000001     lab3_p28FP.o28FP (.econst:xdc_runtime_Memory_Module__id__C)
                  00083f66    00000001     lab3_p28FP.o28FP (.econst:xdc_runtime_Startup_maxPasses__C)
                  00083f67    00000001     lab3_p28FP.o28FP (.econst:xdc_runtime_SysMin_flushAtExit__C)
                  00083f68    00000001     lab3_p28FP.o28FP (.econst:xdc_runtime_System_maxAtexitHandlers__C)
                  00083f69    00000001     lab3_p28FP.o28FP (.econst:xdc_runtime_Text_charCnt__C)
                  00083f6a    00000001     lab3_p28FP.o28FP (.econst:xdc_runtime_Text_isLoaded__C)
                  00083f6b    00000001     lab3_p28FP.o28FP (.econst:xdc_runtime_Text_registryModsLastId__C)
                  00083f6c    00000001     lab3_p28FP.o28FP (.econst:xdc_runtime_Text_unnamedModsLastId__C)

.text      0    00088000    000050a0     
                  00088000    00000c16     rts2800_fpu32.lib : _printfi.obj (.text)
                  00088c16    000005ee     user_lab3.obj (.text)
                  00089204    000002af     f28377sSerial.obj (.text)
                  000894b3    00000299     F2837xS_SysCtrl.obj (.text)
                  0008974c    00000252     ti.targets.rts2800.a28FP : System.o28FP (.text:_xdc_runtime_System_doPrint__I)
                  0008999e    00000244     F2837xS_Gpio.obj (.text)
                  00089be2    000001da     sysbios.a28FP : BIOS.obj (.text:_ti_sysbios_knl_Semaphore_pend__E)
                  00089dbc    000001ba                   : BIOS.obj (.text:_ti_sysbios_heaps_HeapMem_free__E)
                  00089f76    000001b3                   : BIOS.obj (.text:_ti_sysbios_heaps_HeapMem_alloc__E)
                  0008a129    00000165     lcd.obj (.text)
                  0008a28e    00000117     f28377sEqep.obj (.text)
                  0008a3a5    0000010a     lab3_p28FP.o28FP (.text:_xdc_runtime_System_printfExtend__I)
                  0008a4af    00000107     rts2800_fpu32.lib : ll_div28.obj (.text)
                  0008a5b6    000000fd     F2837xS_EPwm.obj (.text)
                  0008a6b3    000000ed     sysbios.a28FP : BIOS.obj (.text:_ti_sysbios_heaps_HeapMem_Instance_init__E)
                  0008a7a0    000000e0                   : BIOS.obj (.text:_ti_sysbios_family_c28_Hwi_clearInterrupt__E)
                  0008a880    000000dd     F2837xS_Adc.obj (.text)
                  0008a95d    000000d2     ti.targets.rts2800.a28FP : LoggerBuf.o28FP (.text:_xdc_runtime_LoggerBuf_write8__E)
                  0008aa2f    000000c3                              : Core-mem.o28FP (.text:_xdc_runtime_Core_createObject__I)
                  0008aaf2    000000c0     sysbios.a28FP : BIOS.obj (.text:_ti_sysbios_family_c28_Hwi_dispatchCore__I)
                  0008abb2    000000c0     rts2800_fpu32.lib : s_scalbn.obj (.text)
                  0008ac72    000000b8     sysbios.a28FP : BIOS.obj (.text:_ti_sysbios_knl_Semaphore_post__E)
                  0008ad2a    000000b6                   : BIOS.obj (.text:_ti_sysbios_knl_Clock_workFunc__E)
                  0008ade0    000000af                   : BIOS.obj (.text:_ti_sysbios_knl_Swi_run__I)
                  0008ae8f    0000009c     ti.targets.rts2800.a28FP : Core-smem.o28FP (.text:_xdc_runtime_Core_constructObject__I)
                  0008af2b    0000009c                              : Error.o28FP (.text:_xdc_runtime_Error_policyDefault__E)
                  0008afc7    0000009c     rts2800_fpu32.lib : fd_add28.obj (.text)
                  0008b063    0000009b     sysbios.a28FP : c28_Hwi_disp_asm.obj (.text:_ti_sysbios_family_c28_Hwi_dispatch)
                  0008b0fe    00000094     rts2800_fpu32.lib : trgmsg.obj (.text)
                  0008b192    0000008e     sysbios.a28FP : BIOS.obj (.text:_ti_sysbios_family_c28_Hwi_enableInterrupt__E)
                  0008b220    0000008b     ti.targets.rts2800.a28FP : LoggerBuf.o28FP (.text:_xdc_runtime_LoggerBuf_write4__E)
                  0008b2ab    0000008b     rts2800_fpu32.lib : fd_div28.obj (.text)
                  0008b336    00000088                       : fs_div28.obj (.text)
                  0008b3be    00000083                       : fd_mpy28.obj (.text)
                  0008b441    00000082     f28377sDAC.obj (.text)
                  0008b4c3    00000081     sysbios.a28FP : BIOS.obj (.text:_ti_sysbios_family_c28_Hwi_disableInterrupt__E)
                  0008b544    0000007f     f28377sADC.obj (.text)
                  0008b5c3    0000007e     sysbios.a28FP : BIOS.obj (.text:_ti_sysbios_family_c28_Hwi_disablePIEIER__E)
                  0008b641    0000007d                   : BIOS.obj (.text:_ti_sysbios_family_c28_Hwi_enablePIEIER__E)
                  0008b6be    0000007d     ti.targets.rts2800.a28FP : Startup.o28FP (.text:_xdc_runtime_Startup_startMods__I)
                  0008b73b    00000073     sysbios.a28FP : BIOS.obj (.text:_ti_sysbios_knl_Task_checkStacks__E)
                  0008b7ae    00000071                   : BIOS.obj (.text:_ti_sysbios_knl_Task_startCore__E)
                  0008b81f    00000070                   : BIOS.obj (.text:_ti_sysbios_gates_GateMutex_enter__E)
                  0008b88f    0000006f     ti.targets.rts2800.a28FP : Text.o28FP (.text:_xdc_runtime_Text_putSite__E)
                  0008b8fe    0000006e     sysbios.a28FP : BIOS.obj (.text:_ti_sysbios_knl_Task_schedule__I)
                  0008b96c    0000006a                   : BIOS.obj (.text:_ti_sysbios_knl_Semaphore_Instance_init__E)
                  0008b9d6    00000068     f28377sEPWM3A.obj (.text)
                  0008ba3e    00000066     sysbios.a28FP : BIOS.obj (.text:_ti_sysbios_family_c28_Timer_stopAndClear__I)
                  0008baa4    00000063     boot.a28FP : boot_cg.o28FP (.text)
                  0008bb07    00000060     sysbios.a28FP : BIOS.obj (.text:_ti_sysbios_knl_Swi_post__E)
                  0008bb67    00000060                   : BIOS.obj (.text:_ti_sysbios_knl_Task_blockI__E)
                  0008bbc7    0000005a     rts2800_fpu32.lib : s_frexp.obj (.text)
                  0008bc21    00000057     sysbios.a28FP : BIOS.obj (.text:_ti_sysbios_knl_Task_exit__E)
                  0008bc78    00000057     ti.targets.rts2800.a28FP : Memory.o28FP (.text:_xdc_runtime_Memory_alloc__E)
                  0008bccf    00000051     sysbios.a28FP : BIOS.obj (.text:_ti_sysbios_knl_Task_unblockI__E)
                  0008bd20    0000004f     ti.targets.rts2800.a28FP : Text.o28FP (.text:_xdc_runtime_Text_putLab__E)
                  0008bd6f    0000004b     sysbios.a28FP : BIOS.obj (.text:_ti_sysbios_knl_Task_postInit__I)
                  0008bdba    00000047                   : BIOS.obj (.text:_ti_sysbios_family_c28_Hwi_Module_startup__E)
                  0008be01    00000046     ti.targets.rts2800.a28FP : Core-mem.o28FP (.text:_xdc_runtime_Core_deleteObject__I)
                  0008be47    00000045     Boot.a28FP : Boot.o28FP (.text:.bootCodeSection:_ti_catalog_c2800_initF2837x_Boot_configurePllDivs)
                  0008be8c    00000043     sysbios.a28FP : BIOS.obj (.text:_ti_sysbios_family_c28_Timer_postInit__I)
                  0008becf    00000042                   : BIOS.obj (.text:_ti_sysbios_family_c28_Hwi_unPluggedInterrupt__I)
                  0008bf11    0000003f     ti.targets.rts2800.a28FP : System.o28FP (.text:_xdc_runtime_System_formatNum__I)
                  0008bf50    0000003e     sysbios.a28FP : BIOS.obj (.text:_ti_sysbios_knl_Swi_restoreHwi__E)
                  0008bf8e    0000003e     ti.targets.rts2800.a28FP : Text.o28FP (.text:_xdc_runtime_Text_putMod__E)
                  0008bfcc    0000003d                              : Core-params.o28FP (.text:_xdc_runtime_Core_assignParams__I)
                  0008c009    0000003d                              : LoggerBuf.o28FP (.text:_xdc_runtime_LoggerBuf_getFilterLevel__E)
                  0008c046    0000003c                              : LoggerBuf.o28FP (.text:_xdc_runtime_LoggerBuf_setFilterLevel__E)
                  0008c082    0000003a     sysbios.a28FP : BIOS.obj (.text:_ti_sysbios_family_c28_TaskSupport_start__E)
                  0008c0bc    00000038     lab3_p28FP.o28FP (.text:_xdc_runtime_LoggerBuf_Object__create__S)
                  0008c0f4    00000038     rts2800_fpu32.lib : hostwrite.obj (.text)
                  0008c12c    00000036     sysbios.a28FP : BIOS.obj (.text:_ti_sysbios_knl_Clock_logTick__E)
                  0008c162    00000036     ti.targets.rts2800.a28FP : LoggerBuf.o28FP (.text:_xdc_runtime_LoggerBuf_Instance_init__E)
                  0008c198    00000034     lab3_p28FP.o28FP (.text:_ti_sysbios_BIOS_rtsUnlock__I)
                  0008c1cc    00000032     sysbios.a28FP : BIOS.obj (.text:_ti_sysbios_knl_Task_Module_startup__E)
                  0008c1fe    00000032     ti.targets.rts2800.a28FP : Assert.o28FP (.text:_xdc_runtime_Assert_raise__I)
                  0008c230    00000032                              : Text.o28FP (.text:_xdc_runtime_Text_visitRope2__I)
                  0008c262    00000031                              : Startup.o28FP (.text:_xdc_runtime_Startup_exec__E)
                  0008c293    00000031     rts2800_fpu32.lib : atoi.obj (.text)
                  0008c2c4    00000030     ti.targets.rts2800.a28FP : Error.o28FP (.text:_xdc_runtime_Error_setX__E)
                  0008c2f4    00000030     rts2800_fpu32.lib : vsprintf.obj (.text)
                  0008c324    0000002e     sysbios.a28FP : BIOS.obj (.text:_ti_sysbios_knl_Swi_runLoop__I)
                  0008c352    0000002e                   : BIOS.obj (.text:_ti_sysbios_knl_Swi_schedule__I)
                  0008c380    0000002e     ti.targets.rts2800.a28FP : Error.o28FP (.text:_xdc_runtime_Error_print__E)
                  0008c3ae    0000002e     rts2800_fpu32.lib : ltoa.obj (.text)
                  0008c3dc    0000002d     sysbios.a28FP : BIOS.obj (.text:_ti_sysbios_family_c28_Hwi_getStackInfo__E)
                  0008c409    0000002d                   : BIOS.obj (.text:_ti_sysbios_heaps_HeapMem_getStats__E)
                  0008c436    0000002c                   : BIOS.obj (.text:_ti_sysbios_family_c28_Timer_start__E)
                  0008c462    0000002b                   : BIOS.obj (.text:_ti_sysbios_knl_Mailbox_Module_startup__E)
                  0008c48d    0000002a     rts2800_fpu32.lib : fd_cmp28.obj (.text)
                  0008c4b7    0000002a                       : l_div28.obj (.text)
                  0008c4e1    00000029     ti.targets.rts2800.a28FP : SysMin.o28FP (.text:_xdc_runtime_SysMin_flush__E)
                  0008c50a    00000029                              : Text.o28FP (.text:_xdc_runtime_Text_xprintf__I)
                  0008c533    00000029     rts2800_fpu32.lib : exit.obj (.text)
                  0008c55c    00000027     sysbios.a28FP : BIOS.obj (.text:_ti_sysbios_heaps_HeapMem_init__I)
                  0008c583    00000025                   : c28_TaskSupport_asm.obj (.text:_ti_sysbios_family_c28_TaskSupport_buildTaskStack)
                  0008c5a8    00000024     ti.targets.rts2800.a28FP : System.o28FP (.text:_xdc_runtime_System_processAtExit__E)
                  0008c5cc    00000024     rts2800_fpu32.lib : cpy_tbl.obj (.text)
                  0008c5f0    00000024                       : s_copysign.obj (.text)
                  0008c614    00000022                       : i_div28.obj (.text)
                  0008c636    00000021     sysbios.a28FP : BIOS.obj (.text:_ti_sysbios_knl_Task_allBlockedFunction__I)
                  0008c657    00000021     ti.targets.rts2800.a28FP : LoggerBuf.o28FP (.text:_xdc_runtime_LoggerBuf_filterOutEvent__I)
                  0008c678    00000021                              : System.o28FP (.text:_xdc_runtime_System_atexit__E)
                  0008c699    00000021     rts2800_fpu32.lib : fd_toi28.obj (.text)
                  0008c6ba    00000020     sysbios.a28FP : BIOS.obj (.text:_ti_sysbios_family_c28_Timer_setPrescale__E)
                  0008c6da    0000001f     lab3_p28FP.o28FP (.text:_ti_sysbios_gates_GateHwi_Object__create__S)
                  0008c6f9    0000001f     lab3_p28FP.o28FP (.text:_ti_sysbios_gates_GateMutex_Object__create__S)
                  0008c718    0000001f     lab3_p28FP.o28FP (.text:_ti_sysbios_heaps_HeapMem_Object__create__S)
                  0008c737    0000001f     rts2800_fpu32.lib : fd_tol28.obj (.text)
                  0008c756    0000001e     ti.targets.rts2800.a28FP : SysMin.o28FP (.text:_xdc_runtime_SysMin_putch__E)
                  0008c774    0000001e     rts2800_fpu32.lib : ll_cmp28.obj (.text)
                  0008c792    0000001e                       : memcpy.obj (.text)
                  0008c7b0    0000001d     sysbios.a28FP : c28_TaskSupport_asm.obj (.text:_ti_sysbios_family_c28_TaskSupport_swap__E)
                  0008c7cd    0000001d     rts2800_fpu32.lib : i_tofd28.obj (.text)
                  0008c7ea    0000001c     sysbios.a28FP : BIOS.obj (.text:_ti_sysbios_hal_Hwi_checkStack)
                  0008c806    0000001c     rts2800_fpu32.lib : fs_tofdfpu32.obj (.text)
                  0008c822    0000001c                       : l_tofd28.obj (.text)
                  0008c83e    0000001b     sysbios.a28FP : c28_Hwi_asm.obj (.text:_ti_sysbios_family_c28_Hwi_switchAndDispatch__I)
                  0008c859    0000001b                   : BIOS.obj (.text:_ti_sysbios_hal_Hwi_initStack)
                  0008c874    0000001b     lab3_p28FP.o28FP (.text:_ti_sysbios_knl_Semaphore_construct)
                  0008c88f    0000001b     sysbios.a28FP : BIOS.obj (.text:_ti_sysbios_knl_Task_processVitalTaskFlag__I)
                  0008c8aa    0000001b     lab3_p28FP.o28FP (.text:_xdc_runtime_SysMin_output__I)
                  0008c8c5    0000001a     sysbios.a28FP : BIOS.obj (.text:_ti_sysbios_knl_Clock_addI__E)
                  0008c8df    0000001a     ti.targets.rts2800.a28FP : Core-label.o28FP (.text:_xdc_runtime_Core_assignLabel__I)
                  0008c8f9    0000001a                              : System.o28FP (.text:_xdc_runtime_System_avprintf__E)
                  0008c913    0000001a                              : System.o28FP (.text:_xdc_runtime_System_putchar__I)
                  0008c92d    00000019     lab3_p28FP.o28FP (.text:_ti_sysbios_family_c28_Hwi_Object__get__S)
                  0008c946    00000019     sysbios.a28FP : BIOS.obj (.text:_ti_sysbios_knl_Mailbox_postInit__I)
                  0008c95f    00000019     lab3_p28FP.o28FP (.text:_ti_sysbios_knl_Queue_Object__get__S)
                  0008c978    00000019     lab3_p28FP.o28FP (.text:_ti_sysbios_knl_Queue_construct)
                  0008c991    00000019     sysbios.a28FP : BIOS.obj (.text:_ti_sysbios_knl_Semaphore_pendTimeout__I)
                  0008c9aa    00000019                   : BIOS.obj (.text:_ti_sysbios_knl_Swi_restore__E)
                  0008c9c3    00000019     ti.targets.rts2800.a28FP : System.o28FP (.text:_xdc_runtime_System_vprintf__E)
                  0008c9dc    00000019                              : Text.o28FP (.text:_xdc_runtime_Text_printVisFxn__I)
                  0008c9f5    00000019     rts2800_fpu32.lib : args_main.obj (.text)
                  0008ca0e    00000018     sysbios.a28FP : c28_Hwi_asm.obj (.text:_ti_sysbios_family_xxx_Hwi_switchAndRunFunc)
                  0008ca26    00000018     ti.targets.rts2800.a28FP : LoggerBuf.o28FP (.text:_xdc_runtime_LoggerBuf_Module_startup__E)
                  0008ca3e    00000018                              : LoggerBuf.o28FP (.text:_xdc_runtime_LoggerBuf_reset__E)
                  0008ca56    00000018     rts2800_fpu32.lib : ll_aox28.obj (.text)
                  0008ca6e    00000017     lab3_p28FP.o28FP (.text:_ti_sysbios_BIOS_atExitFunc__I)
                  0008ca85    00000017     sysbios.a28FP : BIOS.obj (.text:_ti_sysbios_family_c28_Timer_startup__E)
                  0008ca9c    00000017     lab3_p28FP.o28FP (.text:_ti_sysbios_heaps_HeapMem_Object__get__S)
                  0008cab3    00000017     lab3_p28FP.o28FP (.text:_ti_sysbios_knl_Clock_doTick__I)
                  0008caca    00000017     lab3_p28FP.o28FP (.text:_ti_sysbios_knl_Mailbox_Object__get__S)
                  0008cae1    00000017     lab3_p28FP.o28FP (.text:_ti_sysbios_knl_Swi_Object__get__S)
                  0008caf8    00000017     lab3_p28FP.o28FP (.text:_ti_sysbios_knl_Task_Object__get__S)
                  0008cb0f    00000017     lab3_p28FP.o28FP (.text:_xdc_runtime_LoggerBuf_Object__get__S)
                  0008cb26    00000017     ti.targets.rts2800.a28FP : Memory.o28FP (.text:_xdc_runtime_Memory_valloc__E)
                  0008cb3d    00000016     sysbios.a28FP : BIOS.obj (.text:_ti_sysbios_family_c28_Timer_Module_startup__E)
                  0008cb53    00000016                   : BIOS.obj (.text:_ti_sysbios_knl_Task_restore__E)
                  0008cb69    00000016     ti.targets.rts2800.a28FP : SysMin.o28FP (.text:_xdc_runtime_SysMin_abort__E)
                  0008cb7f    00000015     sysbios.a28FP : BIOS.obj (.text:_ti_sysbios_knl_Swi_Module_startup__E)
                  0008cb94    00000014                   : BIOS.obj (.text:_ti_sysbios_knl_Idle_run__E)
                  0008cba8    00000013     lab3_p28FP.o28FP (.text:_ti_sysbios_BIOS_errorRaiseHook__I)
                  0008cbbb    00000013     lab3_p28FP.o28FP (.text:_ti_sysbios_gates_GateMutex_Object__delete__S)
                  0008cbce    00000013     ti.targets.rts2800.a28FP : Error.o28FP (.text:_xdc_runtime_Error_raiseX__E)
                  0008cbe1    00000013                              : Text.o28FP (.text:_xdc_runtime_Text_cordText__E)
                  0008cbf4    00000012     lab3_p28FP.o28FP (.text:_ti_sysbios_family_c28_Hwi_disableIER__E)
                  0008cc06    00000012     lab3_p28FP.o28FP (.text:_ti_sysbios_gates_GateHwi_Object__delete__S)
                  0008cc18    00000012     lab3_p28FP.o28FP (.text:_ti_sysbios_heaps_HeapMem_Object__delete__S)
                  0008cc2a    00000012     sysbios.a28FP : BIOS.obj (.text:_ti_sysbios_knl_Clock_Module_startup__E)
                  0008cc3c    00000012     lab3_p28FP.o28FP (.text:_xdc_runtime_LoggerBuf_Object__delete__S)
                  0008cc4e    00000011     lab3_p28FP.o28FP (.text:_ti_sysbios_gates_GateHwi_Handle__label__S)
                  0008cc5f    00000011     lab3_p28FP.o28FP (.text:_ti_sysbios_gates_GateMutex_Handle__label__S)
                  0008cc70    00000011     lab3_p28FP.o28FP (.text:_ti_sysbios_heaps_HeapMem_Handle__label__S)
                  0008cc81    00000011     lab3_p28FP.o28FP (.text:_xdc_runtime_LoggerBuf_Handle__label__S)
                  0008cc92    00000010     lab3_p28FP.o28FP (.text:_ti_sysbios_BIOS_rtsLock__I)
                  0008cca2    00000010     lab3_p28FP.o28FP (.text:_ti_sysbios_family_c28_Hwi_enableIER__E)
                  0008ccb2    00000010     sysbios.a28FP : BIOS.obj (.text:_ti_sysbios_family_c28_Timer_stop__E)
                  0008ccc2    00000010                   : BIOS.obj (.text:_ti_sysbios_knl_Task_restoreHwi__E)
                  0008ccd2    00000010     ti.targets.rts2800.a28FP : SysMin.o28FP (.text:_xdc_runtime_SysMin_Module_startup__E)
                  0008cce2    0000000f     lab3_p28FP.o28FP (.text:_ti_sysbios_BIOS_startFunc__I)
                  0008ccf1    0000000f     sysbios.a28FP : BIOS.obj (.text:_ti_sysbios_gates_GateMutex_Instance_init__E)
                  0008cd00    0000000f     lab3_p28FP.o28FP (.text:_ti_sysbios_knl_Semaphore_Object__destruct__S)
                  0008cd0f    0000000f     ti.targets.rts2800.a28FP : LoggerBuf.o28FP (.text:_xdc_runtime_LoggerBuf_write2__E)
                  0008cd1e    0000000f                              : Registry.o28FP (.text:_xdc_runtime_Registry_findById__E)
                  0008cd2d    0000000f     lab3_p28FP.o28FP (.text:_xdc_runtime_Text_visitRope__I)
                  0008cd3c    0000000e     sysbios.a28FP : BIOS.obj (.text:_ti_sysbios_family_c28_f2837x_TimestampProvider_get64__E)
                  0008cd4a    0000000e     lab3_p28FP.o28FP (.text:_ti_sysbios_knl_Queue_Object__destruct__S)
                  0008cd58    0000000e     lab3_p28FP.o28FP (.text:_xdc_runtime_IHeap_alloc)
                  0008cd66    0000000e     rts2800_fpu32.lib : fd_sub28.obj (.text)
                  0008cd74    0000000d     lab3_p28FP.o28FP (.text:_ti_sysbios_BIOS_registerRTSLock__I)
                  0008cd81    0000000d     lab3_p28FP.o28FP (.text:_ti_sysbios_BIOS_removeRTSLock__I)
                  0008cd8e    0000000d     sysbios.a28FP : BIOS.obj (.text:_ti_sysbios_family_c28_Hwi_dispatchC__I)
                  0008cd9b    0000000d     lab3_p28FP.o28FP (.text:_ti_sysbios_family_c28_Hwi_restoreIER__E)
                  0008cda8    0000000d     lab3_p28FP.o28FP (.text:_ti_sysbios_knl_Task_SupportProxy_start__E)
                  0008cdb5    0000000d     sysbios.a28FP : BIOS.obj (.text:_ti_sysbios_knl_Task_enter__I)
                  0008cdc2    0000000d     ti.targets.rts2800.a28FP : LoggerBuf.o28FP (.text:_xdc_runtime_LoggerBuf_write0__E)
                  0008cdcf    0000000d                              : LoggerBuf.o28FP (.text:_xdc_runtime_LoggerBuf_write1__E)
                  0008cddc    0000000d     lab3_p28FP.o28FP (.text:_xdc_runtime_Memory_HeapProxy_alloc__E)
                  0008cde9    0000000d     ti.targets.rts2800.a28FP : System.o28FP (.text:_xdc_runtime_System_abort__E)
                  0008cdf6    0000000d     rts2800_fpu32.lib : memccpy.obj (.text)
                  0008ce03    0000000c     lab3_p28FP.o28FP (.text:_ti_sysbios_BIOS_exitFunc__I)
                  0008ce0f    0000000c     sysbios.a28FP : BIOS.obj (.text:_ti_sysbios_gates_GateMutex_leave__E)
                  0008ce1b    0000000c                   : BIOS.obj (.text:_ti_sysbios_knl_Queue_put__E)
                  0008ce27    0000000c                   : BIOS.obj (.text:_ti_sysbios_knl_Task_enabled__E)
                  0008ce33    0000000c     ti.targets.rts2800.a28FP : Error.o28FP (.text:_xdc_runtime_Error_check__E)
                  0008ce3f    0000000c     lab3_p28FP.o28FP (.text:_xdc_runtime_System_aprintf__E)
                  0008ce4b    0000000c     lab3_p28FP.o28FP (.text:_xdc_runtime_System_printf__E)
                  0008ce57    0000000c     rts2800_fpu32.lib : memset.obj (.text)
                  0008ce63    0000000c                       : strchr.obj (.text)
                  0008ce6f    0000000b     lab3_p28FP.o28FP (.text:_ti_sysbios_family_c28_Hwi_Module__startupDone__F)
                  0008ce7a    0000000b     lab3_p28FP.o28FP (.text:_ti_sysbios_family_c28_Timer_Module__startupDone__F)
                  0008ce85    0000000b     sysbios.a28FP : BIOS.obj (.text:_ti_sysbios_knl_Task_unblock__E)
                  0008ce90    0000000b     ti.targets.rts2800.a28FP : LoggerBuf.o28FP (.text:_xdc_runtime_LoggerBuf_Instance_finalize__E)
                  0008ce9b    0000000b     lab3_p28FP.o28FP (.text:_xdc_runtime_Startup_exec__I)
                  0008cea6    0000000b     ti.targets.rts2800.a28FP : SysMin.o28FP (.text:_xdc_runtime_SysMin_exit__E)
                  0008ceb1    0000000b                              : System.o28FP (.text:_xdc_runtime_System_exit__E)
                  0008cebc    0000000b     rts2800_fpu32.lib : u_div28.obj (.text)
                  0008cec7    0000000a     lab3_p28FP.o28FP (.text:.bootCodeSection:_ti_catalog_c2800_initF2837x_Boot_init)
                  0008ced1    0000000a     lab3_p28FP.o28FP (.text:_xdc_runtime_IHeap_free)
                  0008cedb    0000000a     ti.targets.rts2800.a28FP : Memory.o28FP (.text:_xdc_runtime_Memory_free__E)
                  0008cee5    0000000a                              : System.o28FP (.text:_xdc_runtime_System_vsnprintf__E)
                  0008ceef    0000000a                              : Text.o28FP (.text:_xdc_runtime_Text_ropeText__E)
                  0008cef9    00000009     sysbios.a28FP : BIOS.obj (.text:_ti_sysbios_family_c28_TaskSupport_checkStack__E)
                  0008cf02    00000009                   : c28_TaskSupport_asm.obj (.text:_ti_sysbios_family_c28_TaskSupport_glue)
                  0008cf0b    00000009                   : BIOS.obj (.text:_ti_sysbios_hal_Hwi_Module_startup__E)
                  0008cf14    00000009     rts2800_fpu32.lib : _lock.obj (.text)
                  0008cf1d    00000009                       : fd_neg28.obj (.text)
                  0008cf26    00000008     Boot.a28FP : Boot.o28FP (.text:.bootCodeSection:_ti_catalog_c2800_initF2837x_Boot_initSharedRAMs)
                  0008cf2e    00000008     F2837xS_CodeStartBranch.obj (.text)
                  0008cf36    00000008     sysbios.a28FP : BIOS.obj (.text:_ti_sysbios_BIOS_setThreadType__E)
                  0008cf3e    00000008                   : BIOS.obj (.text:_ti_sysbios_gates_GateMutex_Instance_finalize__E)
                  0008cf46    00000008     lab3_p28FP.o28FP (.text:_ti_sysbios_knl_Clock_Module_State_clockQ)
                  0008cf4e    00000008     sysbios.a28FP : BIOS.obj (.text:_ti_sysbios_knl_Semaphore_Instance_finalize__E)
                  0008cf56    00000008     lab3_p28FP.o28FP (.text:_xdc_runtime_Memory_HeapProxy_free__E)
                  0008cf5e    00000008     ti.targets.rts2800.a28FP : Memory.o28FP (.text:_xdc_runtime_Memory_calloc__E)
                  0008cf66    00000008                              : SysMin.o28FP (.text:_xdc_runtime_SysMin_ready__E)
                  0008cf6e    00000008     rts2800_fpu32.lib : strlen.obj (.text)
                  0008cf76    00000007     lab3_p28FP.o28FP (.text:.bootCodeSection:_ti_catalog_c2800_initF2837x_Boot_initStartup)
                  0008cf7d    00000007     lab3_p28FP.o28FP (.text:_ti_sysbios_BIOS_RtsGateProxy_leave__E)
                  0008cf84    00000007     lab3_p28FP.o28FP (.text:_ti_sysbios_hal_Hwi_HwiProxy_getStackInfo__E)
                  0008cf8b    00000007     lab3_p28FP.o28FP (.text:_ti_sysbios_heaps_HeapMem_Module_GateProxy_leave__E)
                  0008cf92    00000007     sysbios.a28FP : BIOS.obj (.text:_ti_sysbios_knl_Queue_empty__E)
                  0008cf99    00000007     lab3_p28FP.o28FP (.text:_ti_sysbios_knl_Task_SupportProxy_checkStack__E)
                  0008cfa0    00000007     lab3_p28FP.o28FP (.text:_ti_sysbios_knl_Task_SupportProxy_swap__E)
                  0008cfa7    00000007     lab3_p28FP.o28FP (.text:_xdc_runtime_LoggerBuf_Module_GateProxy_leave__E)
                  0008cfae    00000007     lab3_p28FP.o28FP (.text:_xdc_runtime_System_Module_GateProxy_leave__E)
                  0008cfb5    00000006     lab3_p28FP.o28FP (.text:_ti_sysbios_BIOS_RtsGateProxy_enter__E)
                  0008cfbb    00000006     sysbios.a28FP : BIOS.obj (.text:_ti_sysbios_BIOS_start__E)
                  0008cfc1    00000006                   : c28_IntrinsicsSupport_asm.obj (.text:_ti_sysbios_family_c28_IntrinsicsSupport_maxbit__E)
                  0008cfc7    00000006     lab3_p28FP.o28FP (.text:_ti_sysbios_heaps_HeapMem_Module_GateProxy_enter__E)
                  0008cfcd    00000006     lab3_p28FP.o28FP (.text:_ti_sysbios_heaps_HeapMem_Module_GateProxy_query__E)
                  0008cfd3    00000006     lab3_p28FP.o28FP (.text:_ti_sysbios_knl_Clock_TimerProxy_getMaxTicks__E)
                  0008cfd9    00000006     lab3_p28FP.o28FP (.text:_ti_sysbios_knl_Queue_destruct)
                  0008cfdf    00000006     lab3_p28FP.o28FP (.text:_ti_sysbios_knl_Semaphore_destruct)
                  0008cfe5    00000006     sysbios.a28FP : BIOS.obj (.text:_ti_sysbios_knl_Swi_disable__E)
                  0008cfeb    00000006                   : BIOS.obj (.text:_ti_sysbios_knl_Task_disable__E)
                  0008cff1    00000006     ti.targets.rts2800.a28FP : Gate.o28FP (.text:_xdc_runtime_Gate_enterSystem__E)
                  0008cff7    00000006                              : Gate.o28FP (.text:_xdc_runtime_Gate_leaveSystem__E)
                  0008cffd    00000006     lab3_p28FP.o28FP (.text:_xdc_runtime_LoggerBuf_Module_GateProxy_enter__E)
                  0008d003    00000006     lab3_p28FP.o28FP (.text:_xdc_runtime_LoggerBuf_TimestampProxy_get64__E)
                  0008d009    00000006     ti.targets.rts2800.a28FP : LoggerBuf.o28FP (.text:_xdc_runtime_LoggerBuf_enable__E)
                  0008d00f    00000006     lab3_p28FP.o28FP (.text:_xdc_runtime_System_Module_GateProxy_enter__E)
                  0008d015    00000006     lab3_p28FP.o28FP (.text:_xdc_runtime_System_SupportProxy_abort__E)
                  0008d01b    00000006     lab3_p28FP.o28FP (.text:_xdc_runtime_System_SupportProxy_exit__E)
                  0008d021    00000006     lab3_p28FP.o28FP (.text:_xdc_runtime_System_SupportProxy_putch__E)
                  0008d027    00000005     sysbios.a28FP : BIOS.obj (.text:_ti_sysbios_family_c28_Hwi_switchFromBootStack__E)
                  0008d02c    00000005                   : BIOS.obj (.text:_ti_sysbios_gates_GateHwi_enter__E)
                  0008d031    00000005     lab3_p28FP.o28FP (.text:_xdc_iargToPtr)
                  0008d036    00000005     ti.targets.rts2800.a28FP : Error.o28FP (.text:_xdc_runtime_Error_init__E)
                  0008d03b    00000005                              : LoggerBuf.o28FP (.text:_xdc_runtime_LoggerBuf_disable__E)
                  0008d040    00000005     rts2800_fpu32.lib : strcpy.obj (.text)
                  0008d045    00000004     lab3_p28FP.o28FP (.text:_ti_sysbios_family_c28_Hwi_startup__E)
                  0008d049    00000004     sysbios.a28FP : BIOS.obj (.text:_ti_sysbios_heaps_HeapMem_isBlocking__E)
                  0008d04d    00000004                   : BIOS.obj (.text:_ti_sysbios_knl_Clock_getTicks__E)
                  0008d051    00000004                   : BIOS.obj (.text:_ti_sysbios_knl_Swi_startup__E)
                  0008d055    00000004     ti.targets.rts2800.a28FP : Memory.o28FP (.text:_xdc_runtime_Memory_getMaxDefaultTypeAlign__E)
                  0008d059    00000003     lab3_p28FP.o28FP (.text:.bootCodeSection:_ti_catalog_c2800_initF2837x_Boot_limpAbort)
                  0008d05c    00000003     ti.targets.rts2800.a28FP : xdc_noinit.o28FP (.text:___xdc__init)
                  0008d05f    00000003     lab3_p28FP.o28FP (.text:_ti_sysbios_family_c28_Hwi_Module__startupDone__S)
                  0008d062    00000003     lab3_p28FP.o28FP (.text:_ti_sysbios_family_c28_Timer_Module__startupDone__S)
                  0008d065    00000003     sysbios.a28FP : BIOS.obj (.text:_ti_sysbios_gates_GateHwi_leave__E)
                  0008d068    00000003     lab3_p28FP.o28FP (.text:_ti_sysbios_hal_Hwi_HwiProxy_Module__startupDone__S)
                  0008d06b    00000003     lab3_p28FP.o28FP (.text:_ti_sysbios_hal_Hwi_HwiProxy_startup__E)
                  0008d06e    00000003     lab3_p28FP.o28FP (.text:_ti_sysbios_hal_Hwi_HwiProxy_switchFromBootStack__E)
                  0008d071    00000003     sysbios.a28FP : BIOS.obj (.text:_ti_sysbios_hal_Hwi_startup__E)
                  0008d074    00000003     lab3_p28FP.o28FP (.text:_ti_sysbios_knl_Clock_TimerProxy_Module__startupDone__S)
                  0008d077    00000003     sysbios.a28FP : BIOS.obj (.text:_ti_sysbios_knl_Idle_loop__E)
                  0008d07a    00000003                   : BIOS.obj (.text:_ti_sysbios_knl_Queue_Instance_init__E)
                  0008d07d    00000003     lab3_p28FP.o28FP (.text:_ti_sysbios_knl_Task_SupportProxy_Module__startupDone__S)
                  0008d080    00000003     sysbios.a28FP : BIOS.obj (.text:_ti_sysbios_knl_Task_startup__E)
                  0008d083    00000003     lab3_p28FP.o28FP (.text:_xdc_runtime_Startup_reset__I)
                  0008d086    00000003     ti.targets.rts2800.a28FP : System.o28FP (.text:_xdc_runtime_System_Module_startup__E)
                  0008d089    00000003     lab3_p28FP.o28FP (.text:_xdc_runtime_System_SupportProxy_ready__E)
                  0008d08c    00000003     ti.targets.rts2800.a28FP : System.o28FP (.text:_xdc_runtime_System_abortStd__E)
                  0008d08f    00000003                              : System.o28FP (.text:_xdc_runtime_System_exitStd__E)
                  0008d092    00000002     lab3_p28FP.o28FP (.text:_ti_sysbios_family_c28_TaskSupport_Module__startupDone__S)
                  0008d094    00000002     sysbios.a28FP : BIOS.obj (.text:_ti_sysbios_family_c28_Timer_getMaxTicks__E)
                  0008d096    00000002                   : BIOS.obj (.text:_ti_sysbios_gates_GateHwi_query__E)
                  0008d098    00000002                   : BIOS.obj (.text:_ti_sysbios_gates_GateMutex_query__E)
                  0008d09a    00000002     ti.targets.rts2800.a28FP : Error.o28FP (.text:_xdc_runtime_Error_getSite__E)
                  0008d09c    00000001     Boot.a28FP : Boot.o28FP (.text:_ti_catalog_c2800_initF2837x_Boot_defaultLimpAbortFunction)
                  0008d09d    00000001     lab3_p28FP.o28FP (.text:_ti_sysbios_BIOS_nullFunc__I)
                  0008d09e    00000001     sysbios.a28FP : c28_Hwi_asm.obj (.text:_ti_sysbios_family_c28_Hwi_interruptReturn__I)
                  0008d09f    00000001                   : BIOS.obj (.text:_ti_sysbios_gates_GateHwi_Instance_init__E)

Cla1RegsFile 
*          1    00001400    0000003c     UNINITIALIZED
                  00001400    0000003c     F2837xS_GlobalVariableDefs.obj (Cla1RegsFile)

.stack     1    00008000    00000c00     UNINITIALIZED
                  00008000    00000c00     --HOLE--

.ebss      1    0000c000    00005480     UNINITIALIZED
                  0000c000    00002f30     f28377sSerial.obj (.ebss)
                  0000ef30    00000008     rts2800_fpu32.lib : hostopen.obj (.ebss)
                  0000ef38    00000006                       : exit.obj (.ebss)
                  0000ef3e    00000002                       : _lock.obj (.ebss:__lock)
                  0000ef40    00001903     lab3_p28FP.o28FP (.ebss:taskStackSection)
                  00010843    00000001     rts2800_fpu32.lib : errno.obj (.ebss)
                  00010844    00000014     f28377sEqep.obj (.ebss)
                  00010858    00000002     rts2800_fpu32.lib : _lock.obj (.ebss:__unlock)
                  0001085a    00000026     --HOLE--
                  00010880    00000a00     lab3_p28FP.o28FP (.ebss)
                  00011280    00000200     user_lab3.obj (.ebss)

.cio       1    00008c00    00000120     UNINITIALIZED
                  00008c00    00000120     rts2800_fpu32.lib : trgmsg.obj (.cio)

.my_vars   1    00011480    00000002     UNINITIALIZED
                  00011480    00000002     user_lab3.obj (.my_vars)

GETBUFFER 
*          0    0003f800    00000000     DSECT

GETWRITEIDX 
*          0    0003f800    00000000     DSECT

PUTREADIDX 
*          0    0003f800    00000000     DSECT

PieVectTableFile 
*          0    00000d00    000001c0     DSECT
                  00000d00    000001c0     F2837xS_GlobalVariableDefs.obj (PieVectTableFile)

EmuKeyVar 
*          0    00000d00    00000001     DSECT
                  00000d00    00000001     F2837xS_GlobalVariableDefs.obj (EmuKeyVar)

EmuBModeVar 
*          0    00000d01    00000001     DSECT
                  00000d01    00000001     F2837xS_GlobalVariableDefs.obj (EmuBModeVar)

FlashCallbackVar 
*          0    00000d02    00000000     DSECT

FlashScalingVar 
*          0    00000d02    00000000     DSECT

AdcaResultFile 
*          1    00000b00    00000018     UNINITIALIZED
                  00000b00    00000018     F2837xS_GlobalVariableDefs.obj (AdcaResultFile)

AdcbResultFile 
*          1    00000b20    00000018     UNINITIALIZED
                  00000b20    00000018     F2837xS_GlobalVariableDefs.obj (AdcbResultFile)

AdccResultFile 
*          1    00000b40    00000018     UNINITIALIZED
                  00000b40    00000018     F2837xS_GlobalVariableDefs.obj (AdccResultFile)

AdcdResultFile 
*          1    00000b60    00000018     UNINITIALIZED
                  00000b60    00000018     F2837xS_GlobalVariableDefs.obj (AdcdResultFile)

CpuTimer0RegsFile 
*          1    00000c00    00000008     UNINITIALIZED
                  00000c00    00000008     F2837xS_GlobalVariableDefs.obj (CpuTimer0RegsFile)

CpuTimer1RegsFile 
*          1    00000c08    00000008     UNINITIALIZED
                  00000c08    00000008     F2837xS_GlobalVariableDefs.obj (CpuTimer1RegsFile)

CpuTimer2RegsFile 
*          1    00000c10    00000008     UNINITIALIZED
                  00000c10    00000008     F2837xS_GlobalVariableDefs.obj (CpuTimer2RegsFile)

PieCtrlRegsFile 
*          1    00000ce0    0000001a     UNINITIALIZED
                  00000ce0    0000001a     F2837xS_GlobalVariableDefs.obj (PieCtrlRegsFile)

DmaRegsFile 
*          1    00001000    000000e0     UNINITIALIZED
                  00001000    000000e0     F2837xS_GlobalVariableDefs.obj (DmaRegsFile)

EPwm1RegsFile 
*          1    00004000    00000100     UNINITIALIZED
                  00004000    00000100     F2837xS_GlobalVariableDefs.obj (EPwm1RegsFile)

EPwm2RegsFile 
*          1    00004100    00000100     UNINITIALIZED
                  00004100    00000100     F2837xS_GlobalVariableDefs.obj (EPwm2RegsFile)

EPwm3RegsFile 
*          1    00004200    00000100     UNINITIALIZED
                  00004200    00000100     F2837xS_GlobalVariableDefs.obj (EPwm3RegsFile)

EPwm4RegsFile 
*          1    00004300    00000100     UNINITIALIZED
                  00004300    00000100     F2837xS_GlobalVariableDefs.obj (EPwm4RegsFile)

EPwm5RegsFile 
*          1    00004400    00000100     UNINITIALIZED
                  00004400    00000100     F2837xS_GlobalVariableDefs.obj (EPwm5RegsFile)

EPwm6RegsFile 
*          1    00004500    00000100     UNINITIALIZED
                  00004500    00000100     F2837xS_GlobalVariableDefs.obj (EPwm6RegsFile)

EPwm7RegsFile 
*          1    00004600    00000100     UNINITIALIZED
                  00004600    00000100     F2837xS_GlobalVariableDefs.obj (EPwm7RegsFile)

EPwm8RegsFile 
*          1    00004700    00000100     UNINITIALIZED
                  00004700    00000100     F2837xS_GlobalVariableDefs.obj (EPwm8RegsFile)

EPwm9RegsFile 
*          1    00004800    00000100     UNINITIALIZED
                  00004800    00000100     F2837xS_GlobalVariableDefs.obj (EPwm9RegsFile)

EPwm10RegsFile 
*          1    00004900    00000100     UNINITIALIZED
                  00004900    00000100     F2837xS_GlobalVariableDefs.obj (EPwm10RegsFile)

EPwm11RegsFile 
*          1    00004a00    00000100     UNINITIALIZED
                  00004a00    00000100     F2837xS_GlobalVariableDefs.obj (EPwm11RegsFile)

EPwm12RegsFile 
*          1    00004b00    00000100     UNINITIALIZED
                  00004b00    00000100     F2837xS_GlobalVariableDefs.obj (EPwm12RegsFile)

ECap1RegsFile 
*          1    00005000    00000020     UNINITIALIZED
                  00005000    00000020     F2837xS_GlobalVariableDefs.obj (ECap1RegsFile)

ECap2RegsFile 
*          1    00005020    00000020     UNINITIALIZED
                  00005020    00000020     F2837xS_GlobalVariableDefs.obj (ECap2RegsFile)

ECap3RegsFile 
*          1    00005040    00000020     UNINITIALIZED
                  00005040    00000020     F2837xS_GlobalVariableDefs.obj (ECap3RegsFile)

ECap4RegsFile 
*          1    00005060    00000020     UNINITIALIZED
                  00005060    00000020     F2837xS_GlobalVariableDefs.obj (ECap4RegsFile)

ECap5RegsFile 
*          1    00005080    00000020     UNINITIALIZED
                  00005080    00000020     F2837xS_GlobalVariableDefs.obj (ECap5RegsFile)

ECap6RegsFile 
*          1    000050a0    00000020     UNINITIALIZED
                  000050a0    00000020     F2837xS_GlobalVariableDefs.obj (ECap6RegsFile)

EQep1RegsFile 
*          1    00005100    00000022     UNINITIALIZED
                  00005100    00000022     F2837xS_GlobalVariableDefs.obj (EQep1RegsFile)

EQep2RegsFile 
*          1    00005140    00000022     UNINITIALIZED
                  00005140    00000022     F2837xS_GlobalVariableDefs.obj (EQep2RegsFile)

EQep3RegsFile 
*          1    00005180    00000022     UNINITIALIZED
                  00005180    00000022     F2837xS_GlobalVariableDefs.obj (EQep3RegsFile)

DacaRegsFile 
*          1    00005c00    00000008     UNINITIALIZED
                  00005c00    00000008     F2837xS_GlobalVariableDefs.obj (DacaRegsFile)

DacbRegsFile 
*          1    00005c10    00000008     UNINITIALIZED
                  00005c10    00000008     F2837xS_GlobalVariableDefs.obj (DacbRegsFile)

DaccRegsFile 
*          1    00005c20    00000008     UNINITIALIZED
                  00005c20    00000008     F2837xS_GlobalVariableDefs.obj (DaccRegsFile)

Sdfm1RegsFile 
*          1    00005e00    00000080     UNINITIALIZED
                  00005e00    00000080     F2837xS_GlobalVariableDefs.obj (Sdfm1RegsFile)

Sdfm2RegsFile 
*          1    00005e80    00000080     UNINITIALIZED
                  00005e80    00000080     F2837xS_GlobalVariableDefs.obj (Sdfm2RegsFile)

McbspaRegsFile 
*          1    00006000    00000024     UNINITIALIZED
                  00006000    00000024     F2837xS_GlobalVariableDefs.obj (McbspaRegsFile)

McbspbRegsFile 
*          1    00006040    00000024     UNINITIALIZED
                  00006040    00000024     F2837xS_GlobalVariableDefs.obj (McbspbRegsFile)

SpiaRegsFile 
*          1    00006100    00000010     UNINITIALIZED
                  00006100    00000010     F2837xS_GlobalVariableDefs.obj (SpiaRegsFile)

SpibRegsFile 
*          1    00006110    00000010     UNINITIALIZED
                  00006110    00000010     F2837xS_GlobalVariableDefs.obj (SpibRegsFile)

SpicRegsFile 
*          1    00006120    00000010     UNINITIALIZED
                  00006120    00000010     F2837xS_GlobalVariableDefs.obj (SpicRegsFile)

UppRegsFile 
*          1    00006200    00000048     UNINITIALIZED
                  00006200    00000048     F2837xS_GlobalVariableDefs.obj (UppRegsFile)

WdRegsFile 
*          1    00007000    0000002b     UNINITIALIZED
                  00007000    0000002b     F2837xS_GlobalVariableDefs.obj (WdRegsFile)

NmiIntruptRegsFile 
*          1    00007060    00000007     UNINITIALIZED
                  00007060    00000007     F2837xS_GlobalVariableDefs.obj (NmiIntruptRegsFile)

XintRegsFile 
*          1    00007070    0000000b     UNINITIALIZED
                  00007070    0000000b     F2837xS_GlobalVariableDefs.obj (XintRegsFile)

SciaRegsFile 
*          1    00007200    00000010     UNINITIALIZED
                  00007200    00000010     F2837xS_GlobalVariableDefs.obj (SciaRegsFile)

ScibRegsFile 
*          1    00007210    00000010     UNINITIALIZED
                  00007210    00000010     F2837xS_GlobalVariableDefs.obj (ScibRegsFile)

ScicRegsFile 
*          1    00007220    00000010     UNINITIALIZED
                  00007220    00000010     F2837xS_GlobalVariableDefs.obj (ScicRegsFile)

ScidRegsFile 
*          1    00007230    00000010     UNINITIALIZED
                  00007230    00000010     F2837xS_GlobalVariableDefs.obj (ScidRegsFile)

I2caRegsFile 
*          1    00007300    00000022     UNINITIALIZED
                  00007300    00000022     F2837xS_GlobalVariableDefs.obj (I2caRegsFile)

I2cbRegsFile 
*          1    00007340    00000022     UNINITIALIZED
                  00007340    00000022     F2837xS_GlobalVariableDefs.obj (I2cbRegsFile)

AdcaRegsFile 
*          1    00007400    00000080     UNINITIALIZED
                  00007400    00000080     F2837xS_GlobalVariableDefs.obj (AdcaRegsFile)

AdcbRegsFile 
*          1    00007480    00000080     UNINITIALIZED
                  00007480    00000080     F2837xS_GlobalVariableDefs.obj (AdcbRegsFile)

AdccRegsFile 
*          1    00007500    00000080     UNINITIALIZED
                  00007500    00000080     F2837xS_GlobalVariableDefs.obj (AdccRegsFile)

AdcdRegsFile 
*          1    00007580    00000080     UNINITIALIZED
                  00007580    00000080     F2837xS_GlobalVariableDefs.obj (AdcdRegsFile)

AnalogSubsysRegsFile 
*          1    0005d180    00000048     UNINITIALIZED
                  0005d180    00000048     F2837xS_GlobalVariableDefs.obj (AnalogSubsysRegsFile)

Cla1SoftIntRegsFile 
*          1    00000ce0    00000004     DSECT
                  00000ce0    00000004     F2837xS_GlobalVariableDefs.obj (Cla1SoftIntRegsFile)

Cmpss1RegsFile 
*          1    00005c80    00000020     UNINITIALIZED
                  00005c80    00000020     F2837xS_GlobalVariableDefs.obj (Cmpss1RegsFile)

Cmpss2RegsFile 
*          1    00005ca0    00000020     UNINITIALIZED
                  00005ca0    00000020     F2837xS_GlobalVariableDefs.obj (Cmpss2RegsFile)

Cmpss3RegsFile 
*          1    00005cc0    00000020     UNINITIALIZED
                  00005cc0    00000020     F2837xS_GlobalVariableDefs.obj (Cmpss3RegsFile)

Cmpss4RegsFile 
*          1    00005ce0    00000020     UNINITIALIZED
                  00005ce0    00000020     F2837xS_GlobalVariableDefs.obj (Cmpss4RegsFile)

Cmpss5RegsFile 
*          1    00005d00    00000020     UNINITIALIZED
                  00005d00    00000020     F2837xS_GlobalVariableDefs.obj (Cmpss5RegsFile)

Cmpss6RegsFile 
*          1    00005d20    00000020     UNINITIALIZED
                  00005d20    00000020     F2837xS_GlobalVariableDefs.obj (Cmpss6RegsFile)

Cmpss7RegsFile 
*          1    00005d40    00000020     UNINITIALIZED
                  00005d40    00000020     F2837xS_GlobalVariableDefs.obj (Cmpss7RegsFile)

Cmpss8RegsFile 
*          1    00005d60    00000020     UNINITIALIZED
                  00005d60    00000020     F2837xS_GlobalVariableDefs.obj (Cmpss8RegsFile)

InputXbarRegsFile 
*          1    00007900    00000020     UNINITIALIZED
                  00007900    00000020     F2837xS_GlobalVariableDefs.obj (InputXbarRegsFile)

XbarRegsFile 
*          1    00007920    00000020     UNINITIALIZED
                  00007920    00000020     F2837xS_GlobalVariableDefs.obj (XbarRegsFile)

TrigRegsFile 
*          1    00007940    00000006     UNINITIALIZED
                  00007940    00000006     F2837xS_GlobalVariableDefs.obj (TrigRegsFile)

DmaClaSrcSelRegsFile 
*          1    00007980    0000001a     UNINITIALIZED
                  00007980    0000001a     F2837xS_GlobalVariableDefs.obj (DmaClaSrcSelRegsFile)

EPwmXbarRegsFile 
*          1    00007a00    00000040     UNINITIALIZED
                  00007a00    00000040     F2837xS_GlobalVariableDefs.obj (EPwmXbarRegsFile)

OutputXbarRegsFile 
*          1    00007a80    00000040     UNINITIALIZED
                  00007a80    00000040     F2837xS_GlobalVariableDefs.obj (OutputXbarRegsFile)

GpioCtrlRegsFile 
*          1    00007c00    00000180     UNINITIALIZED
                  00007c00    00000180     F2837xS_GlobalVariableDefs.obj (GpioCtrlRegsFile)

GpioDataRegsFile 
*          1    00007f00    00000030     UNINITIALIZED
                  00007f00    00000030     F2837xS_GlobalVariableDefs.obj (GpioDataRegsFile)

Emif1RegsFile 
*          1    00047000    00000070     UNINITIALIZED
                  00047000    00000070     F2837xS_GlobalVariableDefs.obj (Emif1RegsFile)

Emif2RegsFile 
*          1    00047800    00000070     UNINITIALIZED
                  00047800    00000070     F2837xS_GlobalVariableDefs.obj (Emif2RegsFile)

[...]
0     0008cfe5  _ti_sysbios_knl_Swi_disable__E                            
0     0008cfeb  _ti_sysbios_knl_Task_disable__E                           
0     0008cff1  _xdc_runtime_Gate_enterSystem__E                          
0     0008cff7  _xdc_runtime_Gate_leaveSystem__E                          
0     0008cffd  _xdc_runtime_LoggerBuf_Module_GateProxy_enter__E          
0     0008d003  _xdc_runtime_LoggerBuf_TimestampProxy_get64__E            
0     0008d009  _xdc_runtime_LoggerBuf_enable__E                          
0     0008d00f  _xdc_runtime_System_Module_GateProxy_enter__E             
0     0008d015  _xdc_runtime_System_SupportProxy_abort__E                 
0     0008d01b  _xdc_runtime_System_SupportProxy_exit__E                  
0     0008d021  _xdc_runtime_System_SupportProxy_putch__E                 
0     0008d027  _ti_sysbios_family_c28_Hwi_switchFromBootStack__E         
0     0008d02c  _ti_sysbios_gates_GateHwi_enter__E                        
0     0008d036  _xdc_runtime_Error_init__E                                
0     0008d03b  _xdc_runtime_LoggerBuf_disable__E                         
0     0008d040  _strcpy                                                   
0     0008d045  _ti_sysbios_family_c28_Hwi_startup__E                     
0     0008d049  _ti_sysbios_heaps_HeapMem_isBlocking__E                   
0     0008d04d  _ti_sysbios_knl_Clock_getTicks__E                         
0     0008d051  _ti_sysbios_knl_Swi_startup__E                            
0     0008d055  _xdc_runtime_Memory_getMaxDefaultTypeAlign__E             
0     0008d059  _ti_catalog_c2800_initF2837x_Boot_limpAbort               
0     0008d05c  ___xdc__init                                              
0     0008d05f  _ti_sysbios_family_c28_Hwi_Module__startupDone__S         
0     0008d062  _ti_sysbios_family_c28_Timer_Module__startupDone__S       
0     0008d065  _ti_sysbios_gates_GateHwi_leave__E                        
0     0008d068  _ti_sysbios_hal_Hwi_HwiProxy_Module__startupDone__S       
0     0008d06b  _ti_sysbios_hal_Hwi_HwiProxy_startup__E                   
0     0008d06e  _ti_sysbios_hal_Hwi_HwiProxy_switchFromBootStack__E       
0     0008d071  _ti_sysbios_hal_Hwi_startup__E                            
0     0008d074  _ti_sysbios_knl_Clock_TimerProxy_Module__startupDone__S   
0     0008d077  _ti_sysbios_knl_Idle_loop__E                              
0     0008d07a  _ti_sysbios_knl_Queue_Instance_init__E                    
0     0008d07d  _ti_sysbios_knl_Task_SupportProxy_Module__startupDone__S  
0     0008d080  _ti_sysbios_knl_Task_startup__E                           
0     0008d083  _xdc_runtime_Startup_reset__I                             
0     0008d086  _xdc_runtime_System_Module_startup__E                     
0     0008d089  _xdc_runtime_System_SupportProxy_ready__E                 
0     0008d08c  _xdc_runtime_System_abortStd__E                           
0     0008d08f  _xdc_runtime_System_exitStd__E                            
0     0008d092  _ti_sysbios_family_c28_TaskSupport_Module__startupDone__S 
0     0008d094  _ti_sysbios_family_c28_Timer_getMaxTicks__E               
0     0008d096  _ti_sysbios_gates_GateHwi_query__E                        
0     0008d098  _ti_sysbios_gates_GateMutex_query__E                      
0     0008d09a  _xdc_runtime_Error_getSite__E                             
0     0008d09c  _ti_catalog_c2800_initF2837x_Boot_defaultLimpAbortFunction
0     0008d09d  _ti_sysbios_BIOS_nullFunc__I                              
0     0008d09e  _ti_sysbios_family_c28_Hwi_interruptReturn__I             
0     0008d09f  _ti_sysbios_gates_GateHwi_Instance_init__E                
0     0008d0a0  ___etext__                                                
0     0008d0a0  etext                                                     
1     00000b00  _AdcaResultRegs                                           
1     00000b20  _AdcbResultRegs                                           
1     00000b40  _AdccResultRegs                                           
1     00000b60  _AdcdResultRegs                                           
1     00000c00  _CpuTimer0Regs                                            
1     00000c08  _CpuTimer1Regs                                            
1     00000c10  _CpuTimer2Regs                                            
1     00000ce0  _PieCtrlRegs                                              
1     00001000  _DmaRegs                                                  
1     00001400  _Cla1Regs                                                 
1     00004000  _EPwm1Regs                                                
1     00004100  _EPwm2Regs                                                
1     00004200  _EPwm3Regs                                                
1     00004300  _EPwm4Regs                                                
1     00004400  _EPwm5Regs                                                
1     00004500  _EPwm6Regs                                                
1     00004600  _EPwm7Regs                                                
1     00004700  _EPwm8Regs                                                
1     00004800  _EPwm9Regs                                                
1     00004900  _EPwm10Regs                                               
1     00004a00  _EPwm11Regs                                               
1     00004b00  _EPwm12Regs                                               
1     00005000  _ECap1Regs                                                
1     00005020  _ECap2Regs                                                
1     00005040  _ECap3Regs                                                
1     00005060  _ECap4Regs                                                
1     00005080  _ECap5Regs                                                
1     000050a0  _ECap6Regs                                                
1     00005100  _EQep1Regs                                                
1     00005140  _EQep2Regs                                                
1     00005180  _EQep3Regs                                                
1     00005c00  _DacaRegs                                                 
1     00005c10  _DacbRegs                                                 
1     00005c20  _DaccRegs                                                 
1     00005c80  _Cmpss1Regs                                               
1     00005ca0  _Cmpss2Regs                                               
1     00005cc0  _Cmpss3Regs                                               
1     00005ce0  _Cmpss4Regs                                               
1     00005d00  _Cmpss5Regs                                               
1     00005d20  _Cmpss6Regs                                               
1     00005d40  _Cmpss7Regs                                               
1     00005d60  _Cmpss8Regs                                               
1     00005e00  _Sdfm1Regs                                                
1     00005e80  _Sdfm2Regs                                                
1     00006000  _McbspaRegs                                               
1     00006040  _McbspbRegs                                               
1     00006100  _SpiaRegs                                                 
1     00006110  _SpibRegs                                                 
1     00006120  _SpicRegs                                                 
1     00006200  _UppRegs                                                  
1     00007000  _WdRegs                                                   
1     00007060  _NmiIntruptRegs                                           
1     00007070  _XintRegs                                                 
1     00007200  _SciaRegs                                                 
1     00007210  _ScibRegs                                                 
1     00007220  _ScicRegs                                                 
1     00007230  _ScidRegs                                                 
1     00007300  _I2caRegs                                                 
1     00007340  _I2cbRegs                                                 
1     00007400  _AdcaRegs                                                 
1     00007480  _AdcbRegs                                                 
1     00007500  _AdccRegs                                                 
1     00007580  _AdcdRegs                                                 
1     00007900  _InputXbarRegs                                            
1     00007920  _XbarRegs                                                 
1     00007940  _TrigRegs                                                 
1     00007980  _DmaClaSrcSelRegs                                         
1     00007a00  _EPwmXbarRegs                                             
1     00007a80  _OutputXbarRegs                                           
1     00007c00  _GpioCtrlRegs                                             
1     00007f00  _GpioDataRegs                                             
1     00008000  __stack                                                   
1     00008c00  __CIOBUF_                                                 
1     00008c00  __STACK_END                                               
1     0000c000  _SerialB                                                  
1     0000cfc0  _SerialA                                                  
1     0000df80  _SerialC                                                  
1     0000ef30  _parmbuf                                                  
1     0000ef38  ___TI_enable_exit_profile_output                          
1     0000ef3a  ___TI_cleanup_ptr                                         
1     0000ef3c  ___TI_dtors_ptr                                           
1     0000ef3e  __lock                                                    
1     0000ef40  _ti_sysbios_knl_Task_Instance_State_1_stack__A            
1     0000f040  _ti_sysbios_knl_Task_Instance_State_0_stack__A            
1     0000f840  _ti_sysbios_heaps_HeapMem_Instance_State_0_buf__A         
1     00010843  _errno                                                    
1     00010844  _eqep1                                                    
1     0001084e  _eqep3                                                    
1     00010858  __unlock                                                  
1     00010880  _xdc_runtime_Error_Module__state__V                       
1     00010882  _ti_sysbios_knl_Task_Module_State_0_idleTask__A           
1     00010884  ___xdc__init__addr                                        
1     00010886  _xdc_runtime_Memory_Module__state__V                      
1     00010888  _ti_sysbios_gates_GateHwi_Object__table__V                
1     0001088a  _xdc_runtime_LoggerBuf_Module__state__V                   
1     0001088e  _xdc_runtime_SysMin_Module__state__V                      
1     00010892  _xdc_runtime_Registry_Module__state__V                    
1     00010896  _ti_sysbios_family_c28_Hwi_Module__root__V                
1     0001089a  _ti_sysbios_knl_Clock_Module__root__V                     
1     0001089e  _xdc_runtime_Text_Module__state__V                        
1     000108a2  _ti_sysbios_gates_GateHwi_Module__root__V                 
1     000108a6  _ti_sysbios_knl_Event_Module__root__V                     
1     000108aa  _ti_sysbios_knl_Semaphore_Module__root__V                 
1     000108ae  _ti_sysbios_knl_Mailbox_Module__root__V                   
1     000108b2  _ti_sysbios_knl_Queue_Module__root__V                     
1     000108b6  _ti_sysbios_gates_GateMutex_Module__root__V               
1     000108ba  _ti_sysbios_hal_Hwi_Module__root__V                       
1     000108c0  _xdc_runtime_LoggerBuf_Module__root__V                    
1     000108c4  _ti_sysbios_family_c28_Timer_Module__root__V              
1     000108c8  _ti_sysbios_knl_Swi_Module__root__V                       
1     000108cc  _ti_sysbios_knl_Task_Module__root__V                      
1     000108d0  _xdc_runtime_Startup_Module__state__V                     
1     000108d4  _xdc_runtime_System_Module__state__V                      
1     000108d8  _ti_sysbios_heaps_HeapMem_Module__root__V                 
1     000108dc  _ti_sysbios_family_c28_Timer_Module__state__V             
1     000108e4  _ti_sysbios_knl_Semaphore_Object__table__V                
1     000108ee  _ti_sysbios_heaps_HeapMem_Object__table__V                
1     00010900  _ti_sysbios_knl_Swi_Module__state__V                      
1     0001090c  _ti_sysbios_knl_Clock_Object__table__V                    
1     0001091c  _xdc_runtime_System_Module_State_0_atexitHandlers__A      
1     0001092c  _ti_sysbios_family_c28_Hwi_Module__state__V               
1     00010940  _xdc_runtime_LoggerBuf_Object__table__V                   
1     00010952  _ti_sysbios_BIOS_Module__state__V                         
1     00010964  _ti_sysbios_knl_Clock_Module__state__V                    
1     00010980  _ti_sysbios_family_c28_Timer_Object__table__V             
1     00010998  _ti_sysbios_gates_GateMutex_Object__table__V              
1     000109c0  _ti_sysbios_knl_Task_Module__state__V                     
1     00010a00  _ti_sysbios_knl_Swi_Object__table__V                      
1     00010a40  _ti_sysbios_knl_Swi_Module_State_0_readyQ__A              
1     00010a80  _ti_sysbios_knl_Task_Module_State_0_readyQ__A             
1     00010ac0  _ti_sysbios_knl_Task_Object__table__V                     
1     00010b40  _ti_sysbios_family_c28_Hwi_Object__table__V               
1     00010bc0  _xdc_runtime_LoggerBuf_Instance_State_0_entryArr__A       
1     00010cc0  _ti_sysbios_family_c28_Hwi_Module_State_0_dispatchTable__A
1     00010e80  _xdc_runtime_SysMin_Module_State_0_outbuf__A              
1     00011280  _SIMU_Var1_fromSIMU_16bit                                 
1     00011281  _UARTbeginnewdata                                         
1     00011282  _SIMU_Var2_fromSIMU_16bit                                 
1     00011283  _SIMU_Var4_fromSIMU_16bit                                 
1     00011284  _SIMU_Var5_fromSIMU_16bit                                 
1     00011285  _SIMU_Var6_fromSIMU_16bit                                 
1     00011286  _SIMU_databyte1                                           
1     00011287  _UARTreceivelength                                        
1     00011288  _Main_memcount                                            
1     00011289  _UARTdatacollect                                          
1     0001128a  _Main_j                                                   
1     0001128b  _SIMU_Var3_fromSIMU_16bit                                 
1     0001128c  _Main_sendingarray                                        
1     0001128d  _Switch2State                                             
1     0001128e  _Switch3State                                             
1     0001128f  _SIMU_checkfirstcommandbyte                               
1     00011290  _SwitchState                                              
1     00011291  _PrevSwitchState                                          
1     00011292  _Switch1State                                             
1     00011293  _Switch4State                                             
1     00011294  _SIMU_Var1_toSIMU_16bit                                   
1     00011295  _SIMU_Var2_toSIMU_16bit                                   
1     00011296  _Main_i                                                   
1     00011297  _SIMU_datacollect                                         
1     00011298  _SIMU_Tranaction_Type                                     
1     00011299  _SIMU_Var7_fromSIMU_16bit                                 
1     0001129a  _adcb0result                                              
1     0001129b  _adcb1result                                              
1     0001129c  _SIMU_beginnewdata                                        
1     0001129d  _UARTtransmissionerror                                    
1     0001129e  _UARTsensordatatimeouterror                               
1     000112a0  _SIMU_Var2_toSIMU_32bit                                   
1     000112a2  _myms                                                     
1     000112a4  _SIMU_Var1_toSIMU_32bit                                   
1     000112a6  _memloc                                                   
1     000112a8  _matlabLockshadow                                         
1     000112aa  _ptrmemloc                                                
1     000112ac  _mytime                                                   
1     000112ae  _Main_tempf                                               
1     000112b0  _myms2                                                    
1     000112b2  _SIMU_TXrawbytes                                          
1     000112c0  _Main_value                                               
1     000112d4  _Main_address                                             
1     00011300  _UARTMessageArray                                         
1     00011380  _Main_SendArray                                           
1     00011400  _Main_SendArray2                                          
1     00011480  _matlabLock                                               
1     00047000  _Emif1Regs                                                
1     00047800  _Emif2Regs                                                
1     0005d000  _DevCfgRegs                                               
1     0005d180  _AnalogSubsysRegs                                         
1     0005d200  _ClkCfgRegs                                               
1     0005d300  _CpuSysRegs                                               
1     0005e608  _RomPrefetchRegs                                          
1     0005f000  _DcsmZ1Regs                                               
1     0005f040  _DcsmZ2Regs                                               
1     0005f070  _DcsmCommonRegs                                           
1     0005f400  _MemCfgRegs                                               
1     0005f480  _Emif1ConfigRegs                                          
1     0005f4a0  _Emif2ConfigRegs                                          
1     0005f4c0  _AccessProtectionRegs                                     
1     0005f500  _MemoryErrorRegs                                          
1     0005f540  _RomWaitStateRegs                                         
1     0005f800  _Flash0CtrlRegs                                           
1     0005fb00  _Flash0EccRegs                                            
1     0005fc00  _Flash1CtrlRegs                                           
1     0005ff00  _Flash1EccRegs                                            
1     00078000  _DcsmZ1Otp                                                
1     00078200  _DcsmZ2Otp                                                
abs   00000001  _xdc_runtime_Startup__EXECFXN__C                          
abs   00000001  _xdc_runtime_Startup__RESETFXN__C                         
abs   000001bc  _RamfuncsLoadSize                                         
abs   000001bc  _RamfuncsRunSize                                          
abs   00000c00  __STACK_SIZE                                              
abs   ffffffff  ___TI_pprof_out_hndl                                      
abs   ffffffff  ___TI_prof_data_size                                      
abs   ffffffff  ___TI_prof_data_start                                     
abs   ffffffff  ___c_args__                                               
abs   ffffffff  ___pinit__                                                
abs   ffffffff  pinit                                                     

[835 symbols]
