<?xml version="1.0"?>
<link_info>
   <banner>TMS320C2000 Linker PC v17.6.0.STS</banner>
   <copyright>Copyright (c) 1996-2017 Texas Instruments Incorporated</copyright>
   <link_time>0x5bc51d32</link_time>
   <link_errors>0x0</link_errors>
   <output_file>Lab7.out</output_file>
   <entry_point>
      <name>_c_int00</name>
      <address>0x8bad2</address>
   </entry_point>
   <input_file_list>
      <input_file id="fl-2">
         <path>.\</path>
         <kind>object</kind>
         <file>F2837xS_Adc.obj</file>
         <name>F2837xS_Adc.obj</name>
      </input_file>
      <input_file id="fl-3">
         <path>.\</path>
         <kind>object</kind>
         <file>F2837xS_CodeStartBranch.obj</file>
         <name>F2837xS_CodeStartBranch.obj</name>
      </input_file>
      <input_file id="fl-4">
         <path>.\</path>
         <kind>object</kind>
         <file>F2837xS_EPwm.obj</file>
         <name>F2837xS_EPwm.obj</name>
      </input_file>
      <input_file id="fl-5">
         <path>.\</path>
         <kind>object</kind>
         <file>F2837xS_GlobalVariableDefs.obj</file>
         <name>F2837xS_GlobalVariableDefs.obj</name>
      </input_file>
      <input_file id="fl-6">
         <path>.\</path>
         <kind>object</kind>
         <file>F2837xS_Gpio.obj</file>
         <name>F2837xS_Gpio.obj</name>
      </input_file>
      <input_file id="fl-7">
         <path>.\</path>
         <kind>object</kind>
         <file>F2837xS_Spi.obj</file>
         <name>F2837xS_Spi.obj</name>
      </input_file>
      <input_file id="fl-8">
         <path>.\</path>
         <kind>object</kind>
         <file>F2837xS_SysCtrl.obj</file>
         <name>F2837xS_SysCtrl.obj</name>
      </input_file>
      <input_file id="fl-9">
         <path>.\</path>
         <kind>object</kind>
         <file>F2837xS_usDelay.obj</file>
         <name>F2837xS_usDelay.obj</name>
      </input_file>
      <input_file id="fl-a">
         <path>.\</path>
         <kind>object</kind>
         <file>f28377sADC.obj</file>
         <name>f28377sADC.obj</name>
      </input_file>
      <input_file id="fl-b">
         <path>.\</path>
         <kind>object</kind>
         <file>f28377sCoecsl.obj</file>
         <name>f28377sCoecsl.obj</name>
      </input_file>
      <input_file id="fl-c">
         <path>.\</path>
         <kind>object</kind>
         <file>f28377sDAC.obj</file>
         <name>f28377sDAC.obj</name>
      </input_file>
      <input_file id="fl-d">
         <path>.\</path>
         <kind>object</kind>
         <file>f28377sEPWM3A.obj</file>
         <name>f28377sEPWM3A.obj</name>
      </input_file>
      <input_file id="fl-e">
         <path>.\</path>
         <kind>object</kind>
         <file>f28377sEqep.obj</file>
         <name>f28377sEqep.obj</name>
      </input_file>
      <input_file id="fl-f">
         <path>.\</path>
         <kind>object</kind>
         <file>f28377sSerial.obj</file>
         <name>f28377sSerial.obj</name>
      </input_file>
      <input_file id="fl-10">
         <path>.\</path>
         <kind>object</kind>
         <file>lcd.obj</file>
         <name>lcd.obj</name>
      </input_file>
      <input_file id="fl-11">
         <path>.\</path>
         <kind>object</kind>
         <file>user_Lab7.obj</file>
         <name>user_Lab7.obj</name>
      </input_file>
      <input_file id="fl-13">
         <path>C:\ayush2_nigam4\repo\trunk\Lab7\Lab7Project\Debug\configPkg\package\cfg\</path>
         <kind>object</kind>
         <file>Lab7_p28FP.o28FP</file>
         <name>Lab7_p28FP.o28FP</name>
      </input_file>
      <input_file id="fl-1e">
         <kind>object</kind>
         <file>&lt;internal&gt;</file>
         <name>&lt;internal&gt;</name>
      </input_file>
      <input_file id="fl-1f">
         <path>C:\ayush2_nigam4\repo\trunk\Lab7\src\sysbios\</path>
         <kind>archive</kind>
         <file>sysbios.a28FP</file>
         <name>BIOS.obj</name>
      </input_file>
      <input_file id="fl-20">
         <path>C:\ayush2_nigam4\repo\trunk\Lab7\src\sysbios\</path>
         <kind>archive</kind>
         <file>sysbios.a28FP</file>
         <name>c28_Hwi_asm.obj</name>
      </input_file>
      <input_file id="fl-21">
         <path>C:\ayush2_nigam4\repo\trunk\Lab7\src\sysbios\</path>
         <kind>archive</kind>
         <file>sysbios.a28FP</file>
         <name>c28_Hwi_disp_asm.obj</name>
      </input_file>
      <input_file id="fl-22">
         <path>C:\ayush2_nigam4\repo\trunk\Lab7\src\sysbios\</path>
         <kind>archive</kind>
         <file>sysbios.a28FP</file>
         <name>c28_IntrinsicsSupport_asm.obj</name>
      </input_file>
      <input_file id="fl-23">
         <path>C:\ayush2_nigam4\repo\trunk\Lab7\src\sysbios\</path>
         <kind>archive</kind>
         <file>sysbios.a28FP</file>
         <name>c28_TaskSupport_asm.obj</name>
      </input_file>
      <input_file id="fl-24">
         <path>C:\CCStudio_v8\tirtos_c2000_2_16_01_14\products\bios_6_45_02_31\packages\ti\targets\rts2800\lib\</path>
         <kind>archive</kind>
         <file>ti.targets.rts2800.a28FP</file>
         <name>Assert.o28FP</name>
      </input_file>
      <input_file id="fl-25">
         <path>C:\CCStudio_v8\tirtos_c2000_2_16_01_14\products\bios_6_45_02_31\packages\ti\targets\rts2800\lib\</path>
         <kind>archive</kind>
         <file>ti.targets.rts2800.a28FP</file>
         <name>Core-mem.o28FP</name>
      </input_file>
      <input_file id="fl-26">
         <path>C:\CCStudio_v8\tirtos_c2000_2_16_01_14\products\bios_6_45_02_31\packages\ti\targets\rts2800\lib\</path>
         <kind>archive</kind>
         <file>ti.targets.rts2800.a28FP</file>
         <name>Core-smem.o28FP</name>
      </input_file>
      <input_file id="fl-27">
         <path>C:\CCStudio_v8\tirtos_c2000_2_16_01_14\products\bios_6_45_02_31\packages\ti\targets\rts2800\lib\</path>
         <kind>archive</kind>
         <file>ti.targets.rts2800.a28FP</file>
         <name>Core-label.o28FP</name>
      </input_file>
      <input_file id="fl-28">
         <path>C:\CCStudio_v8\tirtos_c2000_2_16_01_14\products\bios_6_45_02_31\packages\ti\targets\rts2800\lib\</path>
         <kind>archive</kind>
         <file>ti.targets.rts2800.a28FP</file>
         <name>Core-params.o28FP</name>
      </input_file>
      <input_file id="fl-29">
         <path>C:\CCStudio_v8\tirtos_c2000_2_16_01_14\products\bios_6_45_02_31\packages\ti\targets\rts2800\lib\</path>
         <kind>archive</kind>
         <file>ti.targets.rts2800.a28FP</file>
         <name>Error.o28FP</name>
      </input_file>
      <input_file id="fl-2a">
         <path>C:\CCStudio_v8\tirtos_c2000_2_16_01_14\products\bios_6_45_02_31\packages\ti\targets\rts2800\lib\</path>
         <kind>archive</kind>
         <file>ti.targets.rts2800.a28FP</file>
         <name>Gate.o28FP</name>
      </input_file>
      <input_file id="fl-2b">
         <path>C:\CCStudio_v8\tirtos_c2000_2_16_01_14\products\bios_6_45_02_31\packages\ti\targets\rts2800\lib\</path>
         <kind>archive</kind>
         <file>ti.targets.rts2800.a28FP</file>
         <name>LoggerBuf.o28FP</name>
      </input_file>
      <input_file id="fl-2c">
         <path>C:\CCStudio_v8\tirtos_c2000_2_16_01_14\products\bios_6_45_02_31\packages\ti\targets\rts2800\lib\</path>
         <kind>archive</kind>
         <file>ti.targets.rts2800.a28FP</file>
         <name>Memory.o28FP</name>
      </input_file>
      <input_file id="fl-2d">
         <path>C:\CCStudio_v8\tirtos_c2000_2_16_01_14\products\bios_6_45_02_31\packages\ti\targets\rts2800\lib\</path>
         <kind>archive</kind>
         <file>ti.targets.rts2800.a28FP</file>
         <name>Startup.o28FP</name>
      </input_file>
      <input_file id="fl-2e">
         <path>C:\CCStudio_v8\tirtos_c2000_2_16_01_14\products\bios_6_45_02_31\packages\ti\targets\rts2800\lib\</path>
         <kind>archive</kind>
         <file>ti.targets.rts2800.a28FP</file>
         <name>System.o28FP</name>
      </input_file>
      <input_file id="fl-2f">
         <path>C:\CCStudio_v8\tirtos_c2000_2_16_01_14\products\bios_6_45_02_31\packages\ti\targets\rts2800\lib\</path>
         <kind>archive</kind>
         <file>ti.targets.rts2800.a28FP</file>
         <name>SysMin.o28FP</name>
      </input_file>
      <input_file id="fl-30">
         <path>C:\CCStudio_v8\tirtos_c2000_2_16_01_14\products\bios_6_45_02_31\packages\ti\targets\rts2800\lib\</path>
         <kind>archive</kind>
         <file>ti.targets.rts2800.a28FP</file>
         <name>Text.o28FP</name>
      </input_file>
      <input_file id="fl-31">
         <path>C:\CCStudio_v8\tirtos_c2000_2_16_01_14\products\bios_6_45_02_31\packages\ti\targets\rts2800\lib\</path>
         <kind>archive</kind>
         <file>ti.targets.rts2800.a28FP</file>
         <name>xdc_noinit.o28FP</name>
      </input_file>
      <input_file id="fl-32">
         <path>C:\CCStudio_v8\tirtos_c2000_2_16_01_14\products\bios_6_45_02_31\packages\ti\targets\rts2800\lib\</path>
         <kind>archive</kind>
         <file>ti.targets.rts2800.a28FP</file>
         <name>Log.o28FP</name>
      </input_file>
      <input_file id="fl-33">
         <path>C:\CCStudio_v8\tirtos_c2000_2_16_01_14\products\bios_6_45_02_31\packages\ti\targets\rts2800\lib\</path>
         <kind>archive</kind>
         <file>ti.targets.rts2800.a28FP</file>
         <name>Registry.o28FP</name>
      </input_file>
      <input_file id="fl-34">
         <path>C:\CCStudio_v8\tirtos_c2000_2_16_01_14\products\bios_6_45_02_31\packages\ti\targets\rts2800\lib\</path>
         <kind>archive</kind>
         <file>boot.a28FP</file>
         <name>boot_cg.o28FP</name>
      </input_file>
      <input_file id="fl-35">
         <path>C:\CCStudio_v8\tirtos_c2000_2_16_01_14\products\bios_6_45_02_31\packages\ti\catalog\c2800\initF2837x\lib\</path>
         <kind>archive</kind>
         <file>Boot.a28FP</file>
         <name>Boot.o28FP</name>
      </input_file>
      <input_file id="fl-41">
         <path>C:\CCStudio_v8\ccsv8\tools\compiler\ti-cgt-c2000_17.6.0.STS\lib\</path>
         <kind>archive</kind>
         <file>rts2800_fpu32.lib</file>
         <name>fs_div28.obj</name>
      </input_file>
      <input_file id="fl-42">
         <path>C:\CCStudio_v8\ccsv8\tools\compiler\ti-cgt-c2000_17.6.0.STS\lib\</path>
         <kind>archive</kind>
         <file>rts2800_fpu32.lib</file>
         <name>ll_div28.obj</name>
      </input_file>
      <input_file id="fl-43">
         <path>C:\CCStudio_v8\ccsv8\tools\compiler\ti-cgt-c2000_17.6.0.STS\lib\</path>
         <kind>archive</kind>
         <file>rts2800_fpu32.lib</file>
         <name>i_div28.obj</name>
      </input_file>
      <input_file id="fl-44">
         <path>C:\CCStudio_v8\ccsv8\tools\compiler\ti-cgt-c2000_17.6.0.STS\lib\</path>
         <kind>archive</kind>
         <file>rts2800_fpu32.lib</file>
         <name>u_div28.obj</name>
      </input_file>
      <input_file id="fl-45">
         <path>C:\CCStudio_v8\ccsv8\tools\compiler\ti-cgt-c2000_17.6.0.STS\lib\</path>
         <kind>archive</kind>
         <file>rts2800_fpu32.lib</file>
         <name>l_div28.obj</name>
      </input_file>
      <input_file id="fl-46">
         <path>C:\CCStudio_v8\ccsv8\tools\compiler\ti-cgt-c2000_17.6.0.STS\lib\</path>
         <kind>archive</kind>
         <file>rts2800_fpu32.lib</file>
         <name>cpy_tbl.obj</name>
      </input_file>
      <input_file id="fl-47">
         <path>C:\CCStudio_v8\ccsv8\tools\compiler\ti-cgt-c2000_17.6.0.STS\lib\</path>
         <kind>archive</kind>
         <file>rts2800_fpu32.lib</file>
         <name>memcpy.obj</name>
      </input_file>
      <input_file id="fl-48">
         <path>C:\CCStudio_v8\ccsv8\tools\compiler\ti-cgt-c2000_17.6.0.STS\lib\</path>
         <kind>archive</kind>
         <file>rts2800_fpu32.lib</file>
         <name>exit.obj</name>
      </input_file>
      <input_file id="fl-49">
         <path>C:\CCStudio_v8\ccsv8\tools\compiler\ti-cgt-c2000_17.6.0.STS\lib\</path>
         <kind>archive</kind>
         <file>rts2800_fpu32.lib</file>
         <name>_lock.obj</name>
      </input_file>
      <input_file id="fl-4a">
         <path>C:\CCStudio_v8\ccsv8\tools\compiler\ti-cgt-c2000_17.6.0.STS\lib\</path>
         <kind>archive</kind>
         <file>rts2800_fpu32.lib</file>
         <name>args_main.obj</name>
      </input_file>
      <input_file id="fl-4b">
         <path>C:\CCStudio_v8\ccsv8\tools\compiler\ti-cgt-c2000_17.6.0.STS\lib\</path>
         <kind>archive</kind>
         <file>rts2800_fpu32.lib</file>
         <name>memset.obj</name>
      </input_file>
      <input_file id="fl-4c">
         <path>C:\CCStudio_v8\ccsv8\tools\compiler\ti-cgt-c2000_17.6.0.STS\lib\</path>
         <kind>archive</kind>
         <file>rts2800_fpu32.lib</file>
         <name>strcmp.obj</name>
      </input_file>
      <input_file id="fl-4d">
         <path>C:\CCStudio_v8\ccsv8\tools\compiler\ti-cgt-c2000_17.6.0.STS\lib\</path>
         <kind>archive</kind>
         <file>rts2800_fpu32.lib</file>
         <name>strlen.obj</name>
      </input_file>
      <input_file id="fl-4e">
         <path>C:\CCStudio_v8\ccsv8\tools\compiler\ti-cgt-c2000_17.6.0.STS\lib\</path>
         <kind>archive</kind>
         <file>rts2800_fpu32.lib</file>
         <name>hostwrite.obj</name>
      </input_file>
      <input_file id="fl-4f">
         <path>C:\CCStudio_v8\ccsv8\tools\compiler\ti-cgt-c2000_17.6.0.STS\lib\</path>
         <kind>archive</kind>
         <file>rts2800_fpu32.lib</file>
         <name>trgmsg.obj</name>
      </input_file>
      <input_file id="fl-50">
         <path>C:\CCStudio_v8\ccsv8\tools\compiler\ti-cgt-c2000_17.6.0.STS\lib\</path>
         <kind>archive</kind>
         <file>rts2800_fpu32.lib</file>
         <name>vsprintf.obj</name>
      </input_file>
      <input_file id="fl-51">
         <path>C:\CCStudio_v8\ccsv8\tools\compiler\ti-cgt-c2000_17.6.0.STS\lib\</path>
         <kind>archive</kind>
         <file>rts2800_fpu32.lib</file>
         <name>_printfi.obj</name>
      </input_file>
      <input_file id="fl-52">
         <path>C:\CCStudio_v8\ccsv8\tools\compiler\ti-cgt-c2000_17.6.0.STS\lib\</path>
         <kind>archive</kind>
         <file>rts2800_fpu32.lib</file>
         <name>atoi.obj</name>
      </input_file>
      <input_file id="fl-53">
         <path>C:\CCStudio_v8\ccsv8\tools\compiler\ti-cgt-c2000_17.6.0.STS\lib\</path>
         <kind>archive</kind>
         <file>rts2800_fpu32.lib</file>
         <name>ctype.obj</name>
      </input_file>
      <input_file id="fl-54">
         <path>C:\CCStudio_v8\ccsv8\tools\compiler\ti-cgt-c2000_17.6.0.STS\lib\</path>
         <kind>archive</kind>
         <file>rts2800_fpu32.lib</file>
         <name>ltoa.obj</name>
      </input_file>
      <input_file id="fl-55">
         <path>C:\CCStudio_v8\ccsv8\tools\compiler\ti-cgt-c2000_17.6.0.STS\lib\</path>
         <kind>archive</kind>
         <file>rts2800_fpu32.lib</file>
         <name>memccpy.obj</name>
      </input_file>
      <input_file id="fl-56">
         <path>C:\CCStudio_v8\ccsv8\tools\compiler\ti-cgt-c2000_17.6.0.STS\lib\</path>
         <kind>archive</kind>
         <file>rts2800_fpu32.lib</file>
         <name>strchr.obj</name>
      </input_file>
      <input_file id="fl-57">
         <path>C:\CCStudio_v8\ccsv8\tools\compiler\ti-cgt-c2000_17.6.0.STS\lib\</path>
         <kind>archive</kind>
         <file>rts2800_fpu32.lib</file>
         <name>strcpy.obj</name>
      </input_file>
      <input_file id="fl-58">
         <path>C:\CCStudio_v8\ccsv8\tools\compiler\ti-cgt-c2000_17.6.0.STS\lib\</path>
         <kind>archive</kind>
         <file>rts2800_fpu32.lib</file>
         <name>hostopen.obj</name>
      </input_file>
      <input_file id="fl-59">
         <path>C:\CCStudio_v8\ccsv8\tools\compiler\ti-cgt-c2000_17.6.0.STS\lib\</path>
         <kind>archive</kind>
         <file>rts2800_fpu32.lib</file>
         <name>s_frexp.obj</name>
      </input_file>
      <input_file id="fl-5a">
         <path>C:\CCStudio_v8\ccsv8\tools\compiler\ti-cgt-c2000_17.6.0.STS\lib\</path>
         <kind>archive</kind>
         <file>rts2800_fpu32.lib</file>
         <name>s_scalbn.obj</name>
      </input_file>
      <input_file id="fl-5b">
         <path>C:\CCStudio_v8\ccsv8\tools\compiler\ti-cgt-c2000_17.6.0.STS\lib\</path>
         <kind>archive</kind>
         <file>rts2800_fpu32.lib</file>
         <name>fd_add28.obj</name>
      </input_file>
      <input_file id="fl-5c">
         <path>C:\CCStudio_v8\ccsv8\tools\compiler\ti-cgt-c2000_17.6.0.STS\lib\</path>
         <kind>archive</kind>
         <file>rts2800_fpu32.lib</file>
         <name>fd_cmp28.obj</name>
      </input_file>
      <input_file id="fl-5d">
         <path>C:\CCStudio_v8\ccsv8\tools\compiler\ti-cgt-c2000_17.6.0.STS\lib\</path>
         <kind>archive</kind>
         <file>rts2800_fpu32.lib</file>
         <name>fd_div28.obj</name>
      </input_file>
      <input_file id="fl-5e">
         <path>C:\CCStudio_v8\ccsv8\tools\compiler\ti-cgt-c2000_17.6.0.STS\lib\</path>
         <kind>archive</kind>
         <file>rts2800_fpu32.lib</file>
         <name>fd_mpy28.obj</name>
      </input_file>
      <input_file id="fl-5f">
         <path>C:\CCStudio_v8\ccsv8\tools\compiler\ti-cgt-c2000_17.6.0.STS\lib\</path>
         <kind>archive</kind>
         <file>rts2800_fpu32.lib</file>
         <name>fd_neg28.obj</name>
      </input_file>
      <input_file id="fl-60">
         <path>C:\CCStudio_v8\ccsv8\tools\compiler\ti-cgt-c2000_17.6.0.STS\lib\</path>
         <kind>archive</kind>
         <file>rts2800_fpu32.lib</file>
         <name>fd_sub28.obj</name>
      </input_file>
      <input_file id="fl-61">
         <path>C:\CCStudio_v8\ccsv8\tools\compiler\ti-cgt-c2000_17.6.0.STS\lib\</path>
         <kind>archive</kind>
         <file>rts2800_fpu32.lib</file>
         <name>fd_toi28.obj</name>
      </input_file>
      <input_file id="fl-62">
         <path>C:\CCStudio_v8\ccsv8\tools\compiler\ti-cgt-c2000_17.6.0.STS\lib\</path>
         <kind>archive</kind>
         <file>rts2800_fpu32.lib</file>
         <name>fd_tol28.obj</name>
      </input_file>
      <input_file id="fl-63">
         <path>C:\CCStudio_v8\ccsv8\tools\compiler\ti-cgt-c2000_17.6.0.STS\lib\</path>
         <kind>archive</kind>
         <file>rts2800_fpu32.lib</file>
         <name>ll_aox28.obj</name>
      </input_file>
      <input_file id="fl-64">
         <path>C:\CCStudio_v8\ccsv8\tools\compiler\ti-cgt-c2000_17.6.0.STS\lib\</path>
         <kind>archive</kind>
         <file>rts2800_fpu32.lib</file>
         <name>ll_cmp28.obj</name>
      </input_file>
      <input_file id="fl-65">
         <path>C:\CCStudio_v8\ccsv8\tools\compiler\ti-cgt-c2000_17.6.0.STS\lib\</path>
         <kind>archive</kind>
         <file>rts2800_fpu32.lib</file>
         <name>i_tofd28.obj</name>
      </input_file>
      <input_file id="fl-66">
         <path>C:\CCStudio_v8\ccsv8\tools\compiler\ti-cgt-c2000_17.6.0.STS\lib\</path>
         <kind>archive</kind>
         <file>rts2800_fpu32.lib</file>
         <name>l_tofd28.obj</name>
      </input_file>
      <input_file id="fl-67">
         <path>C:\CCStudio_v8\ccsv8\tools\compiler\ti-cgt-c2000_17.6.0.STS\lib\</path>
         <kind>archive</kind>
         <file>rts2800_fpu32.lib</file>
         <name>fs_tofdfpu32.obj</name>
      </input_file>
      <input_file id="fl-68">
         <path>C:\CCStudio_v8\ccsv8\tools\compiler\ti-cgt-c2000_17.6.0.STS\lib\</path>
         <kind>archive</kind>
         <file>rts2800_fpu32.lib</file>
         <name>errno.obj</name>
      </input_file>
      <input_file id="fl-69">
         <path>C:\CCStudio_v8\ccsv8\tools\compiler\ti-cgt-c2000_17.6.0.STS\lib\</path>
         <kind>archive</kind>
         <file>rts2800_fpu32.lib</file>
         <name>s_copysign.obj</name>
      </input_file>
   </input_file_list>
   <object_component_list>
      <object_component id="oc-3a8">
         <name>.text:ti_catalog_c2800_initF2837x_flashfuncs:_ti_catalog_c2800_initF2837x_Boot_initFlash</name>
         <load_address>0x801be</load_address>
         <run_address>0xb000</run_address>
         <size>0x27</size>
         <input_file_ref idref="fl-35"/>
      </object_component>
      <object_component id="oc-13b">
         <name>xdc.meta</name>
         <load_address>0x0</load_address>
         <run_address>0x0</run_address>
         <size>0xe6</size>
         <input_file_ref idref="fl-13"/>
      </object_component>
      <object_component id="oc-138">
         <name>.cinit</name>
         <load_address>0x801e5</load_address>
         <run_address>0x801e5</run_address>
         <size>0x499</size>
         <input_file_ref idref="fl-13"/>
      </object_component>
      <object_component id="oc-12f">
         <name>.cinit</name>
         <load_address>0x8067e</load_address>
         <run_address>0x8067e</run_address>
         <size>0xd6</size>
         <input_file_ref idref="fl-11"/>
      </object_component>
      <object_component id="oc-1dc">
         <name>.cinit</name>
         <load_address>0x80754</load_address>
         <run_address>0x80754</run_address>
         <size>0xe</size>
         <input_file_ref idref="fl-48"/>
      </object_component>
      <object_component id="oc-321">
         <name>.cinit:__lock</name>
         <load_address>0x80762</load_address>
         <run_address>0x80762</run_address>
         <size>0x5</size>
         <input_file_ref idref="fl-49"/>
      </object_component>
      <object_component id="oc-322">
         <name>.cinit:__unlock</name>
         <load_address>0x80767</load_address>
         <run_address>0x80767</run_address>
         <size>0x5</size>
         <input_file_ref idref="fl-49"/>
      </object_component>
      <object_component id="oc-281">
         <name>.cinit</name>
         <load_address>0x8076c</load_address>
         <run_address>0x8076c</run_address>
         <size>0x4</size>
         <input_file_ref idref="fl-68"/>
      </object_component>
      <object_component id="oc-466">
         <name>.binit</name>
         <load_address>0x80790</load_address>
         <run_address>0x80790</run_address>
         <size>0xa</size>
      </object_component>
      <object_component id="oc-361">
         <name>.text</name>
         <load_address>0x88000</load_address>
         <run_address>0x88000</run_address>
         <size>0xc16</size>
         <input_file_ref idref="fl-51"/>
      </object_component>
      <object_component id="oc-293">
         <name>.text</name>
         <load_address>0x88c16</load_address>
         <run_address>0x88c16</run_address>
         <size>0x61b</size>
         <input_file_ref idref="fl-11"/>
      </object_component>
      <object_component id="oc-2b7">
         <name>.text</name>
         <load_address>0x89231</load_address>
         <run_address>0x89231</run_address>
         <size>0x2af</size>
         <input_file_ref idref="fl-f"/>
      </object_component>
      <object_component id="oc-2b9">
         <name>.text</name>
         <load_address>0x894e0</load_address>
         <run_address>0x894e0</run_address>
         <size>0x299</size>
         <input_file_ref idref="fl-8"/>
      </object_component>
      <object_component id="oc-442">
         <name>.text:_xdc_runtime_System_doPrint__I</name>
         <load_address>0x89779</load_address>
         <run_address>0x89779</run_address>
         <size>0x252</size>
         <input_file_ref idref="fl-2e"/>
      </object_component>
      <object_component id="oc-2ba">
         <name>.text</name>
         <load_address>0x899cb</load_address>
         <run_address>0x899cb</run_address>
         <size>0x244</size>
         <input_file_ref idref="fl-6"/>
      </object_component>
      <object_component id="oc-33d">
         <name>.text:_ti_sysbios_knl_Semaphore_pend__E</name>
         <load_address>0x89c0f</load_address>
         <run_address>0x89c0f</run_address>
         <size>0x1da</size>
         <input_file_ref idref="fl-1f"/>
      </object_component>
      <object_component id="oc-2af">
         <name>.text:_ti_sysbios_heaps_HeapMem_free__E</name>
         <load_address>0x89de9</load_address>
         <run_address>0x89de9</run_address>
         <size>0x1ba</size>
         <input_file_ref idref="fl-1f"/>
      </object_component>
      <object_component id="oc-2ae">
         <name>.text:_ti_sysbios_heaps_HeapMem_alloc__E</name>
         <load_address>0x89fa3</load_address>
         <run_address>0x89fa3</run_address>
         <size>0x1b3</size>
         <input_file_ref idref="fl-1f"/>
      </object_component>
      <object_component id="oc-2bc">
         <name>.text</name>
         <load_address>0x8a156</load_address>
         <run_address>0x8a156</run_address>
         <size>0x165</size>
         <input_file_ref idref="fl-10"/>
      </object_component>
      <object_component id="oc-2b5">
         <name>.text</name>
         <load_address>0x8a2bb</load_address>
         <run_address>0x8a2bb</run_address>
         <size>0x117</size>
         <input_file_ref idref="fl-e"/>
      </object_component>
      <object_component id="oc-458">
         <name>.text:_xdc_runtime_System_printfExtend__I</name>
         <load_address>0x8a3d2</load_address>
         <run_address>0x8a3d2</run_address>
         <size>0x10a</size>
         <input_file_ref idref="fl-13"/>
      </object_component>
      <object_component id="oc-1bd">
         <name>.text</name>
         <load_address>0x8a4dc</load_address>
         <run_address>0x8a4dc</run_address>
         <size>0x107</size>
         <input_file_ref idref="fl-42"/>
      </object_component>
      <object_component id="oc-2bb">
         <name>.text</name>
         <load_address>0x8a5e3</load_address>
         <run_address>0x8a5e3</run_address>
         <size>0xfd</size>
         <input_file_ref idref="fl-4"/>
      </object_component>
      <object_component id="oc-308">
         <name>.text:_ti_sysbios_heaps_HeapMem_Instance_init__E</name>
         <load_address>0x8a6e0</load_address>
         <run_address>0x8a6e0</run_address>
         <size>0xed</size>
         <input_file_ref idref="fl-1f"/>
      </object_component>
      <object_component id="oc-370">
         <name>.text:_ti_sysbios_family_c28_Hwi_clearInterrupt__E</name>
         <load_address>0x8a7cd</load_address>
         <run_address>0x8a7cd</run_address>
         <size>0xe0</size>
         <input_file_ref idref="fl-1f"/>
      </object_component>
      <object_component id="oc-30e">
         <name>.text</name>
         <load_address>0x8a8ad</load_address>
         <run_address>0x8a8ad</run_address>
         <size>0xdd</size>
         <input_file_ref idref="fl-2"/>
      </object_component>
      <object_component id="oc-2c7">
         <name>.text:_xdc_runtime_LoggerBuf_write8__E</name>
         <load_address>0x8a98a</load_address>
         <run_address>0x8a98a</run_address>
         <size>0xd2</size>
         <input_file_ref idref="fl-2b"/>
      </object_component>
      <object_component id="oc-2f6">
         <name>.text:_xdc_runtime_Core_createObject__I</name>
         <load_address>0x8aa5c</load_address>
         <run_address>0x8aa5c</run_address>
         <size>0xc3</size>
         <input_file_ref idref="fl-25"/>
      </object_component>
      <object_component id="oc-45a">
         <name>.text:_ti_sysbios_family_c28_Hwi_dispatchCore__I</name>
         <load_address>0x8ab1f</load_address>
         <run_address>0x8ab1f</run_address>
         <size>0xc0</size>
         <input_file_ref idref="fl-1f"/>
      </object_component>
      <object_component id="oc-3b6">
         <name>.text</name>
         <load_address>0x8abdf</load_address>
         <run_address>0x8abdf</run_address>
         <size>0xc0</size>
         <input_file_ref idref="fl-5a"/>
      </object_component>
      <object_component id="oc-33e">
         <name>.text:_ti_sysbios_knl_Semaphore_post__E</name>
         <load_address>0x8ac9f</load_address>
         <run_address>0x8ac9f</run_address>
         <size>0xb8</size>
         <input_file_ref idref="fl-1f"/>
      </object_component>
      <object_component id="oc-297">
         <name>.text:_ti_sysbios_knl_Clock_workFunc__E</name>
         <load_address>0x8ad57</load_address>
         <run_address>0x8ad57</run_address>
         <size>0xb6</size>
         <input_file_ref idref="fl-1f"/>
      </object_component>
      <object_component id="oc-3d0">
         <name>.text:_ti_sysbios_knl_Swi_run__I</name>
         <load_address>0x8ae0d</load_address>
         <run_address>0x8ae0d</run_address>
         <size>0xaf</size>
         <input_file_ref idref="fl-1f"/>
      </object_component>
      <object_component id="oc-3d6">
         <name>.text:_xdc_runtime_Core_constructObject__I</name>
         <load_address>0x8aebc</load_address>
         <run_address>0x8aebc</run_address>
         <size>0x9c</size>
         <input_file_ref idref="fl-26"/>
      </object_component>
      <object_component id="oc-343">
         <name>.text:_xdc_runtime_Error_policyDefault__E</name>
         <load_address>0x8af58</load_address>
         <run_address>0x8af58</run_address>
         <size>0x9c</size>
         <input_file_ref idref="fl-29"/>
      </object_component>
      <object_component id="oc-23f">
         <name>.text</name>
         <load_address>0x8aff4</load_address>
         <run_address>0x8aff4</run_address>
         <size>0x9c</size>
         <input_file_ref idref="fl-5b"/>
      </object_component>
      <object_component id="oc-428">
         <name>.text:_ti_sysbios_family_c28_Hwi_dispatch</name>
         <load_address>0x8b090</load_address>
         <run_address>0x8b090</run_address>
         <size>0x9b</size>
         <input_file_ref idref="fl-21"/>
      </object_component>
      <object_component id="oc-3a5">
         <name>.text:_ti_catalog_c2800_initF2837x_Boot_defaultLimpAbortFunction</name>
         <load_address>0x8b12b</load_address>
         <run_address>0x8b12b</run_address>
         <size>0x1</size>
         <input_file_ref idref="fl-35"/>
      </object_component>
      <object_component id="oc-422">
         <name>.text</name>
         <load_address>0x8b12c</load_address>
         <run_address>0x8b12c</run_address>
         <size>0x94</size>
         <input_file_ref idref="fl-4f"/>
      </object_component>
      <object_component id="oc-371">
         <name>.text:_ti_sysbios_family_c28_Hwi_enableInterrupt__E</name>
         <load_address>0x8b1c0</load_address>
         <run_address>0x8b1c0</run_address>
         <size>0x8e</size>
         <input_file_ref idref="fl-1f"/>
      </object_component>
      <object_component id="oc-2c6">
         <name>.text:_xdc_runtime_LoggerBuf_write4__E</name>
         <load_address>0x8b24e</load_address>
         <run_address>0x8b24e</run_address>
         <size>0x8b</size>
         <input_file_ref idref="fl-2b"/>
      </object_component>
      <object_component id="oc-249">
         <name>.text</name>
         <load_address>0x8b2d9</load_address>
         <run_address>0x8b2d9</run_address>
         <size>0x8b</size>
         <input_file_ref idref="fl-5d"/>
      </object_component>
      <object_component id="oc-1b8">
         <name>.text</name>
         <load_address>0x8b364</load_address>
         <run_address>0x8b364</run_address>
         <size>0x88</size>
         <input_file_ref idref="fl-41"/>
      </object_component>
      <object_component id="oc-24e">
         <name>.text</name>
         <load_address>0x8b3ec</load_address>
         <run_address>0x8b3ec</run_address>
         <size>0x83</size>
         <input_file_ref idref="fl-5e"/>
      </object_component>
      <object_component id="oc-2be">
         <name>.text</name>
         <load_address>0x8b46f</load_address>
         <run_address>0x8b46f</run_address>
         <size>0x82</size>
         <input_file_ref idref="fl-c"/>
      </object_component>
      <object_component id="oc-444">
         <name>.text:_ti_sysbios_family_c28_Hwi_disableInterrupt__E</name>
         <load_address>0x8b4f1</load_address>
         <run_address>0x8b4f1</run_address>
         <size>0x81</size>
         <input_file_ref idref="fl-1f"/>
      </object_component>
      <object_component id="oc-2bd">
         <name>.text</name>
         <load_address>0x8b572</load_address>
         <run_address>0x8b572</run_address>
         <size>0x7f</size>
         <input_file_ref idref="fl-a"/>
      </object_component>
      <object_component id="oc-3c6">
         <name>.text:_ti_sysbios_family_c28_Hwi_disablePIEIER__E</name>
         <load_address>0x8b5f1</load_address>
         <run_address>0x8b5f1</run_address>
         <size>0x7e</size>
         <input_file_ref idref="fl-1f"/>
      </object_component>
      <object_component id="oc-3c5">
         <name>.text:_ti_sysbios_family_c28_Hwi_enablePIEIER__E</name>
         <load_address>0x8b66f</load_address>
         <run_address>0x8b66f</run_address>
         <size>0x7d</size>
         <input_file_ref idref="fl-1f"/>
      </object_component>
      <object_component id="oc-3aa">
         <name>.text:_xdc_runtime_Startup_startMods__I</name>
         <load_address>0x8b6ec</load_address>
         <run_address>0x8b6ec</run_address>
         <size>0x7d</size>
         <input_file_ref idref="fl-2d"/>
      </object_component>
      <object_component id="oc-376">
         <name>.text:_ti_sysbios_knl_Task_checkStacks__E</name>
         <load_address>0x8b769</load_address>
         <run_address>0x8b769</run_address>
         <size>0x73</size>
         <input_file_ref idref="fl-1f"/>
      </object_component>
      <object_component id="oc-32b">
         <name>.text:_ti_sysbios_knl_Task_startCore__E</name>
         <load_address>0x8b7dc</load_address>
         <run_address>0x8b7dc</run_address>
         <size>0x71</size>
         <input_file_ref idref="fl-1f"/>
      </object_component>
      <object_component id="oc-2e6">
         <name>.text:_ti_sysbios_gates_GateMutex_enter__E</name>
         <load_address>0x8b84d</load_address>
         <run_address>0x8b84d</run_address>
         <size>0x70</size>
         <input_file_ref idref="fl-1f"/>
      </object_component>
      <object_component id="oc-40b">
         <name>.text:_xdc_runtime_Text_putSite__E</name>
         <load_address>0x8b8bd</load_address>
         <run_address>0x8b8bd</run_address>
         <size>0x6f</size>
         <input_file_ref idref="fl-30"/>
      </object_component>
      <object_component id="oc-3c9">
         <name>.text:_ti_sysbios_knl_Task_schedule__I</name>
         <load_address>0x8b92c</load_address>
         <run_address>0x8b92c</run_address>
         <size>0x6e</size>
         <input_file_ref idref="fl-1f"/>
      </object_component>
      <object_component id="oc-3d7">
         <name>.text:_ti_sysbios_knl_Semaphore_Instance_init__E</name>
         <load_address>0x8b99a</load_address>
         <run_address>0x8b99a</run_address>
         <size>0x6a</size>
         <input_file_ref idref="fl-1f"/>
      </object_component>
      <object_component id="oc-2b6">
         <name>.text</name>
         <load_address>0x8ba04</load_address>
         <run_address>0x8ba04</run_address>
         <size>0x68</size>
         <input_file_ref idref="fl-d"/>
      </object_component>
      <object_component id="oc-42a">
         <name>.text:_ti_sysbios_family_c28_Timer_stopAndClear__I</name>
         <load_address>0x8ba6c</load_address>
         <run_address>0x8ba6c</run_address>
         <size>0x66</size>
         <input_file_ref idref="fl-1f"/>
      </object_component>
      <object_component id="oc-84">
         <name>.text</name>
         <load_address>0x8bad2</load_address>
         <run_address>0x8bad2</run_address>
         <size>0x63</size>
         <input_file_ref idref="fl-34"/>
      </object_component>
      <object_component id="oc-2e4">
         <name>.text:_ti_sysbios_knl_Swi_post__E</name>
         <load_address>0x8bb35</load_address>
         <run_address>0x8bb35</run_address>
         <size>0x60</size>
         <input_file_ref idref="fl-1f"/>
      </object_component>
      <object_component id="oc-391">
         <name>.text:_ti_sysbios_knl_Task_blockI__E</name>
         <load_address>0x8bb95</load_address>
         <run_address>0x8bb95</run_address>
         <size>0x60</size>
         <input_file_ref idref="fl-1f"/>
      </object_component>
      <object_component id="oc-3b5">
         <name>.text</name>
         <load_address>0x8bbf5</load_address>
         <run_address>0x8bbf5</run_address>
         <size>0x5a</size>
         <input_file_ref idref="fl-59"/>
      </object_component>
      <object_component id="oc-434">
         <name>.text:_ti_sysbios_knl_Task_exit__E</name>
         <load_address>0x8bc4f</load_address>
         <run_address>0x8bc4f</run_address>
         <size>0x57</size>
         <input_file_ref idref="fl-1f"/>
      </object_component>
      <object_component id="oc-364">
         <name>.text:_xdc_runtime_Memory_alloc__E</name>
         <load_address>0x8bca6</load_address>
         <run_address>0x8bca6</run_address>
         <size>0x57</size>
         <input_file_ref idref="fl-2c"/>
      </object_component>
      <object_component id="oc-394">
         <name>.text:_ti_sysbios_knl_Task_unblockI__E</name>
         <load_address>0x8bcfd</load_address>
         <run_address>0x8bcfd</run_address>
         <size>0x51</size>
         <input_file_ref idref="fl-1f"/>
      </object_component>
      <object_component id="oc-45e">
         <name>.text:_xdc_runtime_Text_putLab__E</name>
         <load_address>0x8bd4e</load_address>
         <run_address>0x8bd4e</run_address>
         <size>0x4f</size>
         <input_file_ref idref="fl-30"/>
      </object_component>
      <object_component id="oc-41f">
         <name>.text:_ti_sysbios_knl_Task_postInit__I</name>
         <load_address>0x8bd9d</load_address>
         <run_address>0x8bd9d</run_address>
         <size>0x4b</size>
         <input_file_ref idref="fl-1f"/>
      </object_component>
      <object_component id="oc-400">
         <name>.text:_ti_sysbios_family_c28_Hwi_Module_startup__E</name>
         <load_address>0x8bde8</load_address>
         <run_address>0x8bde8</run_address>
         <size>0x47</size>
         <input_file_ref idref="fl-1f"/>
      </object_component>
      <object_component id="oc-2f8">
         <name>.text:_xdc_runtime_Core_deleteObject__I</name>
         <load_address>0x8be2f</load_address>
         <run_address>0x8be2f</run_address>
         <size>0x46</size>
         <input_file_ref idref="fl-25"/>
      </object_component>
      <object_component id="oc-2ed">
         <name>.text:.bootCodeSection:_ti_catalog_c2800_initF2837x_Boot_configurePllDivs</name>
         <load_address>0x8be75</load_address>
         <run_address>0x8be75</run_address>
         <size>0x45</size>
         <input_file_ref idref="fl-35"/>
      </object_component>
      <object_component id="oc-413">
         <name>.text:_ti_sysbios_family_c28_Timer_postInit__I</name>
         <load_address>0x8beba</load_address>
         <run_address>0x8beba</run_address>
         <size>0x43</size>
         <input_file_ref idref="fl-1f"/>
      </object_component>
      <object_component id="oc-143">
         <name>.text:_ti_sysbios_family_c28_Hwi_unPluggedInterrupt__I</name>
         <load_address>0x8befd</load_address>
         <run_address>0x8befd</run_address>
         <size>0x42</size>
         <input_file_ref idref="fl-1f"/>
      </object_component>
      <object_component id="oc-44f">
         <name>.text:_xdc_runtime_System_formatNum__I</name>
         <load_address>0x8bf3f</load_address>
         <run_address>0x8bf3f</run_address>
         <size>0x3f</size>
         <input_file_ref idref="fl-2e"/>
      </object_component>
      <object_component id="oc-465">
         <name>.text:_ti_sysbios_knl_Swi_restoreHwi__E</name>
         <load_address>0x8bf7e</load_address>
         <run_address>0x8bf7e</run_address>
         <size>0x3e</size>
         <input_file_ref idref="fl-1f"/>
      </object_component>
      <object_component id="oc-423">
         <name>.text:_xdc_runtime_Text_putMod__E</name>
         <load_address>0x8bfbc</load_address>
         <run_address>0x8bfbc</run_address>
         <size>0x3e</size>
         <input_file_ref idref="fl-30"/>
      </object_component>
      <object_component id="oc-353">
         <name>.text:_xdc_runtime_Core_assignParams__I</name>
         <load_address>0x8bffa</load_address>
         <run_address>0x8bffa</run_address>
         <size>0x3d</size>
         <input_file_ref idref="fl-28"/>
      </object_component>
      <object_component id="oc-2c9">
         <name>.text:_xdc_runtime_LoggerBuf_getFilterLevel__E</name>
         <load_address>0x8c037</load_address>
         <run_address>0x8c037</run_address>
         <size>0x3d</size>
         <input_file_ref idref="fl-2b"/>
      </object_component>
      <object_component id="oc-2c8">
         <name>.text:_xdc_runtime_LoggerBuf_setFilterLevel__E</name>
         <load_address>0x8c074</load_address>
         <run_address>0x8c074</run_address>
         <size>0x3c</size>
         <input_file_ref idref="fl-2b"/>
      </object_component>
      <object_component id="oc-448">
         <name>.text:_ti_sysbios_family_c28_TaskSupport_start__E</name>
         <load_address>0x8c0b0</load_address>
         <run_address>0x8c0b0</run_address>
         <size>0x3a</size>
         <input_file_ref idref="fl-1f"/>
      </object_component>
      <object_component id="oc-2ca">
         <name>.text:_xdc_runtime_LoggerBuf_Object__create__S</name>
         <load_address>0x8c0ea</load_address>
         <run_address>0x8c0ea</run_address>
         <size>0x38</size>
         <input_file_ref idref="fl-13"/>
      </object_component>
      <object_component id="oc-407">
         <name>.text</name>
         <load_address>0x8c122</load_address>
         <run_address>0x8c122</run_address>
         <size>0x38</size>
         <input_file_ref idref="fl-4e"/>
      </object_component>
      <object_component id="oc-2e1">
         <name>.text:_ti_sysbios_knl_Clock_logTick__E</name>
         <load_address>0x8c15a</load_address>
         <run_address>0x8c15a</run_address>
         <size>0x36</size>
         <input_file_ref idref="fl-1f"/>
      </object_component>
      <object_component id="oc-31b">
         <name>.text:_xdc_runtime_LoggerBuf_Instance_init__E</name>
         <load_address>0x8c190</load_address>
         <run_address>0x8c190</run_address>
         <size>0x36</size>
         <input_file_ref idref="fl-2b"/>
      </object_component>
      <object_component id="oc-326">
         <name>.text:_ti_sysbios_BIOS_rtsUnlock__I</name>
         <load_address>0x8c1c6</load_address>
         <run_address>0x8c1c6</run_address>
         <size>0x34</size>
         <input_file_ref idref="fl-13"/>
      </object_component>
      <object_component id="oc-405">
         <name>.text:_ti_sysbios_knl_Task_Module_startup__E</name>
         <load_address>0x8c1fa</load_address>
         <run_address>0x8c1fa</run_address>
         <size>0x32</size>
         <input_file_ref idref="fl-1f"/>
      </object_component>
      <object_component id="oc-2ff">
         <name>.text:_xdc_runtime_Assert_raise__I</name>
         <load_address>0x8c22c</load_address>
         <run_address>0x8c22c</run_address>
         <size>0x32</size>
         <input_file_ref idref="fl-24"/>
      </object_component>
      <object_component id="oc-457">
         <name>.text:_xdc_runtime_Text_visitRope2__I</name>
         <load_address>0x8c25e</load_address>
         <run_address>0x8c25e</run_address>
         <size>0x32</size>
         <input_file_ref idref="fl-30"/>
      </object_component>
      <object_component id="oc-28b">
         <name>.text:_xdc_runtime_Startup_exec__E</name>
         <load_address>0x8c290</load_address>
         <run_address>0x8c290</run_address>
         <size>0x31</size>
         <input_file_ref idref="fl-2d"/>
      </object_component>
      <object_component id="oc-3b3">
         <name>.text</name>
         <load_address>0x8c2c1</load_address>
         <run_address>0x8c2c1</run_address>
         <size>0x31</size>
         <input_file_ref idref="fl-52"/>
      </object_component>
      <object_component id="oc-39a">
         <name>.text:_xdc_runtime_Error_setX__E</name>
         <load_address>0x8c2f2</load_address>
         <run_address>0x8c2f2</run_address>
         <size>0x30</size>
         <input_file_ref idref="fl-29"/>
      </object_component>
      <object_component id="oc-309">
         <name>.text</name>
         <load_address>0x8c322</load_address>
         <run_address>0x8c322</run_address>
         <size>0x30</size>
         <input_file_ref idref="fl-50"/>
      </object_component>
      <object_component id="oc-381">
         <name>.text:_ti_sysbios_knl_Swi_runLoop__I</name>
         <load_address>0x8c352</load_address>
         <run_address>0x8c352</run_address>
         <size>0x2e</size>
         <input_file_ref idref="fl-1f"/>
      </object_component>
      <object_component id="oc-336">
         <name>.text:_ti_sysbios_knl_Swi_schedule__I</name>
         <load_address>0x8c380</load_address>
         <run_address>0x8c380</run_address>
         <size>0x2e</size>
         <input_file_ref idref="fl-1f"/>
      </object_component>
      <object_component id="oc-3fb">
         <name>.text:_xdc_runtime_Error_print__E</name>
         <load_address>0x8c3ae</load_address>
         <run_address>0x8c3ae</run_address>
         <size>0x2e</size>
         <input_file_ref idref="fl-29"/>
      </object_component>
      <object_component id="oc-3b4">
         <name>.text</name>
         <load_address>0x8c3dc</load_address>
         <run_address>0x8c3dc</run_address>
         <size>0x2e</size>
         <input_file_ref idref="fl-54"/>
      </object_component>
      <object_component id="oc-3de">
         <name>.text:_ti_sysbios_family_c28_Hwi_getStackInfo__E</name>
         <load_address>0x8c40a</load_address>
         <run_address>0x8c40a</run_address>
         <size>0x2d</size>
         <input_file_ref idref="fl-1f"/>
      </object_component>
      <object_component id="oc-2b1">
         <name>.text:_ti_sysbios_heaps_HeapMem_getStats__E</name>
         <load_address>0x8c437</load_address>
         <run_address>0x8c437</run_address>
         <size>0x2d</size>
         <input_file_ref idref="fl-1f"/>
      </object_component>
      <object_component id="oc-328">
         <name>.text:_ti_sysbios_family_c28_Timer_start__E</name>
         <load_address>0x8c464</load_address>
         <run_address>0x8c464</run_address>
         <size>0x2c</size>
         <input_file_ref idref="fl-1f"/>
      </object_component>
      <object_component id="oc-403">
         <name>.text:_ti_sysbios_knl_Mailbox_Module_startup__E</name>
         <load_address>0x8c490</load_address>
         <run_address>0x8c490</run_address>
         <size>0x2b</size>
         <input_file_ref idref="fl-1f"/>
      </object_component>
      <object_component id="oc-244">
         <name>.text</name>
         <load_address>0x8c4bb</load_address>
         <run_address>0x8c4bb</run_address>
         <size>0x2a</size>
         <input_file_ref idref="fl-5c"/>
      </object_component>
      <object_component id="oc-1cc">
         <name>.text</name>
         <load_address>0x8c4e5</load_address>
         <run_address>0x8c4e5</run_address>
         <size>0x2a</size>
         <input_file_ref idref="fl-45"/>
      </object_component>
      <object_component id="oc-3ad">
         <name>.text:_xdc_runtime_SysMin_flush__E</name>
         <load_address>0x8c50f</load_address>
         <run_address>0x8c50f</run_address>
         <size>0x29</size>
         <input_file_ref idref="fl-2f"/>
      </object_component>
      <object_component id="oc-424">
         <name>.text:_xdc_runtime_Text_xprintf__I</name>
         <load_address>0x8c538</load_address>
         <run_address>0x8c538</run_address>
         <size>0x29</size>
         <input_file_ref idref="fl-30"/>
      </object_component>
      <object_component id="oc-34c">
         <name>.text</name>
         <load_address>0x8c561</load_address>
         <run_address>0x8c561</run_address>
         <size>0x29</size>
         <input_file_ref idref="fl-48"/>
      </object_component>
      <object_component id="oc-345">
         <name>.text:_ti_sysbios_heaps_HeapMem_init__I</name>
         <load_address>0x8c58a</load_address>
         <run_address>0x8c58a</run_address>
         <size>0x27</size>
         <input_file_ref idref="fl-1f"/>
      </object_component>
      <object_component id="oc-456">
         <name>.text:_ti_sysbios_family_c28_TaskSupport_buildTaskStack</name>
         <load_address>0x8c5b1</load_address>
         <run_address>0x8c5b1</run_address>
         <size>0x25</size>
         <input_file_ref idref="fl-23"/>
      </object_component>
      <object_component id="oc-2a4">
         <name>.text:_xdc_runtime_System_processAtExit__E</name>
         <load_address>0x8c5d6</load_address>
         <run_address>0x8c5d6</run_address>
         <size>0x24</size>
         <input_file_ref idref="fl-2e"/>
      </object_component>
      <object_component id="oc-28a">
         <name>.text</name>
         <load_address>0x8c5fa</load_address>
         <run_address>0x8c5fa</run_address>
         <size>0x24</size>
         <input_file_ref idref="fl-46"/>
      </object_component>
      <object_component id="oc-3e5">
         <name>.text</name>
         <load_address>0x8c61e</load_address>
         <run_address>0x8c61e</run_address>
         <size>0x24</size>
         <input_file_ref idref="fl-69"/>
      </object_component>
      <object_component id="oc-1c2">
         <name>.text</name>
         <load_address>0x8c642</load_address>
         <run_address>0x8c642</run_address>
         <size>0x22</size>
         <input_file_ref idref="fl-43"/>
      </object_component>
      <object_component id="oc-374">
         <name>.text:_ti_sysbios_knl_Task_allBlockedFunction__I</name>
         <load_address>0x8c664</load_address>
         <run_address>0x8c664</run_address>
         <size>0x21</size>
         <input_file_ref idref="fl-1f"/>
      </object_component>
      <object_component id="oc-311">
         <name>.text:_xdc_runtime_LoggerBuf_filterOutEvent__I</name>
         <load_address>0x8c685</load_address>
         <run_address>0x8c685</run_address>
         <size>0x21</size>
         <input_file_ref idref="fl-2b"/>
      </object_component>
      <object_component id="oc-2ce">
         <name>.text:_xdc_runtime_System_atexit__E</name>
         <load_address>0x8c6a6</load_address>
         <run_address>0x8c6a6</run_address>
         <size>0x21</size>
         <input_file_ref idref="fl-2e"/>
      </object_component>
      <object_component id="oc-25d">
         <name>.text</name>
         <load_address>0x8c6c7</load_address>
         <run_address>0x8c6c7</run_address>
         <size>0x21</size>
         <input_file_ref idref="fl-61"/>
      </object_component>
      <object_component id="oc-42c">
         <name>.text:_ti_sysbios_family_c28_Timer_setPrescale__E</name>
         <load_address>0x8c6e8</load_address>
         <run_address>0x8c6e8</run_address>
         <size>0x20</size>
         <input_file_ref idref="fl-1f"/>
      </object_component>
      <object_component id="oc-2aa">
         <name>.text:_ti_sysbios_gates_GateHwi_Object__create__S</name>
         <load_address>0x8c708</load_address>
         <run_address>0x8c708</run_address>
         <size>0x1f</size>
         <input_file_ref idref="fl-13"/>
      </object_component>
      <object_component id="oc-2e8">
         <name>.text:_ti_sysbios_gates_GateMutex_Object__create__S</name>
         <load_address>0x8c727</load_address>
         <run_address>0x8c727</run_address>
         <size>0x1f</size>
         <input_file_ref idref="fl-13"/>
      </object_component>
      <object_component id="oc-2b2">
         <name>.text:_ti_sysbios_heaps_HeapMem_Object__create__S</name>
         <load_address>0x8c746</load_address>
         <run_address>0x8c746</run_address>
         <size>0x1f</size>
         <input_file_ref idref="fl-13"/>
      </object_component>
      <object_component id="oc-262">
         <name>.text</name>
         <load_address>0x8c765</load_address>
         <run_address>0x8c765</run_address>
         <size>0x1f</size>
         <input_file_ref idref="fl-62"/>
      </object_component>
      <object_component id="oc-3fc">
         <name>.text:_xdc_runtime_SysMin_putch__E</name>
         <load_address>0x8c784</load_address>
         <run_address>0x8c784</run_address>
         <size>0x1e</size>
         <input_file_ref idref="fl-2f"/>
      </object_component>
      <object_component id="oc-26c">
         <name>.text</name>
         <load_address>0x8c7a2</load_address>
         <run_address>0x8c7a2</run_address>
         <size>0x1e</size>
         <input_file_ref idref="fl-64"/>
      </object_component>
      <object_component id="oc-2a0">
         <name>.text</name>
         <load_address>0x8c7c0</load_address>
         <run_address>0x8c7c0</run_address>
         <size>0x1e</size>
         <input_file_ref idref="fl-47"/>
      </object_component>
      <object_component id="oc-3cf">
         <name>.text:_ti_sysbios_family_c28_TaskSupport_swap__E</name>
         <load_address>0x8c7de</load_address>
         <run_address>0x8c7de</run_address>
         <size>0x1d</size>
         <input_file_ref idref="fl-23"/>
      </object_component>
      <object_component id="oc-271">
         <name>.text</name>
         <load_address>0x8c7fb</load_address>
         <run_address>0x8c7fb</run_address>
         <size>0x1d</size>
         <input_file_ref idref="fl-65"/>
      </object_component>
      <object_component id="oc-3d9">
         <name>.text:_ti_sysbios_hal_Hwi_checkStack</name>
         <load_address>0x8c818</load_address>
         <run_address>0x8c818</run_address>
         <size>0x1c</size>
         <input_file_ref idref="fl-1f"/>
      </object_component>
      <object_component id="oc-27b">
         <name>.text</name>
         <load_address>0x8c834</load_address>
         <run_address>0x8c834</run_address>
         <size>0x1c</size>
         <input_file_ref idref="fl-67"/>
      </object_component>
      <object_component id="oc-276">
         <name>.text</name>
         <load_address>0x8c850</load_address>
         <run_address>0x8c850</run_address>
         <size>0x1c</size>
         <input_file_ref idref="fl-66"/>
      </object_component>
      <object_component id="oc-451">
         <name>.text:_ti_sysbios_family_c28_Hwi_switchAndDispatch__I</name>
         <load_address>0x8c86c</load_address>
         <run_address>0x8c86c</run_address>
         <size>0x1b</size>
         <input_file_ref idref="fl-20"/>
      </object_component>
      <object_component id="oc-347">
         <name>.text:_ti_sysbios_hal_Hwi_initStack</name>
         <load_address>0x8c887</load_address>
         <run_address>0x8c887</run_address>
         <size>0x1b</size>
         <input_file_ref idref="fl-1f"/>
      </object_component>
      <object_component id="oc-397">
         <name>.text:_ti_sysbios_knl_Semaphore_construct</name>
         <load_address>0x8c8a2</load_address>
         <run_address>0x8c8a2</run_address>
         <size>0x1b</size>
         <input_file_ref idref="fl-13"/>
      </object_component>
      <object_component id="oc-447">
         <name>.text:_ti_sysbios_knl_Task_processVitalTaskFlag__I</name>
         <load_address>0x8c8bd</load_address>
         <run_address>0x8c8bd</run_address>
         <size>0x1b</size>
         <input_file_ref idref="fl-1f"/>
      </object_component>
      <object_component id="oc-3f7">
         <name>.text:_xdc_runtime_SysMin_output__I</name>
         <load_address>0x8c8d8</load_address>
         <run_address>0x8c8d8</run_address>
         <size>0x1b</size>
         <input_file_ref idref="fl-13"/>
      </object_component>
      <object_component id="oc-38c">
         <name>.text:_ti_sysbios_knl_Clock_addI__E</name>
         <load_address>0x8c8f3</load_address>
         <run_address>0x8c8f3</run_address>
         <size>0x1a</size>
         <input_file_ref idref="fl-1f"/>
      </object_component>
      <object_component id="oc-2f9">
         <name>.text:_xdc_runtime_Core_assignLabel__I</name>
         <load_address>0x8c90d</load_address>
         <run_address>0x8c90d</run_address>
         <size>0x1a</size>
         <input_file_ref idref="fl-27"/>
      </object_component>
      <object_component id="oc-425">
         <name>.text:_xdc_runtime_System_avprintf__E</name>
         <load_address>0x8c927</load_address>
         <run_address>0x8c927</run_address>
         <size>0x1a</size>
         <input_file_ref idref="fl-2e"/>
      </object_component>
      <object_component id="oc-450">
         <name>.text:_xdc_runtime_System_putchar__I</name>
         <load_address>0x8c941</load_address>
         <run_address>0x8c941</run_address>
         <size>0x1a</size>
         <input_file_ref idref="fl-2e"/>
      </object_component>
      <object_component id="oc-412">
         <name>.text:_ti_sysbios_family_c28_Hwi_Object__get__S</name>
         <load_address>0x8c95b</load_address>
         <run_address>0x8c95b</run_address>
         <size>0x19</size>
         <input_file_ref idref="fl-13"/>
      </object_component>
      <object_component id="oc-419">
         <name>.text:_ti_sysbios_knl_Mailbox_postInit__I</name>
         <load_address>0x8c974</load_address>
         <run_address>0x8c974</run_address>
         <size>0x19</size>
         <input_file_ref idref="fl-1f"/>
      </object_component>
      <object_component id="oc-437">
         <name>.text:_ti_sysbios_knl_Queue_Object__get__S</name>
         <load_address>0x8c98d</load_address>
         <run_address>0x8c98d</run_address>
         <size>0x19</size>
         <input_file_ref idref="fl-13"/>
      </object_component>
      <object_component id="oc-3ee">
         <name>.text:_ti_sysbios_knl_Queue_construct</name>
         <load_address>0x8c9a6</load_address>
         <run_address>0x8c9a6</run_address>
         <size>0x19</size>
         <input_file_ref idref="fl-13"/>
      </object_component>
      <object_component id="oc-38b">
         <name>.text:_ti_sysbios_knl_Semaphore_pendTimeout__I</name>
         <load_address>0x8c9bf</load_address>
         <run_address>0x8c9bf</run_address>
         <size>0x19</size>
         <input_file_ref idref="fl-1f"/>
      </object_component>
      <object_component id="oc-32a">
         <name>.text:_ti_sysbios_knl_Swi_restore__E</name>
         <load_address>0x8c9d8</load_address>
         <run_address>0x8c9d8</run_address>
         <size>0x19</size>
         <input_file_ref idref="fl-1f"/>
      </object_component>
      <object_component id="oc-426">
         <name>.text:_xdc_runtime_System_vprintf__E</name>
         <load_address>0x8c9f1</load_address>
         <run_address>0x8c9f1</run_address>
         <size>0x19</size>
         <input_file_ref idref="fl-2e"/>
      </object_component>
      <object_component id="oc-43f">
         <name>.text:_xdc_runtime_Text_printVisFxn__I</name>
         <load_address>0x8ca0a</load_address>
         <run_address>0x8ca0a</run_address>
         <size>0x19</size>
         <input_file_ref idref="fl-30"/>
      </object_component>
      <object_component id="oc-28c">
         <name>.text</name>
         <load_address>0x8ca23</load_address>
         <run_address>0x8ca23</run_address>
         <size>0x19</size>
         <input_file_ref idref="fl-4a"/>
      </object_component>
      <object_component id="oc-382">
         <name>.text:_ti_sysbios_family_xxx_Hwi_switchAndRunFunc</name>
         <load_address>0x8ca3c</load_address>
         <run_address>0x8ca3c</run_address>
         <size>0x18</size>
         <input_file_ref idref="fl-20"/>
      </object_component>
      <object_component id="oc-3fd">
         <name>.text:_xdc_runtime_LoggerBuf_Module_startup__E</name>
         <load_address>0x8ca54</load_address>
         <run_address>0x8ca54</run_address>
         <size>0x18</size>
         <input_file_ref idref="fl-2b"/>
      </object_component>
      <object_component id="oc-365">
         <name>.text:_xdc_runtime_LoggerBuf_reset__E</name>
         <load_address>0x8ca6c</load_address>
         <run_address>0x8ca6c</run_address>
         <size>0x18</size>
         <input_file_ref idref="fl-2b"/>
      </object_component>
      <object_component id="oc-267">
         <name>.text</name>
         <load_address>0x8ca84</load_address>
         <run_address>0x8ca84</run_address>
         <size>0x18</size>
         <input_file_ref idref="fl-63"/>
      </object_component>
      <object_component id="oc-2cd">
         <name>.text:_ti_sysbios_BIOS_atExitFunc__I</name>
         <load_address>0x8ca9c</load_address>
         <run_address>0x8ca9c</run_address>
         <size>0x17</size>
         <input_file_ref idref="fl-13"/>
      </object_component>
      <object_component id="oc-2d0">
         <name>.text:_ti_sysbios_family_c28_Timer_startup__E</name>
         <load_address>0x8cab3</load_address>
         <run_address>0x8cab3</run_address>
         <size>0x17</size>
         <input_file_ref idref="fl-1f"/>
      </object_component>
      <object_component id="oc-3a7">
         <name>.text:_ti_sysbios_heaps_HeapMem_Object__get__S</name>
         <load_address>0x8caca</load_address>
         <run_address>0x8caca</run_address>
         <size>0x17</size>
         <input_file_ref idref="fl-13"/>
      </object_component>
      <object_component id="oc-298">
         <name>.text:_ti_sysbios_knl_Clock_doTick__I</name>
         <load_address>0x8cae1</load_address>
         <run_address>0x8cae1</run_address>
         <size>0x17</size>
         <input_file_ref idref="fl-13"/>
      </object_component>
      <object_component id="oc-417">
         <name>.text:_ti_sysbios_knl_Mailbox_Object__get__S</name>
         <load_address>0x8caf8</load_address>
         <run_address>0x8caf8</run_address>
         <size>0x17</size>
         <input_file_ref idref="fl-13"/>
      </object_component>
      <object_component id="oc-41b">
         <name>.text:_ti_sysbios_knl_Swi_Object__get__S</name>
         <load_address>0x8cb0f</load_address>
         <run_address>0x8cb0f</run_address>
         <size>0x17</size>
         <input_file_ref idref="fl-13"/>
      </object_component>
      <object_component id="oc-41e">
         <name>.text:_ti_sysbios_knl_Task_Object__get__S</name>
         <load_address>0x8cb26</load_address>
         <run_address>0x8cb26</run_address>
         <size>0x17</size>
         <input_file_ref idref="fl-13"/>
      </object_component>
      <object_component id="oc-40f">
         <name>.text:_xdc_runtime_LoggerBuf_Object__get__S</name>
         <load_address>0x8cb3d</load_address>
         <run_address>0x8cb3d</run_address>
         <size>0x17</size>
         <input_file_ref idref="fl-13"/>
      </object_component>
      <object_component id="oc-3ae">
         <name>.text:_xdc_runtime_Memory_valloc__E</name>
         <load_address>0x8cb54</load_address>
         <run_address>0x8cb54</run_address>
         <size>0x17</size>
         <input_file_ref idref="fl-2c"/>
      </object_component>
      <object_component id="oc-401">
         <name>.text:_ti_sysbios_family_c28_Timer_Module_startup__E</name>
         <load_address>0x8cb6b</load_address>
         <run_address>0x8cb6b</run_address>
         <size>0x16</size>
         <input_file_ref idref="fl-1f"/>
      </object_component>
      <object_component id="oc-373">
         <name>.text:_ti_sysbios_knl_Task_restore__E</name>
         <load_address>0x8cb81</load_address>
         <run_address>0x8cb81</run_address>
         <size>0x16</size>
         <input_file_ref idref="fl-1f"/>
      </object_component>
      <object_component id="oc-3f3">
         <name>.text:_xdc_runtime_SysMin_abort__E</name>
         <load_address>0x8cb97</load_address>
         <run_address>0x8cb97</run_address>
         <size>0x16</size>
         <input_file_ref idref="fl-2f"/>
      </object_component>
      <object_component id="oc-404">
         <name>.text:_ti_sysbios_knl_Swi_Module_startup__E</name>
         <load_address>0x8cbad</load_address>
         <run_address>0x8cbad</run_address>
         <size>0x15</size>
         <input_file_ref idref="fl-1f"/>
      </object_component>
      <object_component id="oc-2eb">
         <name>.text:_ti_sysbios_knl_Idle_run__E</name>
         <load_address>0x8cbc2</load_address>
         <run_address>0x8cbc2</run_address>
         <size>0x14</size>
         <input_file_ref idref="fl-1f"/>
      </object_component>
      <object_component id="oc-3da">
         <name>.text:_ti_sysbios_BIOS_errorRaiseHook__I</name>
         <load_address>0x8cbd6</load_address>
         <run_address>0x8cbd6</run_address>
         <size>0x13</size>
         <input_file_ref idref="fl-13"/>
      </object_component>
      <object_component id="oc-2e9">
         <name>.text:_ti_sysbios_gates_GateMutex_Object__delete__S</name>
         <load_address>0x8cbe9</load_address>
         <run_address>0x8cbe9</run_address>
         <size>0x13</size>
         <input_file_ref idref="fl-13"/>
      </object_component>
      <object_component id="oc-29e">
         <name>.text:_xdc_runtime_Error_raiseX__E</name>
         <load_address>0x8cbfc</load_address>
         <run_address>0x8cbfc</run_address>
         <size>0x13</size>
         <input_file_ref idref="fl-29"/>
      </object_component>
      <object_component id="oc-357">
         <name>.text:_xdc_runtime_Text_cordText__E</name>
         <load_address>0x8cc0f</load_address>
         <run_address>0x8cc0f</run_address>
         <size>0x13</size>
         <input_file_ref idref="fl-30"/>
      </object_component>
      <object_component id="oc-453">
         <name>.text:_ti_sysbios_family_c28_Hwi_disableIER__E</name>
         <load_address>0x8cc22</load_address>
         <run_address>0x8cc22</run_address>
         <size>0x12</size>
         <input_file_ref idref="fl-13"/>
      </object_component>
      <object_component id="oc-2ab">
         <name>.text:_ti_sysbios_gates_GateHwi_Object__delete__S</name>
         <load_address>0x8cc34</load_address>
         <run_address>0x8cc34</run_address>
         <size>0x12</size>
         <input_file_ref idref="fl-13"/>
      </object_component>
      <object_component id="oc-2b3">
         <name>.text:_ti_sysbios_heaps_HeapMem_Object__delete__S</name>
         <load_address>0x8cc46</load_address>
         <run_address>0x8cc46</run_address>
         <size>0x12</size>
         <input_file_ref idref="fl-13"/>
      </object_component>
      <object_component id="oc-402">
         <name>.text:_ti_sysbios_knl_Clock_Module_startup__E</name>
         <load_address>0x8cc58</load_address>
         <run_address>0x8cc58</run_address>
         <size>0x12</size>
         <input_file_ref idref="fl-1f"/>
      </object_component>
      <object_component id="oc-2cb">
         <name>.text:_xdc_runtime_LoggerBuf_Object__delete__S</name>
         <load_address>0x8cc6a</load_address>
         <run_address>0x8cc6a</run_address>
         <size>0x12</size>
         <input_file_ref idref="fl-13"/>
      </object_component>
      <object_component id="oc-2ac">
         <name>.text:_ti_sysbios_gates_GateHwi_Handle__label__S</name>
         <load_address>0x8cc7c</load_address>
         <run_address>0x8cc7c</run_address>
         <size>0x11</size>
         <input_file_ref idref="fl-13"/>
      </object_component>
      <object_component id="oc-2ea">
         <name>.text:_ti_sysbios_gates_GateMutex_Handle__label__S</name>
         <load_address>0x8cc8d</load_address>
         <run_address>0x8cc8d</run_address>
         <size>0x11</size>
         <input_file_ref idref="fl-13"/>
      </object_component>
      <object_component id="oc-2b4">
         <name>.text:_ti_sysbios_heaps_HeapMem_Handle__label__S</name>
         <load_address>0x8cc9e</load_address>
         <run_address>0x8cc9e</run_address>
         <size>0x11</size>
         <input_file_ref idref="fl-13"/>
      </object_component>
      <object_component id="oc-2cc">
         <name>.text:_xdc_runtime_LoggerBuf_Handle__label__S</name>
         <load_address>0x8ccaf</load_address>
         <run_address>0x8ccaf</run_address>
         <size>0x11</size>
         <input_file_ref idref="fl-13"/>
      </object_component>
      <object_component id="oc-325">
         <name>.text:_ti_sysbios_BIOS_rtsLock__I</name>
         <load_address>0x8ccc0</load_address>
         <run_address>0x8ccc0</run_address>
         <size>0x10</size>
         <input_file_ref idref="fl-13"/>
      </object_component>
      <object_component id="oc-3c3">
         <name>.text:_ti_sysbios_family_c28_Hwi_enableIER__E</name>
         <load_address>0x8ccd0</load_address>
         <run_address>0x8ccd0</run_address>
         <size>0x10</size>
         <input_file_ref idref="fl-13"/>
      </object_component>
      <object_component id="oc-42b">
         <name>.text:_ti_sysbios_family_c28_Timer_stop__E</name>
         <load_address>0x8cce0</load_address>
         <run_address>0x8cce0</run_address>
         <size>0x10</size>
         <input_file_ref idref="fl-1f"/>
      </object_component>
      <object_component id="oc-452">
         <name>.text:_ti_sysbios_knl_Task_restoreHwi__E</name>
         <load_address>0x8ccf0</load_address>
         <run_address>0x8ccf0</run_address>
         <size>0x10</size>
         <input_file_ref idref="fl-1f"/>
      </object_component>
      <object_component id="oc-3ff">
         <name>.text:_xdc_runtime_SysMin_Module_startup__E</name>
         <load_address>0x8cd00</load_address>
         <run_address>0x8cd00</run_address>
         <size>0x10</size>
         <input_file_ref idref="fl-2f"/>
      </object_component>
      <object_component id="oc-295">
         <name>.text:_ti_sysbios_BIOS_startFunc__I</name>
         <load_address>0x8cd10</load_address>
         <run_address>0x8cd10</run_address>
         <size>0xf</size>
         <input_file_ref idref="fl-13"/>
      </object_component>
      <object_component id="oc-340">
         <name>.text:_ti_sysbios_gates_GateMutex_Instance_init__E</name>
         <load_address>0x8cd1f</load_address>
         <run_address>0x8cd1f</run_address>
         <size>0xf</size>
         <input_file_ref idref="fl-1f"/>
      </object_component>
      <object_component id="oc-3d8">
         <name>.text:_ti_sysbios_knl_Semaphore_Object__destruct__S</name>
         <load_address>0x8cd2e</load_address>
         <run_address>0x8cd2e</run_address>
         <size>0xf</size>
         <input_file_ref idref="fl-13"/>
      </object_component>
      <object_component id="oc-2c5">
         <name>.text:_xdc_runtime_LoggerBuf_write2__E</name>
         <load_address>0x8cd3d</load_address>
         <run_address>0x8cd3d</run_address>
         <size>0xf</size>
         <input_file_ref idref="fl-2b"/>
      </object_component>
      <object_component id="oc-43d">
         <name>.text:_xdc_runtime_Registry_findById__E</name>
         <load_address>0x8cd4c</load_address>
         <run_address>0x8cd4c</run_address>
         <size>0xf</size>
         <input_file_ref idref="fl-33"/>
      </object_component>
      <object_component id="oc-44c">
         <name>.text:_xdc_runtime_Text_visitRope__I</name>
         <load_address>0x8cd5b</load_address>
         <run_address>0x8cd5b</run_address>
         <size>0xf</size>
         <input_file_ref idref="fl-13"/>
      </object_component>
      <object_component id="oc-362">
         <name>.text:_ti_sysbios_family_c28_f2837x_TimestampProvider_get64__E</name>
         <load_address>0x8cd6a</load_address>
         <run_address>0x8cd6a</run_address>
         <size>0xe</size>
         <input_file_ref idref="fl-1f"/>
      </object_component>
      <object_component id="oc-409">
         <name>.text:_ti_sysbios_knl_Queue_Object__destruct__S</name>
         <load_address>0x8cd78</load_address>
         <run_address>0x8cd78</run_address>
         <size>0xe</size>
         <input_file_ref idref="fl-13"/>
      </object_component>
      <object_component id="oc-3e6">
         <name>.text:_xdc_runtime_IHeap_alloc</name>
         <load_address>0x8cd86</load_address>
         <run_address>0x8cd86</run_address>
         <size>0xe</size>
         <input_file_ref idref="fl-13"/>
      </object_component>
      <object_component id="oc-258">
         <name>.text</name>
         <load_address>0x8cd94</load_address>
         <run_address>0x8cd94</run_address>
         <size>0xe</size>
         <input_file_ref idref="fl-60"/>
      </object_component>
      <object_component id="oc-2cf">
         <name>.text:_ti_sysbios_BIOS_registerRTSLock__I</name>
         <load_address>0x8cda2</load_address>
         <run_address>0x8cda2</run_address>
         <size>0xd</size>
         <input_file_ref idref="fl-13"/>
      </object_component>
      <object_component id="oc-2d4">
         <name>.text:_ti_sysbios_BIOS_removeRTSLock__I</name>
         <load_address>0x8cdaf</load_address>
         <run_address>0x8cdaf</run_address>
         <size>0xd</size>
         <input_file_ref idref="fl-13"/>
      </object_component>
      <object_component id="oc-443">
         <name>.text:_ti_sysbios_family_c28_Hwi_dispatchC__I</name>
         <load_address>0x8cdbc</load_address>
         <run_address>0x8cdbc</run_address>
         <size>0xd</size>
         <input_file_ref idref="fl-1f"/>
      </object_component>
      <object_component id="oc-3c7">
         <name>.text:_ti_sysbios_family_c28_Hwi_restoreIER__E</name>
         <load_address>0x8cdc9</load_address>
         <run_address>0x8cdc9</run_address>
         <size>0xd</size>
         <input_file_ref idref="fl-13"/>
      </object_component>
      <object_component id="oc-436">
         <name>.text:_ti_sysbios_knl_Task_SupportProxy_start__E</name>
         <load_address>0x8cdd6</load_address>
         <run_address>0x8cdd6</run_address>
         <size>0xd</size>
         <input_file_ref idref="fl-13"/>
      </object_component>
      <object_component id="oc-435">
         <name>.text:_ti_sysbios_knl_Task_enter__I</name>
         <load_address>0x8cde3</load_address>
         <run_address>0x8cde3</run_address>
         <size>0xd</size>
         <input_file_ref idref="fl-1f"/>
      </object_component>
      <object_component id="oc-2c3">
         <name>.text:_xdc_runtime_LoggerBuf_write0__E</name>
         <load_address>0x8cdf0</load_address>
         <run_address>0x8cdf0</run_address>
         <size>0xd</size>
         <input_file_ref idref="fl-2b"/>
      </object_component>
      <object_component id="oc-2c4">
         <name>.text:_xdc_runtime_LoggerBuf_write1__E</name>
         <load_address>0x8cdfd</load_address>
         <run_address>0x8cdfd</run_address>
         <size>0xd</size>
         <input_file_ref idref="fl-2b"/>
      </object_component>
      <object_component id="oc-3bb">
         <name>.text:_xdc_runtime_Memory_HeapProxy_alloc__E</name>
         <load_address>0x8ce0a</load_address>
         <run_address>0x8ce0a</run_address>
         <size>0xd</size>
         <input_file_ref idref="fl-13"/>
      </object_component>
      <object_component id="oc-3a4">
         <name>.text:_xdc_runtime_System_abort__E</name>
         <load_address>0x8ce17</load_address>
         <run_address>0x8ce17</run_address>
         <size>0xd</size>
         <input_file_ref idref="fl-2e"/>
      </object_component>
      <object_component id="oc-3b9">
         <name>.text</name>
         <load_address>0x8ce24</load_address>
         <run_address>0x8ce24</run_address>
         <size>0xd</size>
         <input_file_ref idref="fl-55"/>
      </object_component>
      <object_component id="oc-296">
         <name>.text:_ti_sysbios_BIOS_exitFunc__I</name>
         <load_address>0x8ce31</load_address>
         <run_address>0x8ce31</run_address>
         <size>0xc</size>
         <input_file_ref idref="fl-13"/>
      </object_component>
      <object_component id="oc-2e7">
         <name>.text:_ti_sysbios_gates_GateMutex_leave__E</name>
         <load_address>0x8ce3d</load_address>
         <run_address>0x8ce3d</run_address>
         <size>0xc</size>
         <input_file_ref idref="fl-1f"/>
      </object_component>
      <object_component id="oc-3d1">
         <name>.text:_ti_sysbios_knl_Queue_put__E</name>
         <load_address>0x8ce49</load_address>
         <run_address>0x8ce49</run_address>
         <size>0xc</size>
         <input_file_ref idref="fl-1f"/>
      </object_component>
      <object_component id="oc-390">
         <name>.text:_ti_sysbios_knl_Task_enabled__E</name>
         <load_address>0x8ce55</load_address>
         <run_address>0x8ce55</run_address>
         <size>0xc</size>
         <input_file_ref idref="fl-1f"/>
      </object_component>
      <object_component id="oc-31c">
         <name>.text:_xdc_runtime_Error_check__E</name>
         <load_address>0x8ce61</load_address>
         <run_address>0x8ce61</run_address>
         <size>0xc</size>
         <input_file_ref idref="fl-29"/>
      </object_component>
      <object_component id="oc-40c">
         <name>.text:_xdc_runtime_System_aprintf__E</name>
         <load_address>0x8ce6d</load_address>
         <run_address>0x8ce6d</run_address>
         <size>0xc</size>
         <input_file_ref idref="fl-13"/>
      </object_component>
      <object_component id="oc-40d">
         <name>.text:_xdc_runtime_System_printf__E</name>
         <load_address>0x8ce79</load_address>
         <run_address>0x8ce79</run_address>
         <size>0xc</size>
         <input_file_ref idref="fl-13"/>
      </object_component>
      <object_component id="oc-355">
         <name>.text</name>
         <load_address>0x8ce85</load_address>
         <run_address>0x8ce85</run_address>
         <size>0xc</size>
         <input_file_ref idref="fl-4b"/>
      </object_component>
      <object_component id="oc-3b7">
         <name>.text</name>
         <load_address>0x8ce91</load_address>
         <run_address>0x8ce91</run_address>
         <size>0xc</size>
         <input_file_ref idref="fl-56"/>
      </object_component>
      <object_component id="oc-44b">
         <name>.text:_ti_sysbios_family_c28_Hwi_Module__startupDone__F</name>
         <load_address>0x8ce9d</load_address>
         <run_address>0x8ce9d</run_address>
         <size>0xb</size>
         <input_file_ref idref="fl-13"/>
      </object_component>
      <object_component id="oc-445">
         <name>.text:_ti_sysbios_family_c28_Timer_Module__startupDone__F</name>
         <load_address>0x8cea8</load_address>
         <run_address>0x8cea8</run_address>
         <size>0xb</size>
         <input_file_ref idref="fl-13"/>
      </object_component>
      <object_component id="oc-438">
         <name>.text:_ti_sysbios_knl_Task_unblock__E</name>
         <load_address>0x8ceb3</load_address>
         <run_address>0x8ceb3</run_address>
         <size>0xb</size>
         <input_file_ref idref="fl-1f"/>
      </object_component>
      <object_component id="oc-31d">
         <name>.text:_xdc_runtime_LoggerBuf_Instance_finalize__E</name>
         <load_address>0x8cebe</load_address>
         <run_address>0x8cebe</run_address>
         <size>0xb</size>
         <input_file_ref idref="fl-2b"/>
      </object_component>
      <object_component id="oc-2f0">
         <name>.text:_xdc_runtime_Startup_exec__I</name>
         <load_address>0x8cec9</load_address>
         <run_address>0x8cec9</run_address>
         <size>0xb</size>
         <input_file_ref idref="fl-13"/>
      </object_component>
      <object_component id="oc-34b">
         <name>.text:_xdc_runtime_SysMin_exit__E</name>
         <load_address>0x8ced4</load_address>
         <run_address>0x8ced4</run_address>
         <size>0xb</size>
         <input_file_ref idref="fl-2f"/>
      </object_component>
      <object_component id="oc-28d">
[...]
         <object_component_ref idref="oc-365"/>
      </symbol>
      <symbol id="sm-d4a">
         <name>_xdc_runtime_LoggerBuf_Instance_finalize__E</name>
         <value>0x8cebe</value>
         <object_component_ref idref="oc-31d"/>
      </symbol>
      <symbol id="sm-d4b">
         <name>_xdc_runtime_LoggerBuf_write4__E</name>
         <value>0x8b24e</value>
         <object_component_ref idref="oc-2c6"/>
      </symbol>
      <symbol id="sm-d4c">
         <name>_xdc_runtime_LoggerBuf_getFilterLevel__E</name>
         <value>0x8c037</value>
         <object_component_ref idref="oc-2c9"/>
      </symbol>
      <symbol id="sm-d4d">
         <name>_xdc_runtime_LoggerBuf_disable__E</name>
         <value>0x8d069</value>
         <object_component_ref idref="oc-2c2"/>
      </symbol>
      <symbol id="sm-d4e">
         <name>_xdc_runtime_LoggerBuf_setFilterLevel__E</name>
         <value>0x8c074</value>
         <object_component_ref idref="oc-2c8"/>
      </symbol>
      <symbol id="sm-d4f">
         <name>_xdc_runtime_LoggerBuf_write8__E</name>
         <value>0x8a98a</value>
         <object_component_ref idref="oc-2c7"/>
      </symbol>
      <symbol id="sm-d50">
         <name>_xdc_runtime_LoggerBuf_write2__E</name>
         <value>0x8cd3d</value>
         <object_component_ref idref="oc-2c5"/>
      </symbol>
      <symbol id="sm-d51">
         <name>_LoggerBuf_instanceStartup</name>
         <value>0x8ca6c</value>
         <object_component_ref idref="oc-365"/>
      </symbol>
      <symbol id="sm-d52">
         <name>_xdc_runtime_LoggerBuf_filterOutEvent__I</name>
         <value>0x8c685</value>
         <object_component_ref idref="oc-311"/>
      </symbol>
      <symbol id="sm-d53">
         <name>_xdc_runtime_LoggerBuf_write1__E</name>
         <value>0x8cdfd</value>
         <object_component_ref idref="oc-2c4"/>
      </symbol>
      <symbol id="sm-d54">
         <name>_xdc_runtime_LoggerBuf_enable__E</name>
         <value>0x8d037</value>
         <object_component_ref idref="oc-2c1"/>
      </symbol>
      <symbol id="sm-d70">
         <name>_xdc_runtime_Memory_calloc__E</name>
         <value>0x8cf8c</value>
         <object_component_ref idref="oc-354"/>
      </symbol>
      <symbol id="sm-d71">
         <name>_xdc_runtime_Memory_free__E</name>
         <value>0x8cf09</value>
         <object_component_ref idref="oc-356"/>
      </symbol>
      <symbol id="sm-d72">
         <name>_xdc_runtime_Memory_valloc__E</name>
         <value>0x8cb54</value>
         <object_component_ref idref="oc-3ae"/>
      </symbol>
      <symbol id="sm-d73">
         <name>_xdc_runtime_Memory_alloc__E</name>
         <value>0x8bca6</value>
         <object_component_ref idref="oc-364"/>
      </symbol>
      <symbol id="sm-d74">
         <name>_xdc_runtime_Memory_getMaxDefaultTypeAlign__E</name>
         <value>0x8d07f</value>
         <object_component_ref idref="oc-3ba"/>
      </symbol>
      <symbol id="sm-d95">
         <name>_xdc_runtime_Startup_startMods__I</name>
         <value>0x8b6ec</value>
         <object_component_ref idref="oc-3aa"/>
      </symbol>
      <symbol id="sm-d96">
         <name>_xdc_runtime_Startup_exec__E</name>
         <value>0x8c290</value>
         <object_component_ref idref="oc-28b"/>
      </symbol>
      <symbol id="sm-e1b">
         <name>_xdc_runtime_System_formatNum__I</name>
         <value>0x8bf3f</value>
         <object_component_ref idref="oc-44f"/>
      </symbol>
      <symbol id="sm-e1c">
         <name>_xdc_runtime_System_exit__E</name>
         <value>0x8cedf</value>
         <object_component_ref idref="oc-28d"/>
      </symbol>
      <symbol id="sm-e1d">
         <name>_xdc_runtime_System_exitStd__E</name>
         <value>0x8d0b9</value>
         <object_component_ref idref="oc-2f3"/>
      </symbol>
      <symbol id="sm-e1e">
         <name>_xdc_runtime_System_printf_va__F</name>
         <value>0x8c9f1</value>
         <object_component_ref idref="oc-426"/>
      </symbol>
      <symbol id="sm-e1f">
         <name>_xdc_runtime_System_atexit__E</name>
         <value>0x8c6a6</value>
         <object_component_ref idref="oc-2ce"/>
      </symbol>
      <symbol id="sm-e20">
         <name>_xdc_runtime_System_abortStd__E</name>
         <value>0x8d0b6</value>
         <object_component_ref idref="oc-3f4"/>
      </symbol>
      <symbol id="sm-e21">
         <name>_xdc_runtime_System_putchar__I</name>
         <value>0x8c941</value>
         <object_component_ref idref="oc-450"/>
      </symbol>
      <symbol id="sm-e22">
         <name>_xdc_runtime_System_snprintf_va__F</name>
         <value>0x8cf13</value>
         <object_component_ref idref="oc-440"/>
      </symbol>
      <symbol id="sm-e23">
         <name>_xdc_runtime_System_Module_startup__E</name>
         <value>0x8d0b0</value>
         <object_component_ref idref="oc-3fe"/>
      </symbol>
      <symbol id="sm-e24">
         <name>_xdc_runtime_System_avprintf__E</name>
         <value>0x8c927</value>
         <object_component_ref idref="oc-425"/>
      </symbol>
      <symbol id="sm-e25">
         <name>_xdc_runtime_System_vprintf__E</name>
         <value>0x8c9f1</value>
         <object_component_ref idref="oc-426"/>
      </symbol>
      <symbol id="sm-e26">
         <name>_xdc_runtime_System_aprintf_va__F</name>
         <value>0x8c927</value>
         <object_component_ref idref="oc-425"/>
      </symbol>
      <symbol id="sm-e27">
         <name>_xdc_runtime_System_doPrint__I</name>
         <value>0x89779</value>
         <object_component_ref idref="oc-442"/>
      </symbol>
      <symbol id="sm-e28">
         <name>_xdc_runtime_System_processAtExit__E</name>
         <value>0x8c5d6</value>
         <object_component_ref idref="oc-2a4"/>
      </symbol>
      <symbol id="sm-e29">
         <name>_xdc_runtime_System_vsnprintf__E</name>
         <value>0x8cf13</value>
         <object_component_ref idref="oc-440"/>
      </symbol>
      <symbol id="sm-e2a">
         <name>_xdc_runtime_System_abort__E</name>
         <value>0x8ce17</value>
         <object_component_ref idref="oc-3a4"/>
      </symbol>
      <symbol id="sm-e4a">
         <name>_xdc_runtime_SysMin_abort__E</name>
         <value>0x8cb97</value>
         <object_component_ref idref="oc-3f3"/>
      </symbol>
      <symbol id="sm-e4b">
         <name>_xdc_runtime_SysMin_ready__E</name>
         <value>0x8cf94</value>
         <object_component_ref idref="oc-44d"/>
      </symbol>
      <symbol id="sm-e4c">
         <name>_xdc_runtime_SysMin_flush__E</name>
         <value>0x8c50f</value>
         <object_component_ref idref="oc-3ad"/>
      </symbol>
      <symbol id="sm-e4d">
         <name>_xdc_runtime_SysMin_Module_startup__E</name>
         <value>0x8cd00</value>
         <object_component_ref idref="oc-3ff"/>
      </symbol>
      <symbol id="sm-e4e">
         <name>_xdc_runtime_SysMin_putch__E</name>
         <value>0x8c784</value>
         <object_component_ref idref="oc-3fc"/>
      </symbol>
      <symbol id="sm-e4f">
         <name>_xdc_runtime_SysMin_exit__E</name>
         <value>0x8ced4</value>
         <object_component_ref idref="oc-34b"/>
      </symbol>
      <symbol id="sm-e96">
         <name>_xdc_runtime_Text_putLab__E</name>
         <value>0x8bd4e</value>
         <object_component_ref idref="oc-45e"/>
      </symbol>
      <symbol id="sm-e97">
         <name>_xdc_runtime_Text_printVisFxn__I</name>
         <value>0x8ca0a</value>
         <object_component_ref idref="oc-43f"/>
      </symbol>
      <symbol id="sm-e98">
         <name>_xdc_runtime_Text_putMod__E</name>
         <value>0x8bfbc</value>
         <object_component_ref idref="oc-423"/>
      </symbol>
      <symbol id="sm-e99">
         <name>_xdc_runtime_Text_cordText__E</name>
         <value>0x8cc0f</value>
         <object_component_ref idref="oc-357"/>
      </symbol>
      <symbol id="sm-e9a">
         <name>_xdc_runtime_Text_xprintf__I</name>
         <value>0x8c538</value>
         <object_component_ref idref="oc-424"/>
      </symbol>
      <symbol id="sm-e9b">
         <name>_xdc_runtime_Text_visitRope2__I</name>
         <value>0x8c25e</value>
         <object_component_ref idref="oc-457"/>
      </symbol>
      <symbol id="sm-e9c">
         <name>_xdc_runtime_Text_ropeText__E</name>
         <value>0x8cf1d</value>
         <object_component_ref idref="oc-35c"/>
      </symbol>
      <symbol id="sm-e9d">
         <name>_xdc_runtime_Text_putSite__E</name>
         <value>0x8b8bd</value>
         <object_component_ref idref="oc-40b"/>
      </symbol>
      <symbol id="sm-eaa">
         <name>___xdc__init</name>
         <value>0x8d086</value>
         <object_component_ref idref="oc-28e"/>
      </symbol>
      <symbol id="sm-ecc">
         <name>_xdc_runtime_Registry_findById__E</name>
         <value>0x8cd4c</value>
         <object_component_ref idref="oc-43d"/>
      </symbol>
      <symbol id="sm-ee6">
         <name>_c_int00</name>
         <value>0x8bad2</value>
         <object_component_ref idref="oc-84"/>
      </symbol>
      <symbol id="sm-ee7">
         <name>__stack</name>
         <value>0x8000</value>
         <object_component_ref idref="oc-1ae"/>
      </symbol>
      <symbol id="sm-eff">
         <name>_ti_catalog_c2800_initF2837x_Boot_initFlash</name>
         <value>0xb000</value>
         <object_component_ref idref="oc-3a8"/>
      </symbol>
      <symbol id="sm-f00">
         <name>_ti_catalog_c2800_initF2837x_Boot_defaultLimpAbortFunction</name>
         <value>0x8b12b</value>
         <object_component_ref idref="oc-3a5"/>
      </symbol>
      <symbol id="sm-f01">
         <name>_ti_catalog_c2800_initF2837x_Boot_configurePllDivs</name>
         <value>0x8be75</value>
         <object_component_ref idref="oc-2ed"/>
      </symbol>
      <symbol id="sm-f02">
         <name>_ti_catalog_c2800_initF2837x_Boot_initSharedRAMs</name>
         <value>0x8cf54</value>
         <object_component_ref idref="oc-2ee"/>
      </symbol>
      <symbol id="sm-f13">
         <name>FS$$DIV</name>
         <value>0x8b364</value>
         <object_component_ref idref="oc-1b8"/>
      </symbol>
      <symbol id="sm-f3f">
         <name>ULL$$MOD</name>
         <value>0x8a581</value>
         <object_component_ref idref="oc-1bd"/>
      </symbol>
      <symbol id="sm-f40">
         <name>ULL$$DIV</name>
         <value>0x8a552</value>
         <object_component_ref idref="oc-1bd"/>
      </symbol>
      <symbol id="sm-f41">
         <name>LL$$MOD</name>
         <value>0x8a518</value>
         <object_component_ref idref="oc-1bd"/>
      </symbol>
      <symbol id="sm-f42">
         <name>LL$$DIV</name>
         <value>0x8a4dc</value>
         <object_component_ref idref="oc-1bd"/>
      </symbol>
      <symbol id="sm-f50">
         <name>I$$MOD</name>
         <value>0x8c653</value>
         <object_component_ref idref="oc-1c2"/>
      </symbol>
      <symbol id="sm-f51">
         <name>I$$DIV</name>
         <value>0x8c642</value>
         <object_component_ref idref="oc-1c2"/>
      </symbol>
      <symbol id="sm-f5d">
         <name>U$$MOD</name>
         <value>0x8ceef</value>
         <object_component_ref idref="oc-1c7"/>
      </symbol>
      <symbol id="sm-f5e">
         <name>U$$DIV</name>
         <value>0x8ceea</value>
         <object_component_ref idref="oc-1c7"/>
      </symbol>
      <symbol id="sm-f6a">
         <name>UL$$MOD</name>
         <value>0x8c509</value>
         <object_component_ref idref="oc-1cc"/>
      </symbol>
      <symbol id="sm-f6b">
         <name>L$$MOD</name>
         <value>0x8c4f4</value>
         <object_component_ref idref="oc-1cc"/>
      </symbol>
      <symbol id="sm-f6c">
         <name>L$$DIV</name>
         <value>0x8c4e5</value>
         <object_component_ref idref="oc-1cc"/>
      </symbol>
      <symbol id="sm-f6d">
         <name>UL$$DIV</name>
         <value>0x8c502</value>
         <object_component_ref idref="oc-1cc"/>
      </symbol>
      <symbol id="sm-f7c">
         <name>_copy_in</name>
         <value>0x8c5fa</value>
         <object_component_ref idref="oc-28a"/>
      </symbol>
      <symbol id="sm-f8d">
         <name>_memcpy</name>
         <value>0x8c7c0</value>
         <object_component_ref idref="oc-2a0"/>
      </symbol>
      <symbol id="sm-fa1">
         <name>C$$EXIT</name>
         <value>0x8c561</value>
         <object_component_ref idref="oc-34c"/>
      </symbol>
      <symbol id="sm-fa2">
         <name>_exit</name>
         <value>0x8c563</value>
         <object_component_ref idref="oc-34c"/>
      </symbol>
      <symbol id="sm-fa3">
         <name>___TI_cleanup_ptr</name>
         <value>0xef3a</value>
         <object_component_ref idref="oc-1dd"/>
      </symbol>
      <symbol id="sm-fa4">
         <name>___TI_enable_exit_profile_output</name>
         <value>0xef38</value>
         <object_component_ref idref="oc-1dd"/>
      </symbol>
      <symbol id="sm-fa5">
         <name>_abort</name>
         <value>0x8c561</value>
         <object_component_ref idref="oc-34c"/>
      </symbol>
      <symbol id="sm-fa6">
         <name>___TI_dtors_ptr</name>
         <value>0xef3c</value>
         <object_component_ref idref="oc-1dd"/>
      </symbol>
      <symbol id="sm-fba">
         <name>__unlock</name>
         <value>0x10058</value>
         <object_component_ref idref="oc-367"/>
      </symbol>
      <symbol id="sm-fbb">
         <name>__lock</name>
         <value>0xef3e</value>
         <object_component_ref idref="oc-368"/>
      </symbol>
      <symbol id="sm-fbc">
         <name>__register_lock</name>
         <value>0x8cf46</value>
         <object_component_ref idref="oc-320"/>
      </symbol>
      <symbol id="sm-fbd">
         <name>__nop</name>
         <value>0x8cf4a</value>
         <object_component_ref idref="oc-320"/>
      </symbol>
      <symbol id="sm-fbe">
         <name>__register_unlock</name>
         <value>0x8cf42</value>
         <object_component_ref idref="oc-320"/>
      </symbol>
      <symbol id="sm-fcd">
         <name>__args_main</name>
         <value>0x8ca23</value>
         <object_component_ref idref="oc-28c"/>
      </symbol>
      <symbol id="sm-fdb">
         <name>_memset</name>
         <value>0x8ce85</value>
         <object_component_ref idref="oc-355"/>
      </symbol>
      <symbol id="sm-ff1">
         <name>_strlen</name>
         <value>0x8cf9c</value>
         <object_component_ref idref="oc-30a"/>
      </symbol>
      <symbol id="sm-ffe">
         <name>_HOSTwrite</name>
         <value>0x8c122</value>
         <object_component_ref idref="oc-407"/>
      </symbol>
      <symbol id="sm-1017">
         <name>___TI_readmsg</name>
         <value>0x8b184</value>
         <object_component_ref idref="oc-422"/>
      </symbol>
      <symbol id="sm-1018">
         <name>C$$IO$$</name>
         <value>0x8b17f</value>
         <object_component_ref idref="oc-422"/>
      </symbol>
      <symbol id="sm-1019">
         <name>__CIOBUF_</name>
         <value>0x8c00</value>
         <object_component_ref idref="oc-201"/>
      </symbol>
      <symbol id="sm-101a">
         <name>___TI_writemsg</name>
         <value>0x8b12c</value>
         <object_component_ref idref="oc-422"/>
      </symbol>
      <symbol id="sm-1028">
         <name>_vsprintf</name>
         <value>0x8c322</value>
         <object_component_ref idref="oc-309"/>
      </symbol>
      <symbol id="sm-1154">
         <name>___TI_printfi</name>
         <value>0x88ae2</value>
         <object_component_ref idref="oc-361"/>
      </symbol>
      <symbol id="sm-1168">
         <name>_atoi</name>
         <value>0x8c2c1</value>
         <object_component_ref idref="oc-3b3"/>
      </symbol>
      <symbol id="sm-1170">
         <name>__ctypes_</name>
         <value>0x83920</value>
         <object_component_ref idref="oc-3e4"/>
      </symbol>
      <symbol id="sm-117e">
         <name>_ltoa</name>
         <value>0x8c3dc</value>
         <object_component_ref idref="oc-3b4"/>
      </symbol>
      <symbol id="sm-118d">
         <name>_memccpy</name>
         <value>0x8ce24</value>
         <object_component_ref idref="oc-3b9"/>
      </symbol>
      <symbol id="sm-119c">
         <name>_strchr</name>
         <value>0x8ce91</value>
         <object_component_ref idref="oc-3b7"/>
      </symbol>
      <symbol id="sm-11a9">
         <name>_strcpy</name>
         <value>0x8d06e</value>
         <object_component_ref idref="oc-3b8"/>
      </symbol>
      <symbol id="sm-11b5">
         <name>_parmbuf</name>
         <value>0xef30</value>
         <object_component_ref idref="oc-22e"/>
      </symbol>
      <symbol id="sm-11c8">
         <name>_frexpl</name>
         <value>0x8bbf5</value>
         <object_component_ref idref="oc-3b5"/>
      </symbol>
      <symbol id="sm-11e5">
         <name>_scalbnl</name>
         <value>0x8abdf</value>
         <object_component_ref idref="oc-3b6"/>
      </symbol>
      <symbol id="sm-11e6">
         <name>_ldexpl</name>
         <value>0x8abdf</value>
         <object_component_ref idref="oc-3b6"/>
      </symbol>
      <symbol id="sm-1201">
         <name>FD$$ADD</name>
         <value>0x8aff4</value>
         <object_component_ref idref="oc-23f"/>
      </symbol>
      <symbol id="sm-1211">
         <name>FD$$CMP</name>
         <value>0x8c4bb</value>
         <object_component_ref idref="oc-244"/>
      </symbol>
      <symbol id="sm-1228">
         <name>FD$$DIV</name>
         <value>0x8b2d9</value>
         <object_component_ref idref="oc-249"/>
      </symbol>
      <symbol id="sm-123a">
         <name>FD$$MPY</name>
         <value>0x8b3ec</value>
         <object_component_ref idref="oc-24e"/>
      </symbol>
      <symbol id="sm-1247">
         <name>FD$$NEG</name>
         <value>0x8cf4b</value>
         <object_component_ref idref="oc-253"/>
      </symbol>
      <symbol id="sm-1253">
         <name>FD$$SUB</name>
         <value>0x8cd94</value>
         <object_component_ref idref="oc-258"/>
      </symbol>
      <symbol id="sm-1262">
         <name>FD$$TOI</name>
         <value>0x8c6c7</value>
         <object_component_ref idref="oc-25d"/>
      </symbol>
      <symbol id="sm-1271">
         <name>FD$$TOL</name>
         <value>0x8c765</value>
         <object_component_ref idref="oc-262"/>
      </symbol>
      <symbol id="sm-127d">
         <name>LL$$AND</name>
         <value>0x8ca84</value>
         <object_component_ref idref="oc-267"/>
      </symbol>
      <symbol id="sm-127e">
         <name>LL$$OR</name>
         <value>0x8ca8c</value>
         <object_component_ref idref="oc-267"/>
      </symbol>
      <symbol id="sm-127f">
         <name>LL$$XOR</name>
         <value>0x8ca94</value>
         <object_component_ref idref="oc-267"/>
      </symbol>
      <symbol id="sm-128d">
         <name>ULL$$CMP</name>
         <value>0x8c7b4</value>
         <object_component_ref idref="oc-26c"/>
      </symbol>
      <symbol id="sm-128e">
         <name>LL$$CMP</name>
         <value>0x8c7a2</value>
         <object_component_ref idref="oc-26c"/>
      </symbol>
      <symbol id="sm-129e">
         <name>I$$TOFD</name>
         <value>0x8c7fb</value>
         <object_component_ref idref="oc-271"/>
      </symbol>
      <symbol id="sm-12ae">
         <name>L$$TOFD</name>
         <value>0x8c850</value>
         <object_component_ref idref="oc-276"/>
      </symbol>
      <symbol id="sm-12be">
         <name>FS$$TOFD</name>
         <value>0x8c834</value>
         <object_component_ref idref="oc-27b"/>
      </symbol>
      <symbol id="sm-12c8">
         <name>_errno</name>
         <value>0x10043</value>
         <object_component_ref idref="oc-282"/>
      </symbol>
      <symbol id="sm-12d5">
         <name>_copysignl</name>
         <value>0x8c61e</value>
         <object_component_ref idref="oc-3e5"/>
      </symbol>
   </symbol_table>
   <title>Link successful</title>
</link_info>
