<?xml version="1.0"?>
<link_info>
   <banner>TMS320C2000 Linker PC v17.6.0.STS</banner>
   <copyright>Copyright (c) 1996-2017 Texas Instruments Incorporated</copyright>
   <link_time>0x5bbbd097</link_time>
   <link_errors>0x0</link_errors>
   <output_file>Lab6.out</output_file>
   <entry_point>
      <name>_c_int00</name>
      <address>0x8b96e</address>
   </entry_point>
   <input_file_list>
      <input_file id="fl-2">
         <path>.\</path>
         <kind>object</kind>
         <file>F2837xS_Adc.obj</file>
         <name>F2837xS_Adc.obj</name>
      </input_file>
      <input_file id="fl-3">
         <path>.\</path>
         <kind>object</kind>
         <file>F2837xS_CodeStartBranch.obj</file>
         <name>F2837xS_CodeStartBranch.obj</name>
      </input_file>
      <input_file id="fl-4">
         <path>.\</path>
         <kind>object</kind>
         <file>F2837xS_EPwm.obj</file>
         <name>F2837xS_EPwm.obj</name>
      </input_file>
      <input_file id="fl-5">
         <path>.\</path>
         <kind>object</kind>
         <file>F2837xS_GlobalVariableDefs.obj</file>
         <name>F2837xS_GlobalVariableDefs.obj</name>
      </input_file>
      <input_file id="fl-6">
         <path>.\</path>
         <kind>object</kind>
         <file>F2837xS_Gpio.obj</file>
         <name>F2837xS_Gpio.obj</name>
      </input_file>
      <input_file id="fl-7">
         <path>.\</path>
         <kind>object</kind>
         <file>F2837xS_Spi.obj</file>
         <name>F2837xS_Spi.obj</name>
      </input_file>
      <input_file id="fl-8">
         <path>.\</path>
         <kind>object</kind>
         <file>F2837xS_SysCtrl.obj</file>
         <name>F2837xS_SysCtrl.obj</name>
      </input_file>
      <input_file id="fl-9">
         <path>.\</path>
         <kind>object</kind>
         <file>F2837xS_usDelay.obj</file>
         <name>F2837xS_usDelay.obj</name>
      </input_file>
      <input_file id="fl-a">
         <path>.\</path>
         <kind>object</kind>
         <file>f28377sADC.obj</file>
         <name>f28377sADC.obj</name>
      </input_file>
      <input_file id="fl-b">
         <path>.\</path>
         <kind>object</kind>
         <file>f28377sCoecsl.obj</file>
         <name>f28377sCoecsl.obj</name>
      </input_file>
      <input_file id="fl-c">
         <path>.\</path>
         <kind>object</kind>
         <file>f28377sDAC.obj</file>
         <name>f28377sDAC.obj</name>
      </input_file>
      <input_file id="fl-d">
         <path>.\</path>
         <kind>object</kind>
         <file>f28377sEPWM3A.obj</file>
         <name>f28377sEPWM3A.obj</name>
      </input_file>
      <input_file id="fl-e">
         <path>.\</path>
         <kind>object</kind>
         <file>f28377sEqep.obj</file>
         <name>f28377sEqep.obj</name>
      </input_file>
      <input_file id="fl-f">
         <path>.\</path>
         <kind>object</kind>
         <file>f28377sSerial.obj</file>
         <name>f28377sSerial.obj</name>
      </input_file>
      <input_file id="fl-10">
         <path>.\</path>
         <kind>object</kind>
         <file>lcd.obj</file>
         <name>lcd.obj</name>
      </input_file>
      <input_file id="fl-11">
         <path>.\</path>
         <kind>object</kind>
         <file>user_Lab6.obj</file>
         <name>user_Lab6.obj</name>
      </input_file>
      <input_file id="fl-13">
         <path>C:\ayush2_nigam4\repo\trunk\Lab6\Lab6Project\Debug\configPkg\package\cfg\</path>
         <kind>object</kind>
         <file>Lab6_p28FP.o28FP</file>
         <name>Lab6_p28FP.o28FP</name>
      </input_file>
      <input_file id="fl-1e">
         <kind>object</kind>
         <file>&lt;internal&gt;</file>
         <name>&lt;internal&gt;</name>
      </input_file>
      <input_file id="fl-1f">
         <path>C:\ayush2_nigam4\repo\trunk\Lab6\src\sysbios\</path>
         <kind>archive</kind>
         <file>sysbios.a28FP</file>
         <name>BIOS.obj</name>
      </input_file>
      <input_file id="fl-20">
         <path>C:\ayush2_nigam4\repo\trunk\Lab6\src\sysbios\</path>
         <kind>archive</kind>
         <file>sysbios.a28FP</file>
         <name>c28_Hwi_asm.obj</name>
      </input_file>
      <input_file id="fl-21">
         <path>C:\ayush2_nigam4\repo\trunk\Lab6\src\sysbios\</path>
         <kind>archive</kind>
         <file>sysbios.a28FP</file>
         <name>c28_Hwi_disp_asm.obj</name>
      </input_file>
      <input_file id="fl-22">
         <path>C:\ayush2_nigam4\repo\trunk\Lab6\src\sysbios\</path>
         <kind>archive</kind>
         <file>sysbios.a28FP</file>
         <name>c28_IntrinsicsSupport_asm.obj</name>
      </input_file>
      <input_file id="fl-23">
         <path>C:\ayush2_nigam4\repo\trunk\Lab6\src\sysbios\</path>
         <kind>archive</kind>
         <file>sysbios.a28FP</file>
         <name>c28_TaskSupport_asm.obj</name>
      </input_file>
      <input_file id="fl-24">
         <path>C:\CCStudio_v8\tirtos_c2000_2_16_01_14\products\bios_6_45_02_31\packages\ti\targets\rts2800\lib\</path>
         <kind>archive</kind>
         <file>ti.targets.rts2800.a28FP</file>
         <name>Assert.o28FP</name>
      </input_file>
      <input_file id="fl-25">
         <path>C:\CCStudio_v8\tirtos_c2000_2_16_01_14\products\bios_6_45_02_31\packages\ti\targets\rts2800\lib\</path>
         <kind>archive</kind>
         <file>ti.targets.rts2800.a28FP</file>
         <name>Core-mem.o28FP</name>
      </input_file>
      <input_file id="fl-26">
         <path>C:\CCStudio_v8\tirtos_c2000_2_16_01_14\products\bios_6_45_02_31\packages\ti\targets\rts2800\lib\</path>
         <kind>archive</kind>
         <file>ti.targets.rts2800.a28FP</file>
         <name>Core-smem.o28FP</name>
      </input_file>
      <input_file id="fl-27">
         <path>C:\CCStudio_v8\tirtos_c2000_2_16_01_14\products\bios_6_45_02_31\packages\ti\targets\rts2800\lib\</path>
         <kind>archive</kind>
         <file>ti.targets.rts2800.a28FP</file>
         <name>Core-label.o28FP</name>
      </input_file>
      <input_file id="fl-28">
         <path>C:\CCStudio_v8\tirtos_c2000_2_16_01_14\products\bios_6_45_02_31\packages\ti\targets\rts2800\lib\</path>
         <kind>archive</kind>
         <file>ti.targets.rts2800.a28FP</file>
         <name>Core-params.o28FP</name>
      </input_file>
      <input_file id="fl-29">
         <path>C:\CCStudio_v8\tirtos_c2000_2_16_01_14\products\bios_6_45_02_31\packages\ti\targets\rts2800\lib\</path>
         <kind>archive</kind>
         <file>ti.targets.rts2800.a28FP</file>
         <name>Error.o28FP</name>
      </input_file>
      <input_file id="fl-2a">
         <path>C:\CCStudio_v8\tirtos_c2000_2_16_01_14\products\bios_6_45_02_31\packages\ti\targets\rts2800\lib\</path>
         <kind>archive</kind>
         <file>ti.targets.rts2800.a28FP</file>
         <name>Gate.o28FP</name>
      </input_file>
      <input_file id="fl-2b">
         <path>C:\CCStudio_v8\tirtos_c2000_2_16_01_14\products\bios_6_45_02_31\packages\ti\targets\rts2800\lib\</path>
         <kind>archive</kind>
         <file>ti.targets.rts2800.a28FP</file>
         <name>LoggerBuf.o28FP</name>
      </input_file>
      <input_file id="fl-2c">
         <path>C:\CCStudio_v8\tirtos_c2000_2_16_01_14\products\bios_6_45_02_31\packages\ti\targets\rts2800\lib\</path>
         <kind>archive</kind>
         <file>ti.targets.rts2800.a28FP</file>
         <name>Memory.o28FP</name>
      </input_file>
      <input_file id="fl-2d">
         <path>C:\CCStudio_v8\tirtos_c2000_2_16_01_14\products\bios_6_45_02_31\packages\ti\targets\rts2800\lib\</path>
         <kind>archive</kind>
         <file>ti.targets.rts2800.a28FP</file>
         <name>Startup.o28FP</name>
      </input_file>
      <input_file id="fl-2e">
         <path>C:\CCStudio_v8\tirtos_c2000_2_16_01_14\products\bios_6_45_02_31\packages\ti\targets\rts2800\lib\</path>
         <kind>archive</kind>
         <file>ti.targets.rts2800.a28FP</file>
         <name>System.o28FP</name>
      </input_file>
      <input_file id="fl-2f">
         <path>C:\CCStudio_v8\tirtos_c2000_2_16_01_14\products\bios_6_45_02_31\packages\ti\targets\rts2800\lib\</path>
         <kind>archive</kind>
         <file>ti.targets.rts2800.a28FP</file>
         <name>SysMin.o28FP</name>
      </input_file>
      <input_file id="fl-30">
         <path>C:\CCStudio_v8\tirtos_c2000_2_16_01_14\products\bios_6_45_02_31\packages\ti\targets\rts2800\lib\</path>
         <kind>archive</kind>
         <file>ti.targets.rts2800.a28FP</file>
         <name>Text.o28FP</name>
      </input_file>
      <input_file id="fl-31">
         <path>C:\CCStudio_v8\tirtos_c2000_2_16_01_14\products\bios_6_45_02_31\packages\ti\targets\rts2800\lib\</path>
         <kind>archive</kind>
         <file>ti.targets.rts2800.a28FP</file>
         <name>xdc_noinit.o28FP</name>
      </input_file>
      <input_file id="fl-32">
         <path>C:\CCStudio_v8\tirtos_c2000_2_16_01_14\products\bios_6_45_02_31\packages\ti\targets\rts2800\lib\</path>
         <kind>archive</kind>
         <file>ti.targets.rts2800.a28FP</file>
         <name>Log.o28FP</name>
      </input_file>
      <input_file id="fl-33">
         <path>C:\CCStudio_v8\tirtos_c2000_2_16_01_14\products\bios_6_45_02_31\packages\ti\targets\rts2800\lib\</path>
         <kind>archive</kind>
         <file>ti.targets.rts2800.a28FP</file>
         <name>Registry.o28FP</name>
      </input_file>
      <input_file id="fl-34">
         <path>C:\CCStudio_v8\tirtos_c2000_2_16_01_14\products\bios_6_45_02_31\packages\ti\targets\rts2800\lib\</path>
         <kind>archive</kind>
         <file>boot.a28FP</file>
         <name>boot_cg.o28FP</name>
      </input_file>
      <input_file id="fl-35">
         <path>C:\CCStudio_v8\tirtos_c2000_2_16_01_14\products\bios_6_45_02_31\packages\ti\catalog\c2800\initF2837x\lib\</path>
         <kind>archive</kind>
         <file>Boot.a28FP</file>
         <name>Boot.o28FP</name>
      </input_file>
      <input_file id="fl-41">
         <path>C:\CCStudio_v8\ccsv8\tools\compiler\ti-cgt-c2000_17.6.0.STS\lib\</path>
         <kind>archive</kind>
         <file>rts2800_fpu32.lib</file>
         <name>fs_div28.obj</name>
      </input_file>
      <input_file id="fl-42">
         <path>C:\CCStudio_v8\ccsv8\tools\compiler\ti-cgt-c2000_17.6.0.STS\lib\</path>
         <kind>archive</kind>
         <file>rts2800_fpu32.lib</file>
         <name>ll_div28.obj</name>
      </input_file>
      <input_file id="fl-43">
         <path>C:\CCStudio_v8\ccsv8\tools\compiler\ti-cgt-c2000_17.6.0.STS\lib\</path>
         <kind>archive</kind>
         <file>rts2800_fpu32.lib</file>
         <name>i_div28.obj</name>
      </input_file>
      <input_file id="fl-44">
         <path>C:\CCStudio_v8\ccsv8\tools\compiler\ti-cgt-c2000_17.6.0.STS\lib\</path>
         <kind>archive</kind>
         <file>rts2800_fpu32.lib</file>
         <name>u_div28.obj</name>
      </input_file>
      <input_file id="fl-45">
         <path>C:\CCStudio_v8\ccsv8\tools\compiler\ti-cgt-c2000_17.6.0.STS\lib\</path>
         <kind>archive</kind>
         <file>rts2800_fpu32.lib</file>
         <name>l_div28.obj</name>
      </input_file>
      <input_file id="fl-46">
         <path>C:\CCStudio_v8\ccsv8\tools\compiler\ti-cgt-c2000_17.6.0.STS\lib\</path>
         <kind>archive</kind>
         <file>rts2800_fpu32.lib</file>
         <name>cpy_tbl.obj</name>
      </input_file>
      <input_file id="fl-47">
         <path>C:\CCStudio_v8\ccsv8\tools\compiler\ti-cgt-c2000_17.6.0.STS\lib\</path>
         <kind>archive</kind>
         <file>rts2800_fpu32.lib</file>
         <name>memcpy.obj</name>
      </input_file>
      <input_file id="fl-48">
         <path>C:\CCStudio_v8\ccsv8\tools\compiler\ti-cgt-c2000_17.6.0.STS\lib\</path>
         <kind>archive</kind>
         <file>rts2800_fpu32.lib</file>
         <name>exit.obj</name>
      </input_file>
      <input_file id="fl-49">
         <path>C:\CCStudio_v8\ccsv8\tools\compiler\ti-cgt-c2000_17.6.0.STS\lib\</path>
         <kind>archive</kind>
         <file>rts2800_fpu32.lib</file>
         <name>_lock.obj</name>
      </input_file>
      <input_file id="fl-4a">
         <path>C:\CCStudio_v8\ccsv8\tools\compiler\ti-cgt-c2000_17.6.0.STS\lib\</path>
         <kind>archive</kind>
         <file>rts2800_fpu32.lib</file>
         <name>args_main.obj</name>
      </input_file>
      <input_file id="fl-4b">
         <path>C:\CCStudio_v8\ccsv8\tools\compiler\ti-cgt-c2000_17.6.0.STS\lib\</path>
         <kind>archive</kind>
         <file>rts2800_fpu32.lib</file>
         <name>memset.obj</name>
      </input_file>
      <input_file id="fl-4c">
         <path>C:\CCStudio_v8\ccsv8\tools\compiler\ti-cgt-c2000_17.6.0.STS\lib\</path>
         <kind>archive</kind>
         <file>rts2800_fpu32.lib</file>
         <name>strcmp.obj</name>
      </input_file>
      <input_file id="fl-4d">
         <path>C:\CCStudio_v8\ccsv8\tools\compiler\ti-cgt-c2000_17.6.0.STS\lib\</path>
         <kind>archive</kind>
         <file>rts2800_fpu32.lib</file>
         <name>strlen.obj</name>
      </input_file>
      <input_file id="fl-4e">
         <path>C:\CCStudio_v8\ccsv8\tools\compiler\ti-cgt-c2000_17.6.0.STS\lib\</path>
         <kind>archive</kind>
         <file>rts2800_fpu32.lib</file>
         <name>hostwrite.obj</name>
      </input_file>
      <input_file id="fl-4f">
         <path>C:\CCStudio_v8\ccsv8\tools\compiler\ti-cgt-c2000_17.6.0.STS\lib\</path>
         <kind>archive</kind>
         <file>rts2800_fpu32.lib</file>
         <name>trgmsg.obj</name>
      </input_file>
      <input_file id="fl-50">
         <path>C:\CCStudio_v8\ccsv8\tools\compiler\ti-cgt-c2000_17.6.0.STS\lib\</path>
         <kind>archive</kind>
         <file>rts2800_fpu32.lib</file>
         <name>vsprintf.obj</name>
      </input_file>
      <input_file id="fl-51">
         <path>C:\CCStudio_v8\ccsv8\tools\compiler\ti-cgt-c2000_17.6.0.STS\lib\</path>
         <kind>archive</kind>
         <file>rts2800_fpu32.lib</file>
         <name>_printfi.obj</name>
      </input_file>
      <input_file id="fl-52">
         <path>C:\CCStudio_v8\ccsv8\tools\compiler\ti-cgt-c2000_17.6.0.STS\lib\</path>
         <kind>archive</kind>
         <file>rts2800_fpu32.lib</file>
         <name>atoi.obj</name>
      </input_file>
      <input_file id="fl-53">
         <path>C:\CCStudio_v8\ccsv8\tools\compiler\ti-cgt-c2000_17.6.0.STS\lib\</path>
         <kind>archive</kind>
         <file>rts2800_fpu32.lib</file>
         <name>ctype.obj</name>
      </input_file>
      <input_file id="fl-54">
         <path>C:\CCStudio_v8\ccsv8\tools\compiler\ti-cgt-c2000_17.6.0.STS\lib\</path>
         <kind>archive</kind>
         <file>rts2800_fpu32.lib</file>
         <name>ltoa.obj</name>
      </input_file>
      <input_file id="fl-55">
         <path>C:\CCStudio_v8\ccsv8\tools\compiler\ti-cgt-c2000_17.6.0.STS\lib\</path>
         <kind>archive</kind>
         <file>rts2800_fpu32.lib</file>
         <name>memccpy.obj</name>
      </input_file>
      <input_file id="fl-56">
         <path>C:\CCStudio_v8\ccsv8\tools\compiler\ti-cgt-c2000_17.6.0.STS\lib\</path>
         <kind>archive</kind>
         <file>rts2800_fpu32.lib</file>
         <name>strchr.obj</name>
      </input_file>
      <input_file id="fl-57">
         <path>C:\CCStudio_v8\ccsv8\tools\compiler\ti-cgt-c2000_17.6.0.STS\lib\</path>
         <kind>archive</kind>
         <file>rts2800_fpu32.lib</file>
         <name>strcpy.obj</name>
      </input_file>
      <input_file id="fl-58">
         <path>C:\CCStudio_v8\ccsv8\tools\compiler\ti-cgt-c2000_17.6.0.STS\lib\</path>
         <kind>archive</kind>
         <file>rts2800_fpu32.lib</file>
         <name>hostopen.obj</name>
      </input_file>
      <input_file id="fl-59">
         <path>C:\CCStudio_v8\ccsv8\tools\compiler\ti-cgt-c2000_17.6.0.STS\lib\</path>
         <kind>archive</kind>
         <file>rts2800_fpu32.lib</file>
         <name>s_frexp.obj</name>
      </input_file>
      <input_file id="fl-5a">
         <path>C:\CCStudio_v8\ccsv8\tools\compiler\ti-cgt-c2000_17.6.0.STS\lib\</path>
         <kind>archive</kind>
         <file>rts2800_fpu32.lib</file>
         <name>s_scalbn.obj</name>
      </input_file>
      <input_file id="fl-5b">
         <path>C:\CCStudio_v8\ccsv8\tools\compiler\ti-cgt-c2000_17.6.0.STS\lib\</path>
         <kind>archive</kind>
         <file>rts2800_fpu32.lib</file>
         <name>fd_add28.obj</name>
      </input_file>
      <input_file id="fl-5c">
         <path>C:\CCStudio_v8\ccsv8\tools\compiler\ti-cgt-c2000_17.6.0.STS\lib\</path>
         <kind>archive</kind>
         <file>rts2800_fpu32.lib</file>
         <name>fd_cmp28.obj</name>
      </input_file>
      <input_file id="fl-5d">
         <path>C:\CCStudio_v8\ccsv8\tools\compiler\ti-cgt-c2000_17.6.0.STS\lib\</path>
         <kind>archive</kind>
         <file>rts2800_fpu32.lib</file>
         <name>fd_div28.obj</name>
      </input_file>
      <input_file id="fl-5e">
         <path>C:\CCStudio_v8\ccsv8\tools\compiler\ti-cgt-c2000_17.6.0.STS\lib\</path>
         <kind>archive</kind>
         <file>rts2800_fpu32.lib</file>
         <name>fd_mpy28.obj</name>
      </input_file>
      <input_file id="fl-5f">
         <path>C:\CCStudio_v8\ccsv8\tools\compiler\ti-cgt-c2000_17.6.0.STS\lib\</path>
         <kind>archive</kind>
         <file>rts2800_fpu32.lib</file>
         <name>fd_neg28.obj</name>
      </input_file>
      <input_file id="fl-60">
         <path>C:\CCStudio_v8\ccsv8\tools\compiler\ti-cgt-c2000_17.6.0.STS\lib\</path>
         <kind>archive</kind>
         <file>rts2800_fpu32.lib</file>
         <name>fd_sub28.obj</name>
      </input_file>
      <input_file id="fl-61">
         <path>C:\CCStudio_v8\ccsv8\tools\compiler\ti-cgt-c2000_17.6.0.STS\lib\</path>
         <kind>archive</kind>
         <file>rts2800_fpu32.lib</file>
         <name>fd_toi28.obj</name>
      </input_file>
      <input_file id="fl-62">
         <path>C:\CCStudio_v8\ccsv8\tools\compiler\ti-cgt-c2000_17.6.0.STS\lib\</path>
         <kind>archive</kind>
         <file>rts2800_fpu32.lib</file>
         <name>fd_tol28.obj</name>
      </input_file>
      <input_file id="fl-63">
         <path>C:\CCStudio_v8\ccsv8\tools\compiler\ti-cgt-c2000_17.6.0.STS\lib\</path>
         <kind>archive</kind>
         <file>rts2800_fpu32.lib</file>
         <name>ll_aox28.obj</name>
      </input_file>
      <input_file id="fl-64">
         <path>C:\CCStudio_v8\ccsv8\tools\compiler\ti-cgt-c2000_17.6.0.STS\lib\</path>
         <kind>archive</kind>
         <file>rts2800_fpu32.lib</file>
         <name>ll_cmp28.obj</name>
      </input_file>
      <input_file id="fl-65">
         <path>C:\CCStudio_v8\ccsv8\tools\compiler\ti-cgt-c2000_17.6.0.STS\lib\</path>
         <kind>archive</kind>
         <file>rts2800_fpu32.lib</file>
         <name>i_tofd28.obj</name>
      </input_file>
      <input_file id="fl-66">
         <path>C:\CCStudio_v8\ccsv8\tools\compiler\ti-cgt-c2000_17.6.0.STS\lib\</path>
         <kind>archive</kind>
         <file>rts2800_fpu32.lib</file>
         <name>l_tofd28.obj</name>
      </input_file>
      <input_file id="fl-67">
         <path>C:\CCStudio_v8\ccsv8\tools\compiler\ti-cgt-c2000_17.6.0.STS\lib\</path>
         <kind>archive</kind>
         <file>rts2800_fpu32.lib</file>
         <name>fs_tofdfpu32.obj</name>
      </input_file>
      <input_file id="fl-68">
         <path>C:\CCStudio_v8\ccsv8\tools\compiler\ti-cgt-c2000_17.6.0.STS\lib\</path>
         <kind>archive</kind>
         <file>rts2800_fpu32.lib</file>
         <name>errno.obj</name>
      </input_file>
      <input_file id="fl-69">
         <path>C:\CCStudio_v8\ccsv8\tools\compiler\ti-cgt-c2000_17.6.0.STS\lib\</path>
         <kind>archive</kind>
         <file>rts2800_fpu32.lib</file>
         <name>s_copysign.obj</name>
      </input_file>
   </input_file_list>
   <object_component_list>
      <object_component id="oc-3a9">
         <name>.text:ti_catalog_c2800_initF2837x_flashfuncs:_ti_catalog_c2800_initF2837x_Boot_initFlash</name>
         <load_address>0x801be</load_address>
         <run_address>0xb000</run_address>
         <size>0x27</size>
         <input_file_ref idref="fl-35"/>
      </object_component>
      <object_component id="oc-13c">
         <name>xdc.meta</name>
         <load_address>0x0</load_address>
         <run_address>0x0</run_address>
         <size>0xe6</size>
         <input_file_ref idref="fl-13"/>
      </object_component>
      <object_component id="oc-139">
         <name>.cinit</name>
         <load_address>0x801e5</load_address>
         <run_address>0x801e5</run_address>
         <size>0x499</size>
         <input_file_ref idref="fl-13"/>
      </object_component>
      <object_component id="oc-12f">
         <name>.cinit</name>
         <load_address>0x8067e</load_address>
         <run_address>0x8067e</run_address>
         <size>0x91</size>
         <input_file_ref idref="fl-11"/>
      </object_component>
      <object_component id="oc-1dd">
         <name>.cinit</name>
         <load_address>0x8070f</load_address>
         <run_address>0x8070f</run_address>
         <size>0xe</size>
         <input_file_ref idref="fl-48"/>
      </object_component>
      <object_component id="oc-323">
         <name>.cinit:__lock</name>
         <load_address>0x8071d</load_address>
         <run_address>0x8071d</run_address>
         <size>0x5</size>
         <input_file_ref idref="fl-49"/>
      </object_component>
      <object_component id="oc-322">
         <name>.cinit:__unlock</name>
         <load_address>0x80722</load_address>
         <run_address>0x80722</run_address>
         <size>0x5</size>
         <input_file_ref idref="fl-49"/>
      </object_component>
      <object_component id="oc-282">
         <name>.cinit</name>
         <load_address>0x80727</load_address>
         <run_address>0x80727</run_address>
         <size>0x4</size>
         <input_file_ref idref="fl-68"/>
      </object_component>
      <object_component id="oc-467">
         <name>.binit</name>
         <load_address>0x8074c</load_address>
         <run_address>0x8074c</run_address>
         <size>0xa</size>
      </object_component>
      <object_component id="oc-362">
         <name>.text</name>
         <load_address>0x88000</load_address>
         <run_address>0x88000</run_address>
         <size>0xc16</size>
         <input_file_ref idref="fl-51"/>
      </object_component>
      <object_component id="oc-294">
         <name>.text</name>
         <load_address>0x88c16</load_address>
         <run_address>0x88c16</run_address>
         <size>0x4b7</size>
         <input_file_ref idref="fl-11"/>
      </object_component>
      <object_component id="oc-2bc">
         <name>.text</name>
         <load_address>0x890cd</load_address>
         <run_address>0x890cd</run_address>
         <size>0x2af</size>
         <input_file_ref idref="fl-f"/>
      </object_component>
      <object_component id="oc-2b9">
         <name>.text</name>
         <load_address>0x8937c</load_address>
         <run_address>0x8937c</run_address>
         <size>0x299</size>
         <input_file_ref idref="fl-8"/>
      </object_component>
      <object_component id="oc-443">
         <name>.text:_xdc_runtime_System_doPrint__I</name>
         <load_address>0x89615</load_address>
         <run_address>0x89615</run_address>
         <size>0x252</size>
         <input_file_ref idref="fl-2e"/>
      </object_component>
      <object_component id="oc-2ba">
         <name>.text</name>
         <load_address>0x89867</load_address>
         <run_address>0x89867</run_address>
         <size>0x244</size>
         <input_file_ref idref="fl-6"/>
      </object_component>
      <object_component id="oc-33e">
         <name>.text:_ti_sysbios_knl_Semaphore_pend__E</name>
         <load_address>0x89aab</load_address>
         <run_address>0x89aab</run_address>
         <size>0x1da</size>
         <input_file_ref idref="fl-1f"/>
      </object_component>
      <object_component id="oc-2b0">
         <name>.text:_ti_sysbios_heaps_HeapMem_free__E</name>
         <load_address>0x89c85</load_address>
         <run_address>0x89c85</run_address>
         <size>0x1ba</size>
         <input_file_ref idref="fl-1f"/>
      </object_component>
      <object_component id="oc-2af">
         <name>.text:_ti_sysbios_heaps_HeapMem_alloc__E</name>
         <load_address>0x89e3f</load_address>
         <run_address>0x89e3f</run_address>
         <size>0x1b3</size>
         <input_file_ref idref="fl-1f"/>
      </object_component>
      <object_component id="oc-2bd">
         <name>.text</name>
         <load_address>0x89ff2</load_address>
         <run_address>0x89ff2</run_address>
         <size>0x165</size>
         <input_file_ref idref="fl-10"/>
      </object_component>
      <object_component id="oc-2b7">
         <name>.text</name>
         <load_address>0x8a157</load_address>
         <run_address>0x8a157</run_address>
         <size>0x117</size>
         <input_file_ref idref="fl-e"/>
      </object_component>
      <object_component id="oc-459">
         <name>.text:_xdc_runtime_System_printfExtend__I</name>
         <load_address>0x8a26e</load_address>
         <run_address>0x8a26e</run_address>
         <size>0x10a</size>
         <input_file_ref idref="fl-13"/>
      </object_component>
      <object_component id="oc-1be">
         <name>.text</name>
         <load_address>0x8a378</load_address>
         <run_address>0x8a378</run_address>
         <size>0x107</size>
         <input_file_ref idref="fl-42"/>
      </object_component>
      <object_component id="oc-2bb">
         <name>.text</name>
         <load_address>0x8a47f</load_address>
         <run_address>0x8a47f</run_address>
         <size>0xfd</size>
         <input_file_ref idref="fl-4"/>
      </object_component>
      <object_component id="oc-309">
         <name>.text:_ti_sysbios_heaps_HeapMem_Instance_init__E</name>
         <load_address>0x8a57c</load_address>
         <run_address>0x8a57c</run_address>
         <size>0xed</size>
         <input_file_ref idref="fl-1f"/>
      </object_component>
      <object_component id="oc-371">
         <name>.text:_ti_sysbios_family_c28_Hwi_clearInterrupt__E</name>
         <load_address>0x8a669</load_address>
         <run_address>0x8a669</run_address>
         <size>0xe0</size>
         <input_file_ref idref="fl-1f"/>
      </object_component>
      <object_component id="oc-30f">
         <name>.text</name>
         <load_address>0x8a749</load_address>
         <run_address>0x8a749</run_address>
         <size>0xdd</size>
         <input_file_ref idref="fl-2"/>
      </object_component>
      <object_component id="oc-2c8">
         <name>.text:_xdc_runtime_LoggerBuf_write8__E</name>
         <load_address>0x8a826</load_address>
         <run_address>0x8a826</run_address>
         <size>0xd2</size>
         <input_file_ref idref="fl-2b"/>
      </object_component>
      <object_component id="oc-2f7">
         <name>.text:_xdc_runtime_Core_createObject__I</name>
         <load_address>0x8a8f8</load_address>
         <run_address>0x8a8f8</run_address>
         <size>0xc3</size>
         <input_file_ref idref="fl-25"/>
      </object_component>
      <object_component id="oc-45b">
         <name>.text:_ti_sysbios_family_c28_Hwi_dispatchCore__I</name>
         <load_address>0x8a9bb</load_address>
         <run_address>0x8a9bb</run_address>
         <size>0xc0</size>
         <input_file_ref idref="fl-1f"/>
      </object_component>
      <object_component id="oc-3b7">
         <name>.text</name>
         <load_address>0x8aa7b</load_address>
         <run_address>0x8aa7b</run_address>
         <size>0xc0</size>
         <input_file_ref idref="fl-5a"/>
      </object_component>
      <object_component id="oc-33f">
         <name>.text:_ti_sysbios_knl_Semaphore_post__E</name>
         <load_address>0x8ab3b</load_address>
         <run_address>0x8ab3b</run_address>
         <size>0xb8</size>
         <input_file_ref idref="fl-1f"/>
      </object_component>
      <object_component id="oc-298">
         <name>.text:_ti_sysbios_knl_Clock_workFunc__E</name>
         <load_address>0x8abf3</load_address>
         <run_address>0x8abf3</run_address>
         <size>0xb6</size>
         <input_file_ref idref="fl-1f"/>
      </object_component>
      <object_component id="oc-3d1">
         <name>.text:_ti_sysbios_knl_Swi_run__I</name>
         <load_address>0x8aca9</load_address>
         <run_address>0x8aca9</run_address>
         <size>0xaf</size>
         <input_file_ref idref="fl-1f"/>
      </object_component>
      <object_component id="oc-3d7">
         <name>.text:_xdc_runtime_Core_constructObject__I</name>
         <load_address>0x8ad58</load_address>
         <run_address>0x8ad58</run_address>
         <size>0x9c</size>
         <input_file_ref idref="fl-26"/>
      </object_component>
      <object_component id="oc-344">
         <name>.text:_xdc_runtime_Error_policyDefault__E</name>
         <load_address>0x8adf4</load_address>
         <run_address>0x8adf4</run_address>
         <size>0x9c</size>
         <input_file_ref idref="fl-29"/>
      </object_component>
      <object_component id="oc-240">
         <name>.text</name>
         <load_address>0x8ae90</load_address>
         <run_address>0x8ae90</run_address>
         <size>0x9c</size>
         <input_file_ref idref="fl-5b"/>
      </object_component>
      <object_component id="oc-429">
         <name>.text:_ti_sysbios_family_c28_Hwi_dispatch</name>
         <load_address>0x8af2c</load_address>
         <run_address>0x8af2c</run_address>
         <size>0x9b</size>
         <input_file_ref idref="fl-21"/>
      </object_component>
      <object_component id="oc-3a6">
         <name>.text:_ti_catalog_c2800_initF2837x_Boot_defaultLimpAbortFunction</name>
         <load_address>0x8afc7</load_address>
         <run_address>0x8afc7</run_address>
         <size>0x1</size>
         <input_file_ref idref="fl-35"/>
      </object_component>
      <object_component id="oc-423">
         <name>.text</name>
         <load_address>0x8afc8</load_address>
         <run_address>0x8afc8</run_address>
         <size>0x94</size>
         <input_file_ref idref="fl-4f"/>
      </object_component>
      <object_component id="oc-372">
         <name>.text:_ti_sysbios_family_c28_Hwi_enableInterrupt__E</name>
         <load_address>0x8b05c</load_address>
         <run_address>0x8b05c</run_address>
         <size>0x8e</size>
         <input_file_ref idref="fl-1f"/>
      </object_component>
      <object_component id="oc-2c7">
         <name>.text:_xdc_runtime_LoggerBuf_write4__E</name>
         <load_address>0x8b0ea</load_address>
         <run_address>0x8b0ea</run_address>
         <size>0x8b</size>
         <input_file_ref idref="fl-2b"/>
      </object_component>
      <object_component id="oc-24a">
         <name>.text</name>
         <load_address>0x8b175</load_address>
         <run_address>0x8b175</run_address>
         <size>0x8b</size>
         <input_file_ref idref="fl-5d"/>
      </object_component>
      <object_component id="oc-1b9">
         <name>.text</name>
         <load_address>0x8b200</load_address>
         <run_address>0x8b200</run_address>
         <size>0x88</size>
         <input_file_ref idref="fl-41"/>
      </object_component>
      <object_component id="oc-24f">
         <name>.text</name>
         <load_address>0x8b288</load_address>
         <run_address>0x8b288</run_address>
         <size>0x83</size>
         <input_file_ref idref="fl-5e"/>
      </object_component>
      <object_component id="oc-2bf">
         <name>.text</name>
         <load_address>0x8b30b</load_address>
         <run_address>0x8b30b</run_address>
         <size>0x82</size>
         <input_file_ref idref="fl-c"/>
      </object_component>
      <object_component id="oc-445">
         <name>.text:_ti_sysbios_family_c28_Hwi_disableInterrupt__E</name>
         <load_address>0x8b38d</load_address>
         <run_address>0x8b38d</run_address>
         <size>0x81</size>
         <input_file_ref idref="fl-1f"/>
      </object_component>
      <object_component id="oc-2be">
         <name>.text</name>
         <load_address>0x8b40e</load_address>
         <run_address>0x8b40e</run_address>
         <size>0x7f</size>
         <input_file_ref idref="fl-a"/>
      </object_component>
      <object_component id="oc-3c7">
         <name>.text:_ti_sysbios_family_c28_Hwi_disablePIEIER__E</name>
         <load_address>0x8b48d</load_address>
         <run_address>0x8b48d</run_address>
         <size>0x7e</size>
         <input_file_ref idref="fl-1f"/>
      </object_component>
      <object_component id="oc-3c6">
         <name>.text:_ti_sysbios_family_c28_Hwi_enablePIEIER__E</name>
         <load_address>0x8b50b</load_address>
         <run_address>0x8b50b</run_address>
         <size>0x7d</size>
         <input_file_ref idref="fl-1f"/>
      </object_component>
      <object_component id="oc-3ab">
         <name>.text:_xdc_runtime_Startup_startMods__I</name>
         <load_address>0x8b588</load_address>
         <run_address>0x8b588</run_address>
         <size>0x7d</size>
         <input_file_ref idref="fl-2d"/>
      </object_component>
      <object_component id="oc-377">
         <name>.text:_ti_sysbios_knl_Task_checkStacks__E</name>
         <load_address>0x8b605</load_address>
         <run_address>0x8b605</run_address>
         <size>0x73</size>
         <input_file_ref idref="fl-1f"/>
      </object_component>
      <object_component id="oc-32c">
         <name>.text:_ti_sysbios_knl_Task_startCore__E</name>
         <load_address>0x8b678</load_address>
         <run_address>0x8b678</run_address>
         <size>0x71</size>
         <input_file_ref idref="fl-1f"/>
      </object_component>
      <object_component id="oc-2e7">
         <name>.text:_ti_sysbios_gates_GateMutex_enter__E</name>
         <load_address>0x8b6e9</load_address>
         <run_address>0x8b6e9</run_address>
         <size>0x70</size>
         <input_file_ref idref="fl-1f"/>
      </object_component>
      <object_component id="oc-40c">
         <name>.text:_xdc_runtime_Text_putSite__E</name>
         <load_address>0x8b759</load_address>
         <run_address>0x8b759</run_address>
         <size>0x6f</size>
         <input_file_ref idref="fl-30"/>
      </object_component>
      <object_component id="oc-3ca">
         <name>.text:_ti_sysbios_knl_Task_schedule__I</name>
         <load_address>0x8b7c8</load_address>
         <run_address>0x8b7c8</run_address>
         <size>0x6e</size>
         <input_file_ref idref="fl-1f"/>
      </object_component>
      <object_component id="oc-3d8">
         <name>.text:_ti_sysbios_knl_Semaphore_Instance_init__E</name>
         <load_address>0x8b836</load_address>
         <run_address>0x8b836</run_address>
         <size>0x6a</size>
         <input_file_ref idref="fl-1f"/>
      </object_component>
      <object_component id="oc-2b6">
         <name>.text</name>
         <load_address>0x8b8a0</load_address>
         <run_address>0x8b8a0</run_address>
         <size>0x68</size>
         <input_file_ref idref="fl-d"/>
      </object_component>
      <object_component id="oc-42b">
         <name>.text:_ti_sysbios_family_c28_Timer_stopAndClear__I</name>
         <load_address>0x8b908</load_address>
         <run_address>0x8b908</run_address>
         <size>0x66</size>
         <input_file_ref idref="fl-1f"/>
      </object_component>
      <object_component id="oc-84">
         <name>.text</name>
         <load_address>0x8b96e</load_address>
         <run_address>0x8b96e</run_address>
         <size>0x63</size>
         <input_file_ref idref="fl-34"/>
      </object_component>
      <object_component id="oc-2e5">
         <name>.text:_ti_sysbios_knl_Swi_post__E</name>
         <load_address>0x8b9d1</load_address>
         <run_address>0x8b9d1</run_address>
         <size>0x60</size>
         <input_file_ref idref="fl-1f"/>
      </object_component>
      <object_component id="oc-392">
         <name>.text:_ti_sysbios_knl_Task_blockI__E</name>
         <load_address>0x8ba31</load_address>
         <run_address>0x8ba31</run_address>
         <size>0x60</size>
         <input_file_ref idref="fl-1f"/>
      </object_component>
      <object_component id="oc-3b6">
         <name>.text</name>
         <load_address>0x8ba91</load_address>
         <run_address>0x8ba91</run_address>
         <size>0x5a</size>
         <input_file_ref idref="fl-59"/>
      </object_component>
      <object_component id="oc-435">
         <name>.text:_ti_sysbios_knl_Task_exit__E</name>
         <load_address>0x8baeb</load_address>
         <run_address>0x8baeb</run_address>
         <size>0x57</size>
         <input_file_ref idref="fl-1f"/>
      </object_component>
      <object_component id="oc-365">
         <name>.text:_xdc_runtime_Memory_alloc__E</name>
         <load_address>0x8bb42</load_address>
         <run_address>0x8bb42</run_address>
         <size>0x57</size>
         <input_file_ref idref="fl-2c"/>
      </object_component>
      <object_component id="oc-395">
         <name>.text:_ti_sysbios_knl_Task_unblockI__E</name>
         <load_address>0x8bb99</load_address>
         <run_address>0x8bb99</run_address>
         <size>0x51</size>
         <input_file_ref idref="fl-1f"/>
      </object_component>
      <object_component id="oc-45f">
         <name>.text:_xdc_runtime_Text_putLab__E</name>
         <load_address>0x8bbea</load_address>
         <run_address>0x8bbea</run_address>
         <size>0x4f</size>
         <input_file_ref idref="fl-30"/>
      </object_component>
      <object_component id="oc-420">
         <name>.text:_ti_sysbios_knl_Task_postInit__I</name>
         <load_address>0x8bc39</load_address>
         <run_address>0x8bc39</run_address>
         <size>0x4b</size>
         <input_file_ref idref="fl-1f"/>
      </object_component>
      <object_component id="oc-401">
         <name>.text:_ti_sysbios_family_c28_Hwi_Module_startup__E</name>
         <load_address>0x8bc84</load_address>
         <run_address>0x8bc84</run_address>
         <size>0x47</size>
         <input_file_ref idref="fl-1f"/>
      </object_component>
      <object_component id="oc-2f9">
         <name>.text:_xdc_runtime_Core_deleteObject__I</name>
         <load_address>0x8bccb</load_address>
         <run_address>0x8bccb</run_address>
         <size>0x46</size>
         <input_file_ref idref="fl-25"/>
      </object_component>
      <object_component id="oc-2ee">
         <name>.text:.bootCodeSection:_ti_catalog_c2800_initF2837x_Boot_configurePllDivs</name>
         <load_address>0x8bd11</load_address>
         <run_address>0x8bd11</run_address>
         <size>0x45</size>
         <input_file_ref idref="fl-35"/>
      </object_component>
      <object_component id="oc-414">
         <name>.text:_ti_sysbios_family_c28_Timer_postInit__I</name>
         <load_address>0x8bd56</load_address>
         <run_address>0x8bd56</run_address>
         <size>0x43</size>
         <input_file_ref idref="fl-1f"/>
      </object_component>
      <object_component id="oc-144">
         <name>.text:_ti_sysbios_family_c28_Hwi_unPluggedInterrupt__I</name>
         <load_address>0x8bd99</load_address>
         <run_address>0x8bd99</run_address>
         <size>0x42</size>
         <input_file_ref idref="fl-1f"/>
      </object_component>
      <object_component id="oc-450">
         <name>.text:_xdc_runtime_System_formatNum__I</name>
         <load_address>0x8bddb</load_address>
         <run_address>0x8bddb</run_address>
         <size>0x3f</size>
         <input_file_ref idref="fl-2e"/>
      </object_component>
      <object_component id="oc-466">
         <name>.text:_ti_sysbios_knl_Swi_restoreHwi__E</name>
         <load_address>0x8be1a</load_address>
         <run_address>0x8be1a</run_address>
         <size>0x3e</size>
         <input_file_ref idref="fl-1f"/>
      </object_component>
      <object_component id="oc-424">
         <name>.text:_xdc_runtime_Text_putMod__E</name>
         <load_address>0x8be58</load_address>
         <run_address>0x8be58</run_address>
         <size>0x3e</size>
         <input_file_ref idref="fl-30"/>
      </object_component>
      <object_component id="oc-354">
         <name>.text:_xdc_runtime_Core_assignParams__I</name>
         <load_address>0x8be96</load_address>
         <run_address>0x8be96</run_address>
         <size>0x3d</size>
         <input_file_ref idref="fl-28"/>
      </object_component>
      <object_component id="oc-2ca">
         <name>.text:_xdc_runtime_LoggerBuf_getFilterLevel__E</name>
         <load_address>0x8bed3</load_address>
         <run_address>0x8bed3</run_address>
         <size>0x3d</size>
         <input_file_ref idref="fl-2b"/>
      </object_component>
      <object_component id="oc-2c9">
         <name>.text:_xdc_runtime_LoggerBuf_setFilterLevel__E</name>
         <load_address>0x8bf10</load_address>
         <run_address>0x8bf10</run_address>
         <size>0x3c</size>
         <input_file_ref idref="fl-2b"/>
      </object_component>
      <object_component id="oc-449">
         <name>.text:_ti_sysbios_family_c28_TaskSupport_start__E</name>
         <load_address>0x8bf4c</load_address>
         <run_address>0x8bf4c</run_address>
         <size>0x3a</size>
         <input_file_ref idref="fl-1f"/>
      </object_component>
      <object_component id="oc-2cb">
         <name>.text:_xdc_runtime_LoggerBuf_Object__create__S</name>
         <load_address>0x8bf86</load_address>
         <run_address>0x8bf86</run_address>
         <size>0x38</size>
         <input_file_ref idref="fl-13"/>
      </object_component>
      <object_component id="oc-408">
         <name>.text</name>
         <load_address>0x8bfbe</load_address>
         <run_address>0x8bfbe</run_address>
         <size>0x38</size>
         <input_file_ref idref="fl-4e"/>
      </object_component>
      <object_component id="oc-2e2">
         <name>.text:_ti_sysbios_knl_Clock_logTick__E</name>
         <load_address>0x8bff6</load_address>
         <run_address>0x8bff6</run_address>
         <size>0x36</size>
         <input_file_ref idref="fl-1f"/>
      </object_component>
      <object_component id="oc-31c">
         <name>.text:_xdc_runtime_LoggerBuf_Instance_init__E</name>
         <load_address>0x8c02c</load_address>
         <run_address>0x8c02c</run_address>
         <size>0x36</size>
         <input_file_ref idref="fl-2b"/>
      </object_component>
      <object_component id="oc-327">
         <name>.text:_ti_sysbios_BIOS_rtsUnlock__I</name>
         <load_address>0x8c062</load_address>
         <run_address>0x8c062</run_address>
         <size>0x34</size>
         <input_file_ref idref="fl-13"/>
      </object_component>
      <object_component id="oc-406">
         <name>.text:_ti_sysbios_knl_Task_Module_startup__E</name>
         <load_address>0x8c096</load_address>
         <run_address>0x8c096</run_address>
         <size>0x32</size>
         <input_file_ref idref="fl-1f"/>
      </object_component>
      <object_component id="oc-300">
         <name>.text:_xdc_runtime_Assert_raise__I</name>
         <load_address>0x8c0c8</load_address>
         <run_address>0x8c0c8</run_address>
         <size>0x32</size>
         <input_file_ref idref="fl-24"/>
      </object_component>
      <object_component id="oc-458">
         <name>.text:_xdc_runtime_Text_visitRope2__I</name>
         <load_address>0x8c0fa</load_address>
         <run_address>0x8c0fa</run_address>
         <size>0x32</size>
         <input_file_ref idref="fl-30"/>
      </object_component>
      <object_component id="oc-28c">
         <name>.text:_xdc_runtime_Startup_exec__E</name>
         <load_address>0x8c12c</load_address>
         <run_address>0x8c12c</run_address>
         <size>0x31</size>
         <input_file_ref idref="fl-2d"/>
      </object_component>
      <object_component id="oc-3b4">
         <name>.text</name>
         <load_address>0x8c15d</load_address>
         <run_address>0x8c15d</run_address>
         <size>0x31</size>
         <input_file_ref idref="fl-52"/>
      </object_component>
      <object_component id="oc-39b">
         <name>.text:_xdc_runtime_Error_setX__E</name>
         <load_address>0x8c18e</load_address>
         <run_address>0x8c18e</run_address>
         <size>0x30</size>
         <input_file_ref idref="fl-29"/>
      </object_component>
      <object_component id="oc-30a">
         <name>.text</name>
         <load_address>0x8c1be</load_address>
         <run_address>0x8c1be</run_address>
         <size>0x30</size>
         <input_file_ref idref="fl-50"/>
      </object_component>
      <object_component id="oc-382">
         <name>.text:_ti_sysbios_knl_Swi_runLoop__I</name>
         <load_address>0x8c1ee</load_address>
         <run_address>0x8c1ee</run_address>
         <size>0x2e</size>
         <input_file_ref idref="fl-1f"/>
      </object_component>
      <object_component id="oc-337">
         <name>.text:_ti_sysbios_knl_Swi_schedule__I</name>
         <load_address>0x8c21c</load_address>
         <run_address>0x8c21c</run_address>
         <size>0x2e</size>
         <input_file_ref idref="fl-1f"/>
      </object_component>
      <object_component id="oc-3fc">
         <name>.text:_xdc_runtime_Error_print__E</name>
         <load_address>0x8c24a</load_address>
         <run_address>0x8c24a</run_address>
         <size>0x2e</size>
         <input_file_ref idref="fl-29"/>
      </object_component>
      <object_component id="oc-3b5">
         <name>.text</name>
         <load_address>0x8c278</load_address>
         <run_address>0x8c278</run_address>
         <size>0x2e</size>
         <input_file_ref idref="fl-54"/>
      </object_component>
      <object_component id="oc-3df">
         <name>.text:_ti_sysbios_family_c28_Hwi_getStackInfo__E</name>
         <load_address>0x8c2a6</load_address>
         <run_address>0x8c2a6</run_address>
         <size>0x2d</size>
         <input_file_ref idref="fl-1f"/>
      </object_component>
      <object_component id="oc-2b2">
         <name>.text:_ti_sysbios_heaps_HeapMem_getStats__E</name>
         <load_address>0x8c2d3</load_address>
         <run_address>0x8c2d3</run_address>
         <size>0x2d</size>
         <input_file_ref idref="fl-1f"/>
      </object_component>
      <object_component id="oc-329">
         <name>.text:_ti_sysbios_family_c28_Timer_start__E</name>
         <load_address>0x8c300</load_address>
         <run_address>0x8c300</run_address>
         <size>0x2c</size>
         <input_file_ref idref="fl-1f"/>
      </object_component>
      <object_component id="oc-404">
         <name>.text:_ti_sysbios_knl_Mailbox_Module_startup__E</name>
         <load_address>0x8c32c</load_address>
         <run_address>0x8c32c</run_address>
         <size>0x2b</size>
         <input_file_ref idref="fl-1f"/>
      </object_component>
      <object_component id="oc-245">
         <name>.text</name>
         <load_address>0x8c357</load_address>
         <run_address>0x8c357</run_address>
         <size>0x2a</size>
         <input_file_ref idref="fl-5c"/>
      </object_component>
      <object_component id="oc-1cd">
         <name>.text</name>
         <load_address>0x8c381</load_address>
         <run_address>0x8c381</run_address>
         <size>0x2a</size>
         <input_file_ref idref="fl-45"/>
      </object_component>
      <object_component id="oc-3ae">
         <name>.text:_xdc_runtime_SysMin_flush__E</name>
         <load_address>0x8c3ab</load_address>
         <run_address>0x8c3ab</run_address>
         <size>0x29</size>
         <input_file_ref idref="fl-2f"/>
      </object_component>
      <object_component id="oc-425">
         <name>.text:_xdc_runtime_Text_xprintf__I</name>
         <load_address>0x8c3d4</load_address>
         <run_address>0x8c3d4</run_address>
         <size>0x29</size>
         <input_file_ref idref="fl-30"/>
      </object_component>
      <object_component id="oc-34d">
         <name>.text</name>
         <load_address>0x8c3fd</load_address>
         <run_address>0x8c3fd</run_address>
         <size>0x29</size>
         <input_file_ref idref="fl-48"/>
      </object_component>
      <object_component id="oc-346">
         <name>.text:_ti_sysbios_heaps_HeapMem_init__I</name>
         <load_address>0x8c426</load_address>
         <run_address>0x8c426</run_address>
         <size>0x27</size>
         <input_file_ref idref="fl-1f"/>
      </object_component>
      <object_component id="oc-457">
         <name>.text:_ti_sysbios_family_c28_TaskSupport_buildTaskStack</name>
         <load_address>0x8c44d</load_address>
         <run_address>0x8c44d</run_address>
         <size>0x25</size>
         <input_file_ref idref="fl-23"/>
      </object_component>
      <object_component id="oc-2a5">
         <name>.text:_xdc_runtime_System_processAtExit__E</name>
         <load_address>0x8c472</load_address>
         <run_address>0x8c472</run_address>
         <size>0x24</size>
         <input_file_ref idref="fl-2e"/>
      </object_component>
      <object_component id="oc-28b">
         <name>.text</name>
         <load_address>0x8c496</load_address>
         <run_address>0x8c496</run_address>
         <size>0x24</size>
         <input_file_ref idref="fl-46"/>
      </object_component>
      <object_component id="oc-3e6">
         <name>.text</name>
         <load_address>0x8c4ba</load_address>
         <run_address>0x8c4ba</run_address>
         <size>0x24</size>
         <input_file_ref idref="fl-69"/>
      </object_component>
      <object_component id="oc-1c3">
         <name>.text</name>
         <load_address>0x8c4de</load_address>
         <run_address>0x8c4de</run_address>
         <size>0x22</size>
         <input_file_ref idref="fl-43"/>
      </object_component>
      <object_component id="oc-375">
         <name>.text:_ti_sysbios_knl_Task_allBlockedFunction__I</name>
         <load_address>0x8c500</load_address>
         <run_address>0x8c500</run_address>
         <size>0x21</size>
         <input_file_ref idref="fl-1f"/>
      </object_component>
      <object_component id="oc-312">
         <name>.text:_xdc_runtime_LoggerBuf_filterOutEvent__I</name>
         <load_address>0x8c521</load_address>
         <run_address>0x8c521</run_address>
         <size>0x21</size>
         <input_file_ref idref="fl-2b"/>
      </object_component>
      <object_component id="oc-2cf">
         <name>.text:_xdc_runtime_System_atexit__E</name>
         <load_address>0x8c542</load_address>
         <run_address>0x8c542</run_address>
         <size>0x21</size>
         <input_file_ref idref="fl-2e"/>
      </object_component>
      <object_component id="oc-25e">
         <name>.text</name>
         <load_address>0x8c563</load_address>
         <run_address>0x8c563</run_address>
         <size>0x21</size>
         <input_file_ref idref="fl-61"/>
      </object_component>
      <object_component id="oc-42d">
         <name>.text:_ti_sysbios_family_c28_Timer_setPrescale__E</name>
         <load_address>0x8c584</load_address>
         <run_address>0x8c584</run_address>
         <size>0x20</size>
         <input_file_ref idref="fl-1f"/>
      </object_component>
      <object_component id="oc-2ab">
         <name>.text:_ti_sysbios_gates_GateHwi_Object__create__S</name>
         <load_address>0x8c5a4</load_address>
         <run_address>0x8c5a4</run_address>
         <size>0x1f</size>
         <input_file_ref idref="fl-13"/>
      </object_component>
      <object_component id="oc-2e9">
         <name>.text:_ti_sysbios_gates_GateMutex_Object__create__S</name>
         <load_address>0x8c5c3</load_address>
         <run_address>0x8c5c3</run_address>
         <size>0x1f</size>
         <input_file_ref idref="fl-13"/>
      </object_component>
      <object_component id="oc-2b3">
         <name>.text:_ti_sysbios_heaps_HeapMem_Object__create__S</name>
         <load_address>0x8c5e2</load_address>
         <run_address>0x8c5e2</run_address>
         <size>0x1f</size>
         <input_file_ref idref="fl-13"/>
      </object_component>
      <object_component id="oc-263">
         <name>.text</name>
         <load_address>0x8c601</load_address>
         <run_address>0x8c601</run_address>
         <size>0x1f</size>
         <input_file_ref idref="fl-62"/>
      </object_component>
      <object_component id="oc-3fd">
         <name>.text:_xdc_runtime_SysMin_putch__E</name>
         <load_address>0x8c620</load_address>
         <run_address>0x8c620</run_address>
         <size>0x1e</size>
         <input_file_ref idref="fl-2f"/>
      </object_component>
      <object_component id="oc-26d">
         <name>.text</name>
         <load_address>0x8c63e</load_address>
         <run_address>0x8c63e</run_address>
         <size>0x1e</size>
         <input_file_ref idref="fl-64"/>
      </object_component>
      <object_component id="oc-2a1">
         <name>.text</name>
         <load_address>0x8c65c</load_address>
         <run_address>0x8c65c</run_address>
         <size>0x1e</size>
         <input_file_ref idref="fl-47"/>
      </object_component>
      <object_component id="oc-3d0">
         <name>.text:_ti_sysbios_family_c28_TaskSupport_swap__E</name>
         <load_address>0x8c67a</load_address>
         <run_address>0x8c67a</run_address>
         <size>0x1d</size>
         <input_file_ref idref="fl-23"/>
      </object_component>
      <object_component id="oc-272">
         <name>.text</name>
         <load_address>0x8c697</load_address>
         <run_address>0x8c697</run_address>
         <size>0x1d</size>
         <input_file_ref idref="fl-65"/>
      </object_component>
      <object_component id="oc-3da">
         <name>.text:_ti_sysbios_hal_Hwi_checkStack</name>
         <load_address>0x8c6b4</load_address>
         <run_address>0x8c6b4</run_address>
         <size>0x1c</size>
         <input_file_ref idref="fl-1f"/>
      </object_component>
      <object_component id="oc-27c">
         <name>.text</name>
         <load_address>0x8c6d0</load_address>
         <run_address>0x8c6d0</run_address>
         <size>0x1c</size>
         <input_file_ref idref="fl-67"/>
      </object_component>
      <object_component id="oc-277">
         <name>.text</name>
         <load_address>0x8c6ec</load_address>
         <run_address>0x8c6ec</run_address>
         <size>0x1c</size>
         <input_file_ref idref="fl-66"/>
      </object_component>
      <object_component id="oc-452">
         <name>.text:_ti_sysbios_family_c28_Hwi_switchAndDispatch__I</name>
         <load_address>0x8c708</load_address>
         <run_address>0x8c708</run_address>
         <size>0x1b</size>
         <input_file_ref idref="fl-20"/>
      </object_component>
      <object_component id="oc-348">
         <name>.text:_ti_sysbios_hal_Hwi_initStack</name>
         <load_address>0x8c723</load_address>
         <run_address>0x8c723</run_address>
         <size>0x1b</size>
         <input_file_ref idref="fl-1f"/>
      </object_component>
      <object_component id="oc-398">
         <name>.text:_ti_sysbios_knl_Semaphore_construct</name>
         <load_address>0x8c73e</load_address>
         <run_address>0x8c73e</run_address>
         <size>0x1b</size>
         <input_file_ref idref="fl-13"/>
      </object_component>
      <object_component id="oc-448">
         <name>.text:_ti_sysbios_knl_Task_processVitalTaskFlag__I</name>
         <load_address>0x8c759</load_address>
         <run_address>0x8c759</run_address>
         <size>0x1b</size>
         <input_file_ref idref="fl-1f"/>
      </object_component>
      <object_component id="oc-3f8">
         <name>.text:_xdc_runtime_SysMin_output__I</name>
         <load_address>0x8c774</load_address>
         <run_address>0x8c774</run_address>
         <size>0x1b</size>
         <input_file_ref idref="fl-13"/>
      </object_component>
      <object_component id="oc-38d">
         <name>.text:_ti_sysbios_knl_Clock_addI__E</name>
         <load_address>0x8c78f</load_address>
         <run_address>0x8c78f</run_address>
         <size>0x1a</size>
         <input_file_ref idref="fl-1f"/>
      </object_component>
      <object_component id="oc-2fa">
         <name>.text:_xdc_runtime_Core_assignLabel__I</name>
         <load_address>0x8c7a9</load_address>
         <run_address>0x8c7a9</run_address>
         <size>0x1a</size>
         <input_file_ref idref="fl-27"/>
      </object_component>
      <object_component id="oc-426">
         <name>.text:_xdc_runtime_System_avprintf__E</name>
         <load_address>0x8c7c3</load_address>
         <run_address>0x8c7c3</run_address>
         <size>0x1a</size>
         <input_file_ref idref="fl-2e"/>
      </object_component>
      <object_component id="oc-451">
         <name>.text:_xdc_runtime_System_putchar__I</name>
         <load_address>0x8c7dd</load_address>
         <run_address>0x8c7dd</run_address>
         <size>0x1a</size>
         <input_file_ref idref="fl-2e"/>
      </object_component>
      <object_component id="oc-413">
         <name>.text:_ti_sysbios_family_c28_Hwi_Object__get__S</name>
         <load_address>0x8c7f7</load_address>
         <run_address>0x8c7f7</run_address>
         <size>0x19</size>
         <input_file_ref idref="fl-13"/>
      </object_component>
      <object_component id="oc-41a">
         <name>.text:_ti_sysbios_knl_Mailbox_postInit__I</name>
         <load_address>0x8c810</load_address>
         <run_address>0x8c810</run_address>
         <size>0x19</size>
         <input_file_ref idref="fl-1f"/>
      </object_component>
      <object_component id="oc-438">
         <name>.text:_ti_sysbios_knl_Queue_Object__get__S</name>
         <load_address>0x8c829</load_address>
         <run_address>0x8c829</run_address>
         <size>0x19</size>
         <input_file_ref idref="fl-13"/>
      </object_component>
      <object_component id="oc-3ef">
         <name>.text:_ti_sysbios_knl_Queue_construct</name>
         <load_address>0x8c842</load_address>
         <run_address>0x8c842</run_address>
         <size>0x19</size>
         <input_file_ref idref="fl-13"/>
      </object_component>
      <object_component id="oc-38c">
         <name>.text:_ti_sysbios_knl_Semaphore_pendTimeout__I</name>
         <load_address>0x8c85b</load_address>
         <run_address>0x8c85b</run_address>
         <size>0x19</size>
         <input_file_ref idref="fl-1f"/>
      </object_component>
      <object_component id="oc-32b">
         <name>.text:_ti_sysbios_knl_Swi_restore__E</name>
         <load_address>0x8c874</load_address>
         <run_address>0x8c874</run_address>
         <size>0x19</size>
         <input_file_ref idref="fl-1f"/>
      </object_component>
      <object_component id="oc-427">
         <name>.text:_xdc_runtime_System_vprintf__E</name>
         <load_address>0x8c88d</load_address>
         <run_address>0x8c88d</run_address>
         <size>0x19</size>
         <input_file_ref idref="fl-2e"/>
      </object_component>
      <object_component id="oc-440">
         <name>.text:_xdc_runtime_Text_printVisFxn__I</name>
         <load_address>0x8c8a6</load_address>
         <run_address>0x8c8a6</run_address>
         <size>0x19</size>
         <input_file_ref idref="fl-30"/>
      </object_component>
      <object_component id="oc-28d">
         <name>.text</name>
         <load_address>0x8c8bf</load_address>
         <run_address>0x8c8bf</run_address>
         <size>0x19</size>
         <input_file_ref idref="fl-4a"/>
      </object_component>
      <object_component id="oc-383">
         <name>.text:_ti_sysbios_family_xxx_Hwi_switchAndRunFunc</name>
         <load_address>0x8c8d8</load_address>
         <run_address>0x8c8d8</run_address>
         <size>0x18</size>
         <input_file_ref idref="fl-20"/>
      </object_component>
      <object_component id="oc-3fe">
         <name>.text:_xdc_runtime_LoggerBuf_Module_startup__E</name>
         <load_address>0x8c8f0</load_address>
         <run_address>0x8c8f0</run_address>
         <size>0x18</size>
         <input_file_ref idref="fl-2b"/>
      </object_component>
      <object_component id="oc-366">
         <name>.text:_xdc_runtime_LoggerBuf_reset__E</name>
         <load_address>0x8c908</load_address>
         <run_address>0x8c908</run_address>
         <size>0x18</size>
         <input_file_ref idref="fl-2b"/>
      </object_component>
      <object_component id="oc-268">
         <name>.text</name>
         <load_address>0x8c920</load_address>
         <run_address>0x8c920</run_address>
         <size>0x18</size>
         <input_file_ref idref="fl-63"/>
      </object_component>
      <object_component id="oc-2ce">
         <name>.text:_ti_sysbios_BIOS_atExitFunc__I</name>
         <load_address>0x8c938</load_address>
         <run_address>0x8c938</run_address>
         <size>0x17</size>
         <input_file_ref idref="fl-13"/>
      </object_component>
      <object_component id="oc-2d1">
         <name>.text:_ti_sysbios_family_c28_Timer_startup__E</name>
         <load_address>0x8c94f</load_address>
         <run_address>0x8c94f</run_address>
         <size>0x17</size>
         <input_file_ref idref="fl-1f"/>
      </object_component>
      <object_component id="oc-3a8">
         <name>.text:_ti_sysbios_heaps_HeapMem_Object__get__S</name>
         <load_address>0x8c966</load_address>
         <run_address>0x8c966</run_address>
         <size>0x17</size>
         <input_file_ref idref="fl-13"/>
      </object_component>
      <object_component id="oc-299">
         <name>.text:_ti_sysbios_knl_Clock_doTick__I</name>
         <load_address>0x8c97d</load_address>
         <run_address>0x8c97d</run_address>
         <size>0x17</size>
         <input_file_ref idref="fl-13"/>
      </object_component>
      <object_component id="oc-418">
         <name>.text:_ti_sysbios_knl_Mailbox_Object__get__S</name>
         <load_address>0x8c994</load_address>
         <run_address>0x8c994</run_address>
         <size>0x17</size>
         <input_file_ref idref="fl-13"/>
      </object_component>
      <object_component id="oc-41c">
         <name>.text:_ti_sysbios_knl_Swi_Object__get__S</name>
         <load_address>0x8c9ab</load_address>
         <run_address>0x8c9ab</run_address>
         <size>0x17</size>
         <input_file_ref idref="fl-13"/>
      </object_component>
      <object_component id="oc-41f">
         <name>.text:_ti_sysbios_knl_Task_Object__get__S</name>
         <load_address>0x8c9c2</load_address>
         <run_address>0x8c9c2</run_address>
         <size>0x17</size>
         <input_file_ref idref="fl-13"/>
      </object_component>
      <object_component id="oc-410">
         <name>.text:_xdc_runtime_LoggerBuf_Object__get__S</name>
         <load_address>0x8c9d9</load_address>
         <run_address>0x8c9d9</run_address>
         <size>0x17</size>
         <input_file_ref idref="fl-13"/>
      </object_component>
      <object_component id="oc-3af">
         <name>.text:_xdc_runtime_Memory_valloc__E</name>
         <load_address>0x8c9f0</load_address>
         <run_address>0x8c9f0</run_address>
         <size>0x17</size>
         <input_file_ref idref="fl-2c"/>
      </object_component>
      <object_component id="oc-402">
         <name>.text:_ti_sysbios_family_c28_Timer_Module_startup__E</name>
         <load_address>0x8ca07</load_address>
         <run_address>0x8ca07</run_address>
         <size>0x16</size>
         <input_file_ref idref="fl-1f"/>
      </object_component>
      <object_component id="oc-374">
         <name>.text:_ti_sysbios_knl_Task_restore__E</name>
         <load_address>0x8ca1d</load_address>
         <run_address>0x8ca1d</run_address>
         <size>0x16</size>
         <input_file_ref idref="fl-1f"/>
      </object_component>
      <object_component id="oc-3f4">
         <name>.text:_xdc_runtime_SysMin_abort__E</name>
         <load_address>0x8ca33</load_address>
         <run_address>0x8ca33</run_address>
         <size>0x16</size>
         <input_file_ref idref="fl-2f"/>
      </object_component>
      <object_component id="oc-405">
         <name>.text:_ti_sysbios_knl_Swi_Module_startup__E</name>
         <load_address>0x8ca49</load_address>
         <run_address>0x8ca49</run_address>
         <size>0x15</size>
         <input_file_ref idref="fl-1f"/>
      </object_component>
      <object_component id="oc-2ec">
         <name>.text:_ti_sysbios_knl_Idle_run__E</name>
         <load_address>0x8ca5e</load_address>
         <run_address>0x8ca5e</run_address>
         <size>0x14</size>
         <input_file_ref idref="fl-1f"/>
      </object_component>
      <object_component id="oc-3db">
         <name>.text:_ti_sysbios_BIOS_errorRaiseHook__I</name>
         <load_address>0x8ca72</load_address>
         <run_address>0x8ca72</run_address>
         <size>0x13</size>
         <input_file_ref idref="fl-13"/>
      </object_component>
      <object_component id="oc-2ea">
         <name>.text:_ti_sysbios_gates_GateMutex_Object__delete__S</name>
         <load_address>0x8ca85</load_address>
         <run_address>0x8ca85</run_address>
         <size>0x13</size>
         <input_file_ref idref="fl-13"/>
      </object_component>
      <object_component id="oc-29f">
         <name>.text:_xdc_runtime_Error_raiseX__E</name>
         <load_address>0x8ca98</load_address>
         <run_address>0x8ca98</run_address>
         <size>0x13</size>
         <input_file_ref idref="fl-29"/>
      </object_component>
      <object_component id="oc-358">
         <name>.text:_xdc_runtime_Text_cordText__E</name>
         <load_address>0x8caab</load_address>
         <run_address>0x8caab</run_address>
         <size>0x13</size>
         <input_file_ref idref="fl-30"/>
      </object_component>
      <object_component id="oc-454">
         <name>.text:_ti_sysbios_family_c28_Hwi_disableIER__E</name>
         <load_address>0x8cabe</load_address>
         <run_address>0x8cabe</run_address>
         <size>0x12</size>
         <input_file_ref idref="fl-13"/>
      </object_component>
      <object_component id="oc-2ac">
         <name>.text:_ti_sysbios_gates_GateHwi_Object__delete__S</name>
         <load_address>0x8cad0</load_address>
         <run_address>0x8cad0</run_address>
         <size>0x12</size>
         <input_file_ref idref="fl-13"/>
      </object_component>
      <object_component id="oc-2b4">
         <name>.text:_ti_sysbios_heaps_HeapMem_Object__delete__S</name>
         <load_address>0x8cae2</load_address>
         <run_address>0x8cae2</run_address>
         <size>0x12</size>
         <input_file_ref idref="fl-13"/>
      </object_component>
      <object_component id="oc-403">
         <name>.text:_ti_sysbios_knl_Clock_Module_startup__E</name>
         <load_address>0x8caf4</load_address>
         <run_address>0x8caf4</run_address>
         <size>0x12</size>
         <input_file_ref idref="fl-1f"/>
      </object_component>
      <object_component id="oc-2cc">
         <name>.text:_xdc_runtime_LoggerBuf_Object__delete__S</name>
         <load_address>0x8cb06</load_address>
         <run_address>0x8cb06</run_address>
         <size>0x12</size>
         <input_file_ref idref="fl-13"/>
      </object_component>
      <object_component id="oc-2ad">
         <name>.text:_ti_sysbios_gates_GateHwi_Handle__label__S</name>
         <load_address>0x8cb18</load_address>
         <run_address>0x8cb18</run_address>
         <size>0x11</size>
         <input_file_ref idref="fl-13"/>
      </object_component>
      <object_component id="oc-2eb">
         <name>.text:_ti_sysbios_gates_GateMutex_Handle__label__S</name>
         <load_address>0x8cb29</load_address>
         <run_address>0x8cb29</run_address>
         <size>0x11</size>
         <input_file_ref idref="fl-13"/>
      </object_component>
      <object_component id="oc-2b5">
         <name>.text:_ti_sysbios_heaps_HeapMem_Handle__label__S</name>
         <load_address>0x8cb3a</load_address>
         <run_address>0x8cb3a</run_address>
         <size>0x11</size>
         <input_file_ref idref="fl-13"/>
      </object_component>
      <object_component id="oc-2cd">
         <name>.text:_xdc_runtime_LoggerBuf_Handle__label__S</name>
         <load_address>0x8cb4b</load_address>
         <run_address>0x8cb4b</run_address>
         <size>0x11</size>
         <input_file_ref idref="fl-13"/>
      </object_component>
      <object_component id="oc-326">
         <name>.text:_ti_sysbios_BIOS_rtsLock__I</name>
         <load_address>0x8cb5c</load_address>
         <run_address>0x8cb5c</run_address>
         <size>0x10</size>
         <input_file_ref idref="fl-13"/>
      </object_component>
      <object_component id="oc-3c4">
         <name>.text:_ti_sysbios_family_c28_Hwi_enableIER__E</name>
         <load_address>0x8cb6c</load_address>
         <run_address>0x8cb6c</run_address>
         <size>0x10</size>
         <input_file_ref idref="fl-13"/>
      </object_component>
      <object_component id="oc-42c">
         <name>.text:_ti_sysbios_family_c28_Timer_stop__E</name>
         <load_address>0x8cb7c</load_address>
         <run_address>0x8cb7c</run_address>
         <size>0x10</size>
         <input_file_ref idref="fl-1f"/>
      </object_component>
      <object_component id="oc-453">
         <name>.text:_ti_sysbios_knl_Task_restoreHwi__E</name>
         <load_address>0x8cb8c</load_address>
         <run_address>0x8cb8c</run_address>
         <size>0x10</size>
         <input_file_ref idref="fl-1f"/>
      </object_component>
      <object_component id="oc-400">
         <name>.text:_xdc_runtime_SysMin_Module_startup__E</name>
         <load_address>0x8cb9c</load_address>
         <run_address>0x8cb9c</run_address>
         <size>0x10</size>
         <input_file_ref idref="fl-2f"/>
      </object_component>
      <object_component id="oc-296">
         <name>.text:_ti_sysbios_BIOS_startFunc__I</name>
         <load_address>0x8cbac</load_address>
         <run_address>0x8cbac</run_address>
         <size>0xf</size>
         <input_file_ref idref="fl-13"/>
      </object_component>
      <object_component id="oc-341">
         <name>.text:_ti_sysbios_gates_GateMutex_Instance_init__E</name>
         <load_address>0x8cbbb</load_address>
         <run_address>0x8cbbb</run_address>
         <size>0xf</size>
         <input_file_ref idref="fl-1f"/>
      </object_component>
      <object_component id="oc-3d9">
         <name>.text:_ti_sysbios_knl_Semaphore_Object__destruct__S</name>
         <load_address>0x8cbca</load_address>
         <run_address>0x8cbca</run_address>
         <size>0xf</size>
         <input_file_ref idref="fl-13"/>
      </object_component>
      <object_component id="oc-2c6">
         <name>.text:_xdc_runtime_LoggerBuf_write2__E</name>
         <load_address>0x8cbd9</load_address>
         <run_address>0x8cbd9</run_address>
         <size>0xf</size>
         <input_file_ref idref="fl-2b"/>
      </object_component>
      <object_component id="oc-43e">
         <name>.text:_xdc_runtime_Registry_findById__E</name>
         <load_address>0x8cbe8</load_address>
         <run_address>0x8cbe8</run_address>
         <size>0xf</size>
         <input_file_ref idref="fl-33"/>
      </object_component>
      <object_component id="oc-44d">
         <name>.text:_xdc_runtime_Text_visitRope__I</name>
         <load_address>0x8cbf7</load_address>
         <run_address>0x8cbf7</run_address>
         <size>0xf</size>
         <input_file_ref idref="fl-13"/>
      </object_component>
      <object_component id="oc-363">
         <name>.text:_ti_sysbios_family_c28_f2837x_TimestampProvider_get64__E</name>
         <load_address>0x8cc06</load_address>
         <run_address>0x8cc06</run_address>
         <size>0xe</size>
         <input_file_ref idref="fl-1f"/>
      </object_component>
      <object_component id="oc-40a">
         <name>.text:_ti_sysbios_knl_Queue_Object__destruct__S</name>
         <load_address>0x8cc14</load_address>
         <run_address>0x8cc14</run_address>
         <size>0xe</size>
         <input_file_ref idref="fl-13"/>
      </object_component>
      <object_component id="oc-3e7">
         <name>.text:_xdc_runtime_IHeap_alloc</name>
         <load_address>0x8cc22</load_address>
         <run_address>0x8cc22</run_address>
         <size>0xe</size>
         <input_file_ref idref="fl-13"/>
      </object_component>
      <object_component id="oc-259">
         <name>.text</name>
         <load_address>0x8cc30</load_address>
         <run_address>0x8cc30</run_address>
         <size>0xe</size>
         <input_file_ref idref="fl-60"/>
      </object_component>
      <object_component id="oc-2d0">
         <name>.text:_ti_sysbios_BIOS_registerRTSLock__I</name>
         <load_address>0x8cc3e</load_address>
         <run_address>0x8cc3e</run_address>
         <size>0xd</size>
         <input_file_ref idref="fl-13"/>
      </object_component>
      <object_component id="oc-2d5">
         <name>.text:_ti_sysbios_BIOS_removeRTSLock__I</name>
         <load_address>0x8cc4b</load_address>
         <run_address>0x8cc4b</run_address>
         <size>0xd</size>
         <input_file_ref idref="fl-13"/>
      </object_component>
      <object_component id="oc-444">
         <name>.text:_ti_sysbios_family_c28_Hwi_dispatchC__I</name>
         <load_address>0x8cc58</load_address>
         <run_address>0x8cc58</run_address>
         <size>0xd</size>
         <input_file_ref idref="fl-1f"/>
      </object_component>
      <object_component id="oc-3c8">
         <name>.text:_ti_sysbios_family_c28_Hwi_restoreIER__E</name>
         <load_address>0x8cc65</load_address>
         <run_address>0x8cc65</run_address>
         <size>0xd</size>
         <input_file_ref idref="fl-13"/>
      </object_component>
      <object_component id="oc-437">
         <name>.text:_ti_sysbios_knl_Task_SupportProxy_start__E</name>
         <load_address>0x8cc72</load_address>
         <run_address>0x8cc72</run_address>
         <size>0xd</size>
         <input_file_ref idref="fl-13"/>
      </object_component>
      <object_component id="oc-436">
         <name>.text:_ti_sysbios_knl_Task_enter__I</name>
         <load_address>0x8cc7f</load_address>
         <run_address>0x8cc7f</run_address>
         <size>0xd</size>
         <input_file_ref idref="fl-1f"/>
      </object_component>
      <object_component id="oc-2c4">
         <name>.text:_xdc_runtime_LoggerBuf_write0__E</name>
         <load_address>0x8cc8c</load_address>
         <run_address>0x8cc8c</run_address>
         <size>0xd</size>
         <input_file_ref idref="fl-2b"/>
      </object_component>
      <object_component id="oc-2c5">
         <name>.text:_xdc_runtime_LoggerBuf_write1__E</name>
         <load_address>0x8cc99</load_address>
         <run_address>0x8cc99</run_address>
         <size>0xd</size>
         <input_file_ref idref="fl-2b"/>
      </object_component>
      <object_component id="oc-3bc">
         <name>.text:_xdc_runtime_Memory_HeapProxy_alloc__E</name>
         <load_address>0x8cca6</load_address>
         <run_address>0x8cca6</run_address>
         <size>0xd</size>
         <input_file_ref idref="fl-13"/>
      </object_component>
      <object_component id="oc-3a5">
         <name>.text:_xdc_runtime_System_abort__E</name>
         <load_address>0x8ccb3</load_address>
         <run_address>0x8ccb3</run_address>
         <size>0xd</size>
         <input_file_ref idref="fl-2e"/>
      </object_component>
      <object_component id="oc-3ba">
         <name>.text</name>
         <load_address>0x8ccc0</load_address>
         <run_address>0x8ccc0</run_address>
         <size>0xd</size>
         <input_file_ref idref="fl-55"/>
      </object_component>
      <object_component id="oc-297">
         <name>.text:_ti_sysbios_BIOS_exitFunc__I</name>
         <load_address>0x8cccd</load_address>
         <run_address>0x8cccd</run_address>
         <size>0xc</size>
         <input_file_ref idref="fl-13"/>
      </object_component>
      <object_component id="oc-2e8">
         <name>.text:_ti_sysbios_gates_GateMutex_leave__E</name>
         <load_address>0x8ccd9</load_address>
         <run_address>0x8ccd9</run_address>
         <size>0xc</size>
         <input_file_ref idref="fl-1f"/>
      </object_component>
      <object_component id="oc-3d2">
         <name>.text:_ti_sysbios_knl_Queue_put__E</name>
         <load_address>0x8cce5</load_address>
         <run_address>0x8cce5</run_address>
         <size>0xc</size>
         <input_file_ref idref="fl-1f"/>
      </object_component>
      <object_component id="oc-391">
         <name>.text:_ti_sysbios_knl_Task_enabled__E</name>
         <load_address>0x8ccf1</load_address>
         <run_address>0x8ccf1</run_address>
         <size>0xc</size>
         <input_file_ref idref="fl-1f"/>
      </object_component>
      <object_component id="oc-31d">
         <name>.text:_xdc_runtime_Error_check__E</name>
         <load_address>0x8ccfd</load_address>
         <run_address>0x8ccfd</run_address>
         <size>0xc</size>
         <input_file_ref idref="fl-29"/>
      </object_component>
      <object_component id="oc-40d">
         <name>.text:_xdc_runtime_System_aprintf__E</name>
         <load_address>0x8cd09</load_address>
         <run_address>0x8cd09</run_address>
         <size>0xc</size>
         <input_file_ref idref="fl-13"/>
      </object_component>
      <object_component id="oc-40e">
         <name>.text:_xdc_runtime_System_printf__E</name>
         <load_address>0x8cd15</load_address>
         <run_address>0x8cd15</run_address>
         <size>0xc</size>
         <input_file_ref idref="fl-13"/>
      </object_component>
      <object_component id="oc-356">
         <name>.text</name>
         <load_address>0x8cd21</load_address>
         <run_address>0x8cd21</run_address>
         <size>0xc</size>
         <input_file_ref idref="fl-4b"/>
      </object_component>
      <object_component id="oc-3b8">
         <name>.text</name>
         <load_address>0x8cd2d</load_address>
         <run_address>0x8cd2d</run_address>
         <size>0xc</size>
         <input_file_ref idref="fl-56"/>
      </object_component>
      <object_component id="oc-44c">
         <name>.text:_ti_sysbios_family_c28_Hwi_Module__startupDone__F</name>
         <load_address>0x8cd39</load_address>
         <run_address>0x8cd39</run_address>
         <size>0xb</size>
         <input_file_ref idref="fl-13"/>
      </object_component>
      <object_component id="oc-446">
         <name>.text:_ti_sysbios_family_c28_Timer_Module__startupDone__F</name>
         <load_address>0x8cd44</load_address>
         <run_address>0x8cd44</run_address>
         <size>0xb</size>
         <input_file_ref idref="fl-13"/>
      </object_component>
      <object_component id="oc-439">
         <name>.text:_ti_sysbios_knl_Task_unblock__E</name>
         <load_address>0x8cd4f</load_address>
         <run_address>0x8cd4f</run_address>
         <size>0xb</size>
         <input_file_ref idref="fl-1f"/>
      </object_component>
      <object_component id="oc-31e">
         <name>.text:_xdc_runtime_LoggerBuf_Instance_finalize__E</name>
         <load_address>0x8cd5a</load_address>
         <run_address>0x8cd5a</run_address>
         <size>0xb</size>
         <input_file_ref idref="fl-2b"/>
      </object_component>
      <object_component id="oc-2f1">
         <name>.text:_xdc_runtime_Startup_exec__I</name>
         <load_address>0x8cd65</load_address>
         <run_address>0x8cd65</run_address>
         <size>0xb</size>
         <input_file_ref idref="fl-13"/>
      </object_component>
      <object_component id="oc-34c">
         <name>.text:_xdc_runtime_SysMin_exit__E</name>
         <load_address>0x8cd70</load_address>
         <run_address>0x8cd70</run_address>
         <size>0xb</size>
         <input_file_ref idref="fl-2f"/>
      </object_component>
      <object_component id="oc-28e">
[...]
         <object_component_ref idref="oc-366"/>
      </symbol>
      <symbol id="sm-d36">
         <name>_xdc_runtime_LoggerBuf_Instance_finalize__E</name>
         <value>0x8cd5a</value>
         <object_component_ref idref="oc-31e"/>
      </symbol>
      <symbol id="sm-d37">
         <name>_xdc_runtime_LoggerBuf_write4__E</name>
         <value>0x8b0ea</value>
         <object_component_ref idref="oc-2c7"/>
      </symbol>
      <symbol id="sm-d38">
         <name>_xdc_runtime_LoggerBuf_getFilterLevel__E</name>
         <value>0x8bed3</value>
         <object_component_ref idref="oc-2ca"/>
      </symbol>
      <symbol id="sm-d39">
         <name>_xdc_runtime_LoggerBuf_disable__E</name>
         <value>0x8cf05</value>
         <object_component_ref idref="oc-2c3"/>
      </symbol>
      <symbol id="sm-d3a">
         <name>_xdc_runtime_LoggerBuf_setFilterLevel__E</name>
         <value>0x8bf10</value>
         <object_component_ref idref="oc-2c9"/>
      </symbol>
      <symbol id="sm-d3b">
         <name>_xdc_runtime_LoggerBuf_write8__E</name>
         <value>0x8a826</value>
         <object_component_ref idref="oc-2c8"/>
      </symbol>
      <symbol id="sm-d3c">
         <name>_xdc_runtime_LoggerBuf_write2__E</name>
         <value>0x8cbd9</value>
         <object_component_ref idref="oc-2c6"/>
      </symbol>
      <symbol id="sm-d3d">
         <name>_LoggerBuf_instanceStartup</name>
         <value>0x8c908</value>
         <object_component_ref idref="oc-366"/>
      </symbol>
      <symbol id="sm-d3e">
         <name>_xdc_runtime_LoggerBuf_filterOutEvent__I</name>
         <value>0x8c521</value>
         <object_component_ref idref="oc-312"/>
      </symbol>
      <symbol id="sm-d3f">
         <name>_xdc_runtime_LoggerBuf_write1__E</name>
         <value>0x8cc99</value>
         <object_component_ref idref="oc-2c5"/>
      </symbol>
      <symbol id="sm-d40">
         <name>_xdc_runtime_LoggerBuf_enable__E</name>
         <value>0x8ced3</value>
         <object_component_ref idref="oc-2c2"/>
      </symbol>
      <symbol id="sm-d5c">
         <name>_xdc_runtime_Memory_calloc__E</name>
         <value>0x8ce28</value>
         <object_component_ref idref="oc-355"/>
      </symbol>
      <symbol id="sm-d5d">
         <name>_xdc_runtime_Memory_free__E</name>
         <value>0x8cda5</value>
         <object_component_ref idref="oc-357"/>
      </symbol>
      <symbol id="sm-d5e">
         <name>_xdc_runtime_Memory_valloc__E</name>
         <value>0x8c9f0</value>
         <object_component_ref idref="oc-3af"/>
      </symbol>
      <symbol id="sm-d5f">
         <name>_xdc_runtime_Memory_alloc__E</name>
         <value>0x8bb42</value>
         <object_component_ref idref="oc-365"/>
      </symbol>
      <symbol id="sm-d60">
         <name>_xdc_runtime_Memory_getMaxDefaultTypeAlign__E</name>
         <value>0x8cf1b</value>
         <object_component_ref idref="oc-3bb"/>
      </symbol>
      <symbol id="sm-d81">
         <name>_xdc_runtime_Startup_startMods__I</name>
         <value>0x8b588</value>
         <object_component_ref idref="oc-3ab"/>
      </symbol>
      <symbol id="sm-d82">
         <name>_xdc_runtime_Startup_exec__E</name>
         <value>0x8c12c</value>
         <object_component_ref idref="oc-28c"/>
      </symbol>
      <symbol id="sm-e07">
         <name>_xdc_runtime_System_formatNum__I</name>
         <value>0x8bddb</value>
         <object_component_ref idref="oc-450"/>
      </symbol>
      <symbol id="sm-e08">
         <name>_xdc_runtime_System_exit__E</name>
         <value>0x8cd7b</value>
         <object_component_ref idref="oc-28e"/>
      </symbol>
      <symbol id="sm-e09">
         <name>_xdc_runtime_System_exitStd__E</name>
         <value>0x8cf55</value>
         <object_component_ref idref="oc-2f4"/>
      </symbol>
      <symbol id="sm-e0a">
         <name>_xdc_runtime_System_printf_va__F</name>
         <value>0x8c88d</value>
         <object_component_ref idref="oc-427"/>
      </symbol>
      <symbol id="sm-e0b">
         <name>_xdc_runtime_System_atexit__E</name>
         <value>0x8c542</value>
         <object_component_ref idref="oc-2cf"/>
      </symbol>
      <symbol id="sm-e0c">
         <name>_xdc_runtime_System_abortStd__E</name>
         <value>0x8cf52</value>
         <object_component_ref idref="oc-3f5"/>
      </symbol>
      <symbol id="sm-e0d">
         <name>_xdc_runtime_System_putchar__I</name>
         <value>0x8c7dd</value>
         <object_component_ref idref="oc-451"/>
      </symbol>
      <symbol id="sm-e0e">
         <name>_xdc_runtime_System_snprintf_va__F</name>
         <value>0x8cdaf</value>
         <object_component_ref idref="oc-441"/>
      </symbol>
      <symbol id="sm-e0f">
         <name>_xdc_runtime_System_Module_startup__E</name>
         <value>0x8cf4c</value>
         <object_component_ref idref="oc-3ff"/>
      </symbol>
      <symbol id="sm-e10">
         <name>_xdc_runtime_System_avprintf__E</name>
         <value>0x8c7c3</value>
         <object_component_ref idref="oc-426"/>
      </symbol>
      <symbol id="sm-e11">
         <name>_xdc_runtime_System_vprintf__E</name>
         <value>0x8c88d</value>
         <object_component_ref idref="oc-427"/>
      </symbol>
      <symbol id="sm-e12">
         <name>_xdc_runtime_System_aprintf_va__F</name>
         <value>0x8c7c3</value>
         <object_component_ref idref="oc-426"/>
      </symbol>
      <symbol id="sm-e13">
         <name>_xdc_runtime_System_doPrint__I</name>
         <value>0x89615</value>
         <object_component_ref idref="oc-443"/>
      </symbol>
      <symbol id="sm-e14">
         <name>_xdc_runtime_System_processAtExit__E</name>
         <value>0x8c472</value>
         <object_component_ref idref="oc-2a5"/>
      </symbol>
      <symbol id="sm-e15">
         <name>_xdc_runtime_System_vsnprintf__E</name>
         <value>0x8cdaf</value>
         <object_component_ref idref="oc-441"/>
      </symbol>
      <symbol id="sm-e16">
         <name>_xdc_runtime_System_abort__E</name>
         <value>0x8ccb3</value>
         <object_component_ref idref="oc-3a5"/>
      </symbol>
      <symbol id="sm-e36">
         <name>_xdc_runtime_SysMin_abort__E</name>
         <value>0x8ca33</value>
         <object_component_ref idref="oc-3f4"/>
      </symbol>
      <symbol id="sm-e37">
         <name>_xdc_runtime_SysMin_ready__E</name>
         <value>0x8ce30</value>
         <object_component_ref idref="oc-44e"/>
      </symbol>
      <symbol id="sm-e38">
         <name>_xdc_runtime_SysMin_flush__E</name>
         <value>0x8c3ab</value>
         <object_component_ref idref="oc-3ae"/>
      </symbol>
      <symbol id="sm-e39">
         <name>_xdc_runtime_SysMin_Module_startup__E</name>
         <value>0x8cb9c</value>
         <object_component_ref idref="oc-400"/>
      </symbol>
      <symbol id="sm-e3a">
         <name>_xdc_runtime_SysMin_putch__E</name>
         <value>0x8c620</value>
         <object_component_ref idref="oc-3fd"/>
      </symbol>
      <symbol id="sm-e3b">
         <name>_xdc_runtime_SysMin_exit__E</name>
         <value>0x8cd70</value>
         <object_component_ref idref="oc-34c"/>
      </symbol>
      <symbol id="sm-e82">
         <name>_xdc_runtime_Text_putLab__E</name>
         <value>0x8bbea</value>
         <object_component_ref idref="oc-45f"/>
      </symbol>
      <symbol id="sm-e83">
         <name>_xdc_runtime_Text_printVisFxn__I</name>
         <value>0x8c8a6</value>
         <object_component_ref idref="oc-440"/>
      </symbol>
      <symbol id="sm-e84">
         <name>_xdc_runtime_Text_putMod__E</name>
         <value>0x8be58</value>
         <object_component_ref idref="oc-424"/>
      </symbol>
      <symbol id="sm-e85">
         <name>_xdc_runtime_Text_cordText__E</name>
         <value>0x8caab</value>
         <object_component_ref idref="oc-358"/>
      </symbol>
      <symbol id="sm-e86">
         <name>_xdc_runtime_Text_xprintf__I</name>
         <value>0x8c3d4</value>
         <object_component_ref idref="oc-425"/>
      </symbol>
      <symbol id="sm-e87">
         <name>_xdc_runtime_Text_visitRope2__I</name>
         <value>0x8c0fa</value>
         <object_component_ref idref="oc-458"/>
      </symbol>
      <symbol id="sm-e88">
         <name>_xdc_runtime_Text_ropeText__E</name>
         <value>0x8cdb9</value>
         <object_component_ref idref="oc-35d"/>
      </symbol>
      <symbol id="sm-e89">
         <name>_xdc_runtime_Text_putSite__E</name>
         <value>0x8b759</value>
         <object_component_ref idref="oc-40c"/>
      </symbol>
      <symbol id="sm-e96">
         <name>___xdc__init</name>
         <value>0x8cf22</value>
         <object_component_ref idref="oc-28f"/>
      </symbol>
      <symbol id="sm-eb8">
         <name>_xdc_runtime_Registry_findById__E</name>
         <value>0x8cbe8</value>
         <object_component_ref idref="oc-43e"/>
      </symbol>
      <symbol id="sm-ed2">
         <name>_c_int00</name>
         <value>0x8b96e</value>
         <object_component_ref idref="oc-84"/>
      </symbol>
      <symbol id="sm-ed3">
         <name>__stack</name>
         <value>0x8000</value>
         <object_component_ref idref="oc-1af"/>
      </symbol>
      <symbol id="sm-eeb">
         <name>_ti_catalog_c2800_initF2837x_Boot_initFlash</name>
         <value>0xb000</value>
         <object_component_ref idref="oc-3a9"/>
      </symbol>
      <symbol id="sm-eec">
         <name>_ti_catalog_c2800_initF2837x_Boot_defaultLimpAbortFunction</name>
         <value>0x8afc7</value>
         <object_component_ref idref="oc-3a6"/>
      </symbol>
      <symbol id="sm-eed">
         <name>_ti_catalog_c2800_initF2837x_Boot_configurePllDivs</name>
         <value>0x8bd11</value>
         <object_component_ref idref="oc-2ee"/>
      </symbol>
      <symbol id="sm-eee">
         <name>_ti_catalog_c2800_initF2837x_Boot_initSharedRAMs</name>
         <value>0x8cdf0</value>
         <object_component_ref idref="oc-2ef"/>
      </symbol>
      <symbol id="sm-eff">
         <name>FS$$DIV</name>
         <value>0x8b200</value>
         <object_component_ref idref="oc-1b9"/>
      </symbol>
      <symbol id="sm-f2b">
         <name>ULL$$MOD</name>
         <value>0x8a41d</value>
         <object_component_ref idref="oc-1be"/>
      </symbol>
      <symbol id="sm-f2c">
         <name>ULL$$DIV</name>
         <value>0x8a3ee</value>
         <object_component_ref idref="oc-1be"/>
      </symbol>
      <symbol id="sm-f2d">
         <name>LL$$MOD</name>
         <value>0x8a3b4</value>
         <object_component_ref idref="oc-1be"/>
      </symbol>
      <symbol id="sm-f2e">
         <name>LL$$DIV</name>
         <value>0x8a378</value>
         <object_component_ref idref="oc-1be"/>
      </symbol>
      <symbol id="sm-f3c">
         <name>I$$MOD</name>
         <value>0x8c4ef</value>
         <object_component_ref idref="oc-1c3"/>
      </symbol>
      <symbol id="sm-f3d">
         <name>I$$DIV</name>
         <value>0x8c4de</value>
         <object_component_ref idref="oc-1c3"/>
      </symbol>
      <symbol id="sm-f49">
         <name>U$$MOD</name>
         <value>0x8cd8b</value>
         <object_component_ref idref="oc-1c8"/>
      </symbol>
      <symbol id="sm-f4a">
         <name>U$$DIV</name>
         <value>0x8cd86</value>
         <object_component_ref idref="oc-1c8"/>
      </symbol>
      <symbol id="sm-f56">
         <name>UL$$MOD</name>
         <value>0x8c3a5</value>
         <object_component_ref idref="oc-1cd"/>
      </symbol>
      <symbol id="sm-f57">
         <name>L$$MOD</name>
         <value>0x8c390</value>
         <object_component_ref idref="oc-1cd"/>
      </symbol>
      <symbol id="sm-f58">
         <name>L$$DIV</name>
         <value>0x8c381</value>
         <object_component_ref idref="oc-1cd"/>
      </symbol>
      <symbol id="sm-f59">
         <name>UL$$DIV</name>
         <value>0x8c39e</value>
         <object_component_ref idref="oc-1cd"/>
      </symbol>
      <symbol id="sm-f68">
         <name>_copy_in</name>
         <value>0x8c496</value>
         <object_component_ref idref="oc-28b"/>
      </symbol>
      <symbol id="sm-f79">
         <name>_memcpy</name>
         <value>0x8c65c</value>
         <object_component_ref idref="oc-2a1"/>
      </symbol>
      <symbol id="sm-f8d">
         <name>C$$EXIT</name>
         <value>0x8c3fd</value>
         <object_component_ref idref="oc-34d"/>
      </symbol>
      <symbol id="sm-f8e">
         <name>_exit</name>
         <value>0x8c3ff</value>
         <object_component_ref idref="oc-34d"/>
      </symbol>
      <symbol id="sm-f8f">
         <name>___TI_cleanup_ptr</name>
         <value>0xef3a</value>
         <object_component_ref idref="oc-1de"/>
      </symbol>
      <symbol id="sm-f90">
         <name>___TI_enable_exit_profile_output</name>
         <value>0xef38</value>
         <object_component_ref idref="oc-1de"/>
      </symbol>
      <symbol id="sm-f91">
         <name>_abort</name>
         <value>0x8c3fd</value>
         <object_component_ref idref="oc-34d"/>
      </symbol>
      <symbol id="sm-f92">
         <name>___TI_dtors_ptr</name>
         <value>0xef3c</value>
         <object_component_ref idref="oc-1de"/>
      </symbol>
      <symbol id="sm-fa6">
         <name>__unlock</name>
         <value>0x10058</value>
         <object_component_ref idref="oc-368"/>
      </symbol>
      <symbol id="sm-fa7">
         <name>__lock</name>
         <value>0xef3e</value>
         <object_component_ref idref="oc-369"/>
      </symbol>
      <symbol id="sm-fa8">
         <name>__register_lock</name>
         <value>0x8cde2</value>
         <object_component_ref idref="oc-321"/>
      </symbol>
      <symbol id="sm-fa9">
         <name>__nop</name>
         <value>0x8cde6</value>
         <object_component_ref idref="oc-321"/>
      </symbol>
      <symbol id="sm-faa">
         <name>__register_unlock</name>
         <value>0x8cdde</value>
         <object_component_ref idref="oc-321"/>
      </symbol>
      <symbol id="sm-fb9">
         <name>__args_main</name>
         <value>0x8c8bf</value>
         <object_component_ref idref="oc-28d"/>
      </symbol>
      <symbol id="sm-fc7">
         <name>_memset</name>
         <value>0x8cd21</value>
         <object_component_ref idref="oc-356"/>
      </symbol>
      <symbol id="sm-fdd">
         <name>_strlen</name>
         <value>0x8ce38</value>
         <object_component_ref idref="oc-30b"/>
      </symbol>
      <symbol id="sm-fea">
         <name>_HOSTwrite</name>
         <value>0x8bfbe</value>
         <object_component_ref idref="oc-408"/>
      </symbol>
      <symbol id="sm-1003">
         <name>___TI_readmsg</name>
         <value>0x8b020</value>
         <object_component_ref idref="oc-423"/>
      </symbol>
      <symbol id="sm-1004">
         <name>C$$IO$$</name>
         <value>0x8b01b</value>
         <object_component_ref idref="oc-423"/>
      </symbol>
      <symbol id="sm-1005">
         <name>__CIOBUF_</name>
         <value>0x8c00</value>
         <object_component_ref idref="oc-202"/>
      </symbol>
      <symbol id="sm-1006">
         <name>___TI_writemsg</name>
         <value>0x8afc8</value>
         <object_component_ref idref="oc-423"/>
      </symbol>
      <symbol id="sm-1014">
         <name>_vsprintf</name>
         <value>0x8c1be</value>
         <object_component_ref idref="oc-30a"/>
      </symbol>
      <symbol id="sm-1140">
         <name>___TI_printfi</name>
         <value>0x88ae2</value>
         <object_component_ref idref="oc-362"/>
      </symbol>
      <symbol id="sm-1154">
         <name>_atoi</name>
         <value>0x8c15d</value>
         <object_component_ref idref="oc-3b4"/>
      </symbol>
      <symbol id="sm-115c">
         <name>__ctypes_</name>
         <value>0x83922</value>
         <object_component_ref idref="oc-3e5"/>
      </symbol>
      <symbol id="sm-116a">
         <name>_ltoa</name>
         <value>0x8c278</value>
         <object_component_ref idref="oc-3b5"/>
      </symbol>
      <symbol id="sm-1179">
         <name>_memccpy</name>
         <value>0x8ccc0</value>
         <object_component_ref idref="oc-3ba"/>
      </symbol>
      <symbol id="sm-1188">
         <name>_strchr</name>
         <value>0x8cd2d</value>
         <object_component_ref idref="oc-3b8"/>
      </symbol>
      <symbol id="sm-1195">
         <name>_strcpy</name>
         <value>0x8cf0a</value>
         <object_component_ref idref="oc-3b9"/>
      </symbol>
      <symbol id="sm-11a1">
         <name>_parmbuf</name>
         <value>0xef30</value>
         <object_component_ref idref="oc-22f"/>
      </symbol>
      <symbol id="sm-11b4">
         <name>_frexpl</name>
         <value>0x8ba91</value>
         <object_component_ref idref="oc-3b6"/>
      </symbol>
      <symbol id="sm-11d1">
         <name>_scalbnl</name>
         <value>0x8aa7b</value>
         <object_component_ref idref="oc-3b7"/>
      </symbol>
      <symbol id="sm-11d2">
         <name>_ldexpl</name>
         <value>0x8aa7b</value>
         <object_component_ref idref="oc-3b7"/>
      </symbol>
      <symbol id="sm-11ed">
         <name>FD$$ADD</name>
         <value>0x8ae90</value>
         <object_component_ref idref="oc-240"/>
      </symbol>
      <symbol id="sm-11fd">
         <name>FD$$CMP</name>
         <value>0x8c357</value>
         <object_component_ref idref="oc-245"/>
      </symbol>
      <symbol id="sm-1214">
         <name>FD$$DIV</name>
         <value>0x8b175</value>
         <object_component_ref idref="oc-24a"/>
      </symbol>
      <symbol id="sm-1226">
         <name>FD$$MPY</name>
         <value>0x8b288</value>
         <object_component_ref idref="oc-24f"/>
      </symbol>
      <symbol id="sm-1233">
         <name>FD$$NEG</name>
         <value>0x8cde7</value>
         <object_component_ref idref="oc-254"/>
      </symbol>
      <symbol id="sm-123f">
         <name>FD$$SUB</name>
         <value>0x8cc30</value>
         <object_component_ref idref="oc-259"/>
      </symbol>
      <symbol id="sm-124e">
         <name>FD$$TOI</name>
         <value>0x8c563</value>
         <object_component_ref idref="oc-25e"/>
      </symbol>
      <symbol id="sm-125d">
         <name>FD$$TOL</name>
         <value>0x8c601</value>
         <object_component_ref idref="oc-263"/>
      </symbol>
      <symbol id="sm-1269">
         <name>LL$$AND</name>
         <value>0x8c920</value>
         <object_component_ref idref="oc-268"/>
      </symbol>
      <symbol id="sm-126a">
         <name>LL$$OR</name>
         <value>0x8c928</value>
         <object_component_ref idref="oc-268"/>
      </symbol>
      <symbol id="sm-126b">
         <name>LL$$XOR</name>
         <value>0x8c930</value>
         <object_component_ref idref="oc-268"/>
      </symbol>
      <symbol id="sm-1279">
         <name>ULL$$CMP</name>
         <value>0x8c650</value>
         <object_component_ref idref="oc-26d"/>
      </symbol>
      <symbol id="sm-127a">
         <name>LL$$CMP</name>
         <value>0x8c63e</value>
         <object_component_ref idref="oc-26d"/>
      </symbol>
      <symbol id="sm-128a">
         <name>I$$TOFD</name>
         <value>0x8c697</value>
         <object_component_ref idref="oc-272"/>
      </symbol>
      <symbol id="sm-129a">
         <name>L$$TOFD</name>
         <value>0x8c6ec</value>
         <object_component_ref idref="oc-277"/>
      </symbol>
      <symbol id="sm-12aa">
         <name>FS$$TOFD</name>
         <value>0x8c6d0</value>
         <object_component_ref idref="oc-27c"/>
      </symbol>
      <symbol id="sm-12b4">
         <name>_errno</name>
         <value>0x10043</value>
         <object_component_ref idref="oc-283"/>
      </symbol>
      <symbol id="sm-12c1">
         <name>_copysignl</name>
         <value>0x8c4ba</value>
         <object_component_ref idref="oc-3e6"/>
      </symbol>
   </symbol_table>
   <title>Link successful</title>
</link_info>
